---
http_interactions:
- request:
    method: get
    uri: https://first-mate-be-1f1d4528b074.herokuapp.com/api/v1/campaigns/1/items
    body:
      encoding: US-ASCII
      string: ''
    headers:
      Content-Type:
      - application/json
      User-Agent:
      - Faraday v2.9.0
      Accept-Encoding:
      - gzip;q=1.0,deflate;q=0.6,identity;q=0.3
      Accept:
      - "*/*"
  response:
    status:
      code: 200
      message: OK
    headers:
      Server:
      - Cowboy
      Date:
      - Thu, 06 Jun 2024 18:18:15 GMT
      Report-To:
      - '{"group":"heroku-nel","max_age":3600,"endpoints":[{"url":"https://nel.heroku.com/reports?ts=1717697886&sid=1b10b0ff-8a76-4548-befa-353fc6c6c045&s=vjsacT3Ce14hGp7Emjq%2Fhuo9Jd7RmWK%2F8nSdwUFJFaQ%3D"}]}'
      Reporting-Endpoints:
      - heroku-nel=https://nel.heroku.com/reports?ts=1717697886&sid=1b10b0ff-8a76-4548-befa-353fc6c6c045&s=vjsacT3Ce14hGp7Emjq%2Fhuo9Jd7RmWK%2F8nSdwUFJFaQ%3D
      Nel:
      - '{"report_to":"heroku-nel","max_age":3600,"success_fraction":0.005,"failure_fraction":0.05,"response_headers":["Via"]}'
      Connection:
      - keep-alive
      X-Frame-Options:
      - SAMEORIGIN
      X-Xss-Protection:
      - '0'
      X-Content-Type-Options:
      - nosniff
      X-Permitted-Cross-Domain-Policies:
      - none
      Referrer-Policy:
      - strict-origin-when-cross-origin
      Content-Type:
      - application/json; charset=utf-8
      Vary:
      - Accept
      Etag:
      - W/"7bfd3a687619fcae9785a35195884f60"
      Cache-Control:
      - max-age=0, private, must-revalidate
      X-Request-Id:
      - 3c899a89-32de-45d3-9689-06b3c4cdd931
      X-Runtime:
      - '9.682673'
      Strict-Transport-Security:
      - max-age=63072000; includeSubDomains
      Content-Length:
      - '5572'
      Via:
      - 1.1 vegur
    body:
      encoding: UTF-8
      string: '{"data":[{"id":"1","type":"campaign_item","attributes":{"campaign_id":1,"item_id":1,"quantity_owned":0},"relationships":{"campaign":{"data":{"id":"1","type":"campaign"}},"item":{"data":{"id":"1","type":"item"}}}},{"id":"2","type":"campaign_item","attributes":{"campaign_id":1,"item_id":2,"quantity_owned":0},"relationships":{"campaign":{"data":{"id":"1","type":"campaign"}},"item":{"data":{"id":"2","type":"item"}}}},{"id":"3","type":"campaign_item","attributes":{"campaign_id":1,"item_id":3,"quantity_owned":0},"relationships":{"campaign":{"data":{"id":"1","type":"campaign"}},"item":{"data":{"id":"3","type":"item"}}}},{"id":"4","type":"campaign_item","attributes":{"campaign_id":1,"item_id":4,"quantity_owned":0},"relationships":{"campaign":{"data":{"id":"1","type":"campaign"}},"item":{"data":{"id":"4","type":"item"}}}},{"id":"5","type":"campaign_item","attributes":{"campaign_id":1,"item_id":5,"quantity_owned":0},"relationships":{"campaign":{"data":{"id":"1","type":"campaign"}},"item":{"data":{"id":"5","type":"item"}}}},{"id":"6","type":"campaign_item","attributes":{"campaign_id":1,"item_id":6,"quantity_owned":0},"relationships":{"campaign":{"data":{"id":"1","type":"campaign"}},"item":{"data":{"id":"6","type":"item"}}}},{"id":"7","type":"campaign_item","attributes":{"campaign_id":1,"item_id":7,"quantity_owned":0},"relationships":{"campaign":{"data":{"id":"1","type":"campaign"}},"item":{"data":{"id":"7","type":"item"}}}},{"id":"8","type":"campaign_item","attributes":{"campaign_id":1,"item_id":8,"quantity_owned":0},"relationships":{"campaign":{"data":{"id":"1","type":"campaign"}},"item":{"data":{"id":"8","type":"item"}}}},{"id":"9","type":"campaign_item","attributes":{"campaign_id":1,"item_id":9,"quantity_owned":0},"relationships":{"campaign":{"data":{"id":"1","type":"campaign"}},"item":{"data":{"id":"9","type":"item"}}}},{"id":"10","type":"campaign_item","attributes":{"campaign_id":1,"item_id":10,"quantity_owned":0},"relationships":{"campaign":{"data":{"id":"1","type":"campaign"}},"item":{"data":{"id":"10","type":"item"}}}},{"id":"11","type":"campaign_item","attributes":{"campaign_id":1,"item_id":11,"quantity_owned":0},"relationships":{"campaign":{"data":{"id":"1","type":"campaign"}},"item":{"data":{"id":"11","type":"item"}}}},{"id":"12","type":"campaign_item","attributes":{"campaign_id":1,"item_id":12,"quantity_owned":0},"relationships":{"campaign":{"data":{"id":"1","type":"campaign"}},"item":{"data":{"id":"12","type":"item"}}}},{"id":"13","type":"campaign_item","attributes":{"campaign_id":1,"item_id":13,"quantity_owned":0},"relationships":{"campaign":{"data":{"id":"1","type":"campaign"}},"item":{"data":{"id":"13","type":"item"}}}},{"id":"14","type":"campaign_item","attributes":{"campaign_id":1,"item_id":14,"quantity_owned":0},"relationships":{"campaign":{"data":{"id":"1","type":"campaign"}},"item":{"data":{"id":"14","type":"item"}}}},{"id":"15","type":"campaign_item","attributes":{"campaign_id":1,"item_id":15,"quantity_owned":0},"relationships":{"campaign":{"data":{"id":"1","type":"campaign"}},"item":{"data":{"id":"15","type":"item"}}}},{"id":"16","type":"campaign_item","attributes":{"campaign_id":1,"item_id":16,"quantity_owned":0},"relationships":{"campaign":{"data":{"id":"1","type":"campaign"}},"item":{"data":{"id":"16","type":"item"}}}},{"id":"17","type":"campaign_item","attributes":{"campaign_id":1,"item_id":17,"quantity_owned":0},"relationships":{"campaign":{"data":{"id":"1","type":"campaign"}},"item":{"data":{"id":"17","type":"item"}}}},{"id":"18","type":"campaign_item","attributes":{"campaign_id":1,"item_id":18,"quantity_owned":0},"relationships":{"campaign":{"data":{"id":"1","type":"campaign"}},"item":{"data":{"id":"18","type":"item"}}}},{"id":"19","type":"campaign_item","attributes":{"campaign_id":1,"item_id":19,"quantity_owned":0},"relationships":{"campaign":{"data":{"id":"1","type":"campaign"}},"item":{"data":{"id":"19","type":"item"}}}},{"id":"20","type":"campaign_item","attributes":{"campaign_id":1,"item_id":20,"quantity_owned":0},"relationships":{"campaign":{"data":{"id":"1","type":"campaign"}},"item":{"data":{"id":"20","type":"item"}}}},{"id":"21","type":"campaign_item","attributes":{"campaign_id":1,"item_id":21,"quantity_owned":0},"relationships":{"campaign":{"data":{"id":"1","type":"campaign"}},"item":{"data":{"id":"21","type":"item"}}}},{"id":"22","type":"campaign_item","attributes":{"campaign_id":1,"item_id":22,"quantity_owned":0},"relationships":{"campaign":{"data":{"id":"1","type":"campaign"}},"item":{"data":{"id":"22","type":"item"}}}},{"id":"23","type":"campaign_item","attributes":{"campaign_id":1,"item_id":23,"quantity_owned":0},"relationships":{"campaign":{"data":{"id":"1","type":"campaign"}},"item":{"data":{"id":"23","type":"item"}}}},{"id":"24","type":"campaign_item","attributes":{"campaign_id":1,"item_id":24,"quantity_owned":0},"relationships":{"campaign":{"data":{"id":"1","type":"campaign"}},"item":{"data":{"id":"24","type":"item"}}}},{"id":"25","type":"campaign_item","attributes":{"campaign_id":1,"item_id":25,"quantity_owned":0},"relationships":{"campaign":{"data":{"id":"1","type":"campaign"}},"item":{"data":{"id":"25","type":"item"}}}},{"id":"26","type":"campaign_item","attributes":{"campaign_id":1,"item_id":26,"quantity_owned":0},"relationships":{"campaign":{"data":{"id":"1","type":"campaign"}},"item":{"data":{"id":"26","type":"item"}}}},{"id":"27","type":"campaign_item","attributes":{"campaign_id":1,"item_id":27,"quantity_owned":0},"relationships":{"campaign":{"data":{"id":"1","type":"campaign"}},"item":{"data":{"id":"27","type":"item"}}}}]}'
  recorded_at: Thu, 06 Jun 2024 18:18:15 GMT
- request:
    method: get
    uri: https://first-mate-be-1f1d4528b074.herokuapp.com/api/v1/items/1
    body:
      encoding: US-ASCII
      string: ''
    headers:
      Content-Type:
      - application/json
      User-Agent:
      - Faraday v2.9.0
      Accept-Encoding:
      - gzip;q=1.0,deflate;q=0.6,identity;q=0.3
      Accept:
      - "*/*"
  response:
    status:
      code: 200
      message: OK
    headers:
      Server:
      - Cowboy
      Date:
      - Thu, 06 Jun 2024 18:18:15 GMT
      Report-To:
      - '{"group":"heroku-nel","max_age":3600,"endpoints":[{"url":"https://nel.heroku.com/reports?ts=1717697896&sid=1b10b0ff-8a76-4548-befa-353fc6c6c045&s=XvRZi2%2BydZIili4AgZCIbjuQub5pdssNRXq60J4f8PE%3D"}]}'
      Reporting-Endpoints:
      - heroku-nel=https://nel.heroku.com/reports?ts=1717697896&sid=1b10b0ff-8a76-4548-befa-353fc6c6c045&s=XvRZi2%2BydZIili4AgZCIbjuQub5pdssNRXq60J4f8PE%3D
      Nel:
      - '{"report_to":"heroku-nel","max_age":3600,"success_fraction":0.005,"failure_fraction":0.05,"response_headers":["Via"]}'
      Connection:
      - keep-alive
      X-Frame-Options:
      - SAMEORIGIN
      X-Xss-Protection:
      - '0'
      X-Content-Type-Options:
      - nosniff
      X-Permitted-Cross-Domain-Policies:
      - none
      Referrer-Policy:
      - strict-origin-when-cross-origin
      Content-Type:
      - application/json; charset=utf-8
      Vary:
      - Accept
      Etag:
      - W/"edb23b55e073a18d053b0debdfbd32ab"
      Cache-Control:
      - max-age=0, private, must-revalidate
      X-Request-Id:
      - 455a8f0a-2a62-4985-a2c6-6f30be4941ea
      X-Runtime:
      - '0.073185'
      Strict-Transport-Security:
      - max-age=63072000; includeSubDomains
      Content-Length:
      - '1024'
      Via:
      - 1.1 vegur
    body:
      encoding: UTF-8
      string: '{"data":{"id":"1","type":"item","attributes":{"name":"Light armor","animal_products_cost":1,"cloth_cost":0,"farmed_goods_cost":0,"food_cost":0,"foraged_goods_cost":0,"metal_cost":1,"stone_cost":0,"wood_cost":0,"monster_parts_cost":0},"relationships":{"campaign_items":{"data":[{"id":"1","type":"campaign_item"},{"id":"34","type":"campaign_item"},{"id":"61","type":"campaign_item"},{"id":"88","type":"campaign_item"},{"id":"115","type":"campaign_item"},{"id":"142","type":"campaign_item"},{"id":"169","type":"campaign_item"},{"id":"196","type":"campaign_item"},{"id":"223","type":"campaign_item"},{"id":"250","type":"campaign_item"},{"id":"277","type":"campaign_item"}]},"campaigns":{"data":[{"id":"1","type":"campaign"},{"id":"34","type":"campaign"},{"id":"35","type":"campaign"},{"id":"36","type":"campaign"},{"id":"37","type":"campaign"},{"id":"38","type":"campaign"},{"id":"39","type":"campaign"},{"id":"40","type":"campaign"},{"id":"41","type":"campaign"},{"id":"42","type":"campaign"},{"id":"43","type":"campaign"}]}}}}'
  recorded_at: Thu, 06 Jun 2024 18:18:16 GMT
- request:
    method: get
    uri: https://first-mate-be-1f1d4528b074.herokuapp.com/api/v1/items/2
    body:
      encoding: US-ASCII
      string: ''
    headers:
      Content-Type:
      - application/json
      User-Agent:
      - Faraday v2.9.0
      Accept-Encoding:
      - gzip;q=1.0,deflate;q=0.6,identity;q=0.3
      Accept:
      - "*/*"
  response:
    status:
      code: 200
      message: OK
    headers:
      Server:
      - Cowboy
      Date:
      - Thu, 06 Jun 2024 18:18:15 GMT
      Report-To:
      - '{"group":"heroku-nel","max_age":3600,"endpoints":[{"url":"https://nel.heroku.com/reports?ts=1717697896&sid=1b10b0ff-8a76-4548-befa-353fc6c6c045&s=XvRZi2%2BydZIili4AgZCIbjuQub5pdssNRXq60J4f8PE%3D"}]}'
      Reporting-Endpoints:
      - heroku-nel=https://nel.heroku.com/reports?ts=1717697896&sid=1b10b0ff-8a76-4548-befa-353fc6c6c045&s=XvRZi2%2BydZIili4AgZCIbjuQub5pdssNRXq60J4f8PE%3D
      Nel:
      - '{"report_to":"heroku-nel","max_age":3600,"success_fraction":0.005,"failure_fraction":0.05,"response_headers":["Via"]}'
      Connection:
      - keep-alive
      X-Frame-Options:
      - SAMEORIGIN
      X-Xss-Protection:
      - '0'
      X-Content-Type-Options:
      - nosniff
      X-Permitted-Cross-Domain-Policies:
      - none
      Referrer-Policy:
      - strict-origin-when-cross-origin
      Content-Type:
      - application/json; charset=utf-8
      Vary:
      - Accept
      Etag:
      - W/"bcc71e875353773dc0016915bb80f245"
      Cache-Control:
      - max-age=0, private, must-revalidate
      X-Request-Id:
      - 670e6836-7f81-4f17-bac1-c53a0ab88d79
      X-Runtime:
      - '0.014002'
      Strict-Transport-Security:
      - max-age=63072000; includeSubDomains
      Content-Length:
      - '1025'
      Via:
      - 1.1 vegur
    body:
      encoding: UTF-8
      string: '{"data":{"id":"2","type":"item","attributes":{"name":"Medium armor","animal_products_cost":1,"cloth_cost":0,"farmed_goods_cost":0,"food_cost":0,"foraged_goods_cost":0,"metal_cost":2,"stone_cost":0,"wood_cost":0,"monster_parts_cost":0},"relationships":{"campaign_items":{"data":[{"id":"2","type":"campaign_item"},{"id":"35","type":"campaign_item"},{"id":"62","type":"campaign_item"},{"id":"89","type":"campaign_item"},{"id":"116","type":"campaign_item"},{"id":"143","type":"campaign_item"},{"id":"170","type":"campaign_item"},{"id":"197","type":"campaign_item"},{"id":"224","type":"campaign_item"},{"id":"251","type":"campaign_item"},{"id":"278","type":"campaign_item"}]},"campaigns":{"data":[{"id":"1","type":"campaign"},{"id":"34","type":"campaign"},{"id":"35","type":"campaign"},{"id":"36","type":"campaign"},{"id":"37","type":"campaign"},{"id":"38","type":"campaign"},{"id":"39","type":"campaign"},{"id":"40","type":"campaign"},{"id":"41","type":"campaign"},{"id":"42","type":"campaign"},{"id":"43","type":"campaign"}]}}}}'
  recorded_at: Thu, 06 Jun 2024 18:18:16 GMT
- request:
    method: get
    uri: https://first-mate-be-1f1d4528b074.herokuapp.com/api/v1/items/3
    body:
      encoding: US-ASCII
      string: ''
    headers:
      Content-Type:
      - application/json
      User-Agent:
      - Faraday v2.9.0
      Accept-Encoding:
      - gzip;q=1.0,deflate;q=0.6,identity;q=0.3
      Accept:
      - "*/*"
  response:
    status:
      code: 200
      message: OK
    headers:
      Server:
      - Cowboy
      Date:
      - Thu, 06 Jun 2024 18:18:16 GMT
      Report-To:
      - '{"group":"heroku-nel","max_age":3600,"endpoints":[{"url":"https://nel.heroku.com/reports?ts=1717697896&sid=1b10b0ff-8a76-4548-befa-353fc6c6c045&s=XvRZi2%2BydZIili4AgZCIbjuQub5pdssNRXq60J4f8PE%3D"}]}'
      Reporting-Endpoints:
      - heroku-nel=https://nel.heroku.com/reports?ts=1717697896&sid=1b10b0ff-8a76-4548-befa-353fc6c6c045&s=XvRZi2%2BydZIili4AgZCIbjuQub5pdssNRXq60J4f8PE%3D
      Nel:
      - '{"report_to":"heroku-nel","max_age":3600,"success_fraction":0.005,"failure_fraction":0.05,"response_headers":["Via"]}'
      Connection:
      - keep-alive
      X-Frame-Options:
      - SAMEORIGIN
      X-Xss-Protection:
      - '0'
      X-Content-Type-Options:
      - nosniff
      X-Permitted-Cross-Domain-Policies:
      - none
      Referrer-Policy:
      - strict-origin-when-cross-origin
      Content-Type:
      - application/json; charset=utf-8
      Vary:
      - Accept
      Etag:
      - W/"36928f4a452c88fae14b83fbe9ca5efe"
      Cache-Control:
      - max-age=0, private, must-revalidate
      X-Request-Id:
      - '01385dd7-5212-47b9-8377-e75141fcc042'
      X-Runtime:
      - '0.029206'
      Strict-Transport-Security:
      - max-age=63072000; includeSubDomains
      Content-Length:
      - '1024'
      Via:
      - 1.1 vegur
    body:
      encoding: UTF-8
      string: '{"data":{"id":"3","type":"item","attributes":{"name":"Heavy armor","animal_products_cost":0,"cloth_cost":0,"farmed_goods_cost":0,"food_cost":0,"foraged_goods_cost":0,"metal_cost":3,"stone_cost":0,"wood_cost":0,"monster_parts_cost":0},"relationships":{"campaign_items":{"data":[{"id":"3","type":"campaign_item"},{"id":"36","type":"campaign_item"},{"id":"63","type":"campaign_item"},{"id":"90","type":"campaign_item"},{"id":"117","type":"campaign_item"},{"id":"144","type":"campaign_item"},{"id":"171","type":"campaign_item"},{"id":"198","type":"campaign_item"},{"id":"225","type":"campaign_item"},{"id":"252","type":"campaign_item"},{"id":"279","type":"campaign_item"}]},"campaigns":{"data":[{"id":"1","type":"campaign"},{"id":"34","type":"campaign"},{"id":"35","type":"campaign"},{"id":"36","type":"campaign"},{"id":"37","type":"campaign"},{"id":"38","type":"campaign"},{"id":"39","type":"campaign"},{"id":"40","type":"campaign"},{"id":"41","type":"campaign"},{"id":"42","type":"campaign"},{"id":"43","type":"campaign"}]}}}}'
  recorded_at: Thu, 06 Jun 2024 18:18:16 GMT
- request:
    method: get
    uri: https://first-mate-be-1f1d4528b074.herokuapp.com/api/v1/items/4
    body:
      encoding: US-ASCII
      string: ''
    headers:
      Content-Type:
      - application/json
      User-Agent:
      - Faraday v2.9.0
      Accept-Encoding:
      - gzip;q=1.0,deflate;q=0.6,identity;q=0.3
      Accept:
      - "*/*"
  response:
    status:
      code: 200
      message: OK
    headers:
      Server:
      - Cowboy
      Date:
      - Thu, 06 Jun 2024 18:18:17 GMT
      Report-To:
      - '{"group":"heroku-nel","max_age":3600,"endpoints":[{"url":"https://nel.heroku.com/reports?ts=1717697897&sid=1b10b0ff-8a76-4548-befa-353fc6c6c045&s=Jib68vMhsB9%2BConMqrzl9AWnkLby%2Fy1hIbGNvhQc7i0%3D"}]}'
      Reporting-Endpoints:
      - heroku-nel=https://nel.heroku.com/reports?ts=1717697897&sid=1b10b0ff-8a76-4548-befa-353fc6c6c045&s=Jib68vMhsB9%2BConMqrzl9AWnkLby%2Fy1hIbGNvhQc7i0%3D
      Nel:
      - '{"report_to":"heroku-nel","max_age":3600,"success_fraction":0.005,"failure_fraction":0.05,"response_headers":["Via"]}'
      Connection:
      - keep-alive
      X-Frame-Options:
      - SAMEORIGIN
      X-Xss-Protection:
      - '0'
      X-Content-Type-Options:
      - nosniff
      X-Permitted-Cross-Domain-Policies:
      - none
      Referrer-Policy:
      - strict-origin-when-cross-origin
      Content-Type:
      - application/json; charset=utf-8
      Vary:
      - Accept
      Etag:
      - W/"5f0b5c63e71e3db31497e352778c9d53"
      Cache-Control:
      - max-age=0, private, must-revalidate
      X-Request-Id:
      - 2af25da4-3b0c-44cd-906a-851a3d097ebd
      X-Runtime:
      - '0.256402'
      Strict-Transport-Security:
      - max-age=63072000; includeSubDomains
      Content-Length:
      - '1026'
      Via:
      - 1.1 vegur
    body:
      encoding: UTF-8
      string: '{"data":{"id":"4","type":"item","attributes":{"name":"Simple weapon","animal_products_cost":0,"cloth_cost":0,"farmed_goods_cost":0,"food_cost":0,"foraged_goods_cost":0,"metal_cost":1,"stone_cost":0,"wood_cost":1,"monster_parts_cost":0},"relationships":{"campaign_items":{"data":[{"id":"4","type":"campaign_item"},{"id":"37","type":"campaign_item"},{"id":"64","type":"campaign_item"},{"id":"91","type":"campaign_item"},{"id":"118","type":"campaign_item"},{"id":"145","type":"campaign_item"},{"id":"172","type":"campaign_item"},{"id":"199","type":"campaign_item"},{"id":"226","type":"campaign_item"},{"id":"253","type":"campaign_item"},{"id":"280","type":"campaign_item"}]},"campaigns":{"data":[{"id":"1","type":"campaign"},{"id":"34","type":"campaign"},{"id":"35","type":"campaign"},{"id":"36","type":"campaign"},{"id":"37","type":"campaign"},{"id":"38","type":"campaign"},{"id":"39","type":"campaign"},{"id":"40","type":"campaign"},{"id":"41","type":"campaign"},{"id":"42","type":"campaign"},{"id":"43","type":"campaign"}]}}}}'
  recorded_at: Thu, 06 Jun 2024 18:18:17 GMT
- request:
    method: get
    uri: https://first-mate-be-1f1d4528b074.herokuapp.com/api/v1/items/5
    body:
      encoding: US-ASCII
      string: ''
    headers:
      Content-Type:
      - application/json
      User-Agent:
      - Faraday v2.9.0
      Accept-Encoding:
      - gzip;q=1.0,deflate;q=0.6,identity;q=0.3
      Accept:
      - "*/*"
  response:
    status:
      code: 200
      message: OK
    headers:
      Server:
      - Cowboy
      Date:
      - Thu, 06 Jun 2024 18:18:17 GMT
      Report-To:
      - '{"group":"heroku-nel","max_age":3600,"endpoints":[{"url":"https://nel.heroku.com/reports?ts=1717697898&sid=1b10b0ff-8a76-4548-befa-353fc6c6c045&s=dF70aoCPE89HxjI%2BE8BsOpO3TxqPeSH%2Bwozq%2FVymafw%3D"}]}'
      Reporting-Endpoints:
      - heroku-nel=https://nel.heroku.com/reports?ts=1717697898&sid=1b10b0ff-8a76-4548-befa-353fc6c6c045&s=dF70aoCPE89HxjI%2BE8BsOpO3TxqPeSH%2Bwozq%2FVymafw%3D
      Nel:
      - '{"report_to":"heroku-nel","max_age":3600,"success_fraction":0.005,"failure_fraction":0.05,"response_headers":["Via"]}'
      Connection:
      - keep-alive
      X-Frame-Options:
      - SAMEORIGIN
      X-Xss-Protection:
      - '0'
      X-Content-Type-Options:
      - nosniff
      X-Permitted-Cross-Domain-Policies:
      - none
      Referrer-Policy:
      - strict-origin-when-cross-origin
      Content-Type:
      - application/json; charset=utf-8
      Vary:
      - Accept
      Etag:
      - W/"540f33b6d2d710ad2b794002ef43eceb"
      Cache-Control:
      - max-age=0, private, must-revalidate
      X-Request-Id:
      - 46277f01-4c51-42d5-b311-e15d907c8669
      X-Runtime:
      - '0.026512'
      Strict-Transport-Security:
      - max-age=63072000; includeSubDomains
      Content-Length:
      - '1027'
      Via:
      - 1.1 vegur
    body:
      encoding: UTF-8
      string: '{"data":{"id":"5","type":"item","attributes":{"name":"Martial weapon","animal_products_cost":0,"cloth_cost":0,"farmed_goods_cost":0,"food_cost":0,"foraged_goods_cost":0,"metal_cost":2,"stone_cost":0,"wood_cost":1,"monster_parts_cost":0},"relationships":{"campaign_items":{"data":[{"id":"5","type":"campaign_item"},{"id":"38","type":"campaign_item"},{"id":"65","type":"campaign_item"},{"id":"92","type":"campaign_item"},{"id":"119","type":"campaign_item"},{"id":"146","type":"campaign_item"},{"id":"173","type":"campaign_item"},{"id":"200","type":"campaign_item"},{"id":"227","type":"campaign_item"},{"id":"254","type":"campaign_item"},{"id":"281","type":"campaign_item"}]},"campaigns":{"data":[{"id":"1","type":"campaign"},{"id":"34","type":"campaign"},{"id":"35","type":"campaign"},{"id":"36","type":"campaign"},{"id":"37","type":"campaign"},{"id":"38","type":"campaign"},{"id":"39","type":"campaign"},{"id":"40","type":"campaign"},{"id":"41","type":"campaign"},{"id":"42","type":"campaign"},{"id":"43","type":"campaign"}]}}}}'
  recorded_at: Thu, 06 Jun 2024 18:18:18 GMT
- request:
    method: get
    uri: https://first-mate-be-1f1d4528b074.herokuapp.com/api/v1/items/6
    body:
      encoding: US-ASCII
      string: ''
    headers:
      Content-Type:
      - application/json
      User-Agent:
      - Faraday v2.9.0
      Accept-Encoding:
      - gzip;q=1.0,deflate;q=0.6,identity;q=0.3
      Accept:
      - "*/*"
  response:
    status:
      code: 200
      message: OK
    headers:
      Server:
      - Cowboy
      Date:
      - Thu, 06 Jun 2024 18:18:17 GMT
      Report-To:
      - '{"group":"heroku-nel","max_age":3600,"endpoints":[{"url":"https://nel.heroku.com/reports?ts=1717697898&sid=1b10b0ff-8a76-4548-befa-353fc6c6c045&s=dF70aoCPE89HxjI%2BE8BsOpO3TxqPeSH%2Bwozq%2FVymafw%3D"}]}'
      Reporting-Endpoints:
      - heroku-nel=https://nel.heroku.com/reports?ts=1717697898&sid=1b10b0ff-8a76-4548-befa-353fc6c6c045&s=dF70aoCPE89HxjI%2BE8BsOpO3TxqPeSH%2Bwozq%2FVymafw%3D
      Nel:
      - '{"report_to":"heroku-nel","max_age":3600,"success_fraction":0.005,"failure_fraction":0.05,"response_headers":["Via"]}'
      Connection:
      - keep-alive
      X-Frame-Options:
      - SAMEORIGIN
      X-Xss-Protection:
      - '0'
      X-Content-Type-Options:
      - nosniff
      X-Permitted-Cross-Domain-Policies:
      - none
      Referrer-Policy:
      - strict-origin-when-cross-origin
      Content-Type:
      - application/json; charset=utf-8
      Vary:
      - Accept
      Etag:
      - W/"2df30280b23a6213cd91d8e925807183"
      Cache-Control:
      - max-age=0, private, must-revalidate
      X-Request-Id:
      - c3d0f5f4-669d-4dcb-be73-53472716c562
      X-Runtime:
      - '0.010688'
      Strict-Transport-Security:
      - max-age=63072000; includeSubDomains
      Content-Length:
      - '1023'
      Via:
      - 1.1 vegur
    body:
      encoding: UTF-8
      string: '{"data":{"id":"6","type":"item","attributes":{"name":"Ammunition","animal_products_cost":0,"cloth_cost":0,"farmed_goods_cost":0,"food_cost":0,"foraged_goods_cost":0,"metal_cost":0,"stone_cost":0,"wood_cost":1,"monster_parts_cost":0},"relationships":{"campaign_items":{"data":[{"id":"6","type":"campaign_item"},{"id":"39","type":"campaign_item"},{"id":"66","type":"campaign_item"},{"id":"93","type":"campaign_item"},{"id":"120","type":"campaign_item"},{"id":"147","type":"campaign_item"},{"id":"174","type":"campaign_item"},{"id":"201","type":"campaign_item"},{"id":"228","type":"campaign_item"},{"id":"255","type":"campaign_item"},{"id":"282","type":"campaign_item"}]},"campaigns":{"data":[{"id":"1","type":"campaign"},{"id":"34","type":"campaign"},{"id":"35","type":"campaign"},{"id":"36","type":"campaign"},{"id":"37","type":"campaign"},{"id":"38","type":"campaign"},{"id":"39","type":"campaign"},{"id":"40","type":"campaign"},{"id":"41","type":"campaign"},{"id":"42","type":"campaign"},{"id":"43","type":"campaign"}]}}}}'
  recorded_at: Thu, 06 Jun 2024 18:18:18 GMT
- request:
    method: get
    uri: https://first-mate-be-1f1d4528b074.herokuapp.com/api/v1/items/7
    body:
      encoding: US-ASCII
      string: ''
    headers:
      Content-Type:
      - application/json
      User-Agent:
      - Faraday v2.9.0
      Accept-Encoding:
      - gzip;q=1.0,deflate;q=0.6,identity;q=0.3
      Accept:
      - "*/*"
  response:
    status:
      code: 200
      message: OK
    headers:
      Server:
      - Cowboy
      Date:
      - Thu, 06 Jun 2024 18:18:18 GMT
      Report-To:
      - '{"group":"heroku-nel","max_age":3600,"endpoints":[{"url":"https://nel.heroku.com/reports?ts=1717697898&sid=1b10b0ff-8a76-4548-befa-353fc6c6c045&s=dF70aoCPE89HxjI%2BE8BsOpO3TxqPeSH%2Bwozq%2FVymafw%3D"}]}'
      Reporting-Endpoints:
      - heroku-nel=https://nel.heroku.com/reports?ts=1717697898&sid=1b10b0ff-8a76-4548-befa-353fc6c6c045&s=dF70aoCPE89HxjI%2BE8BsOpO3TxqPeSH%2Bwozq%2FVymafw%3D
      Nel:
      - '{"report_to":"heroku-nel","max_age":3600,"success_fraction":0.005,"failure_fraction":0.05,"response_headers":["Via"]}'
      Connection:
      - keep-alive
      X-Frame-Options:
      - SAMEORIGIN
      X-Xss-Protection:
      - '0'
      X-Content-Type-Options:
      - nosniff
      X-Permitted-Cross-Domain-Policies:
      - none
      Referrer-Policy:
      - strict-origin-when-cross-origin
      Content-Type:
      - application/json; charset=utf-8
      Vary:
      - Accept
      Etag:
      - W/"c067e8e01ed474a7869061e4696812cc"
      Cache-Control:
      - max-age=0, private, must-revalidate
      X-Request-Id:
      - b8ae1b4d-951e-4844-8936-6f3d2a118784
      X-Runtime:
      - '0.071432'
      Strict-Transport-Security:
      - max-age=63072000; includeSubDomains
      Content-Length:
      - '1023'
      Via:
      - 1.1 vegur
    body:
      encoding: UTF-8
      string: '{"data":{"id":"7","type":"item","attributes":{"name":"Ammunition","animal_products_cost":0,"cloth_cost":0,"farmed_goods_cost":0,"food_cost":0,"foraged_goods_cost":0,"metal_cost":1,"stone_cost":0,"wood_cost":0,"monster_parts_cost":0},"relationships":{"campaign_items":{"data":[{"id":"7","type":"campaign_item"},{"id":"40","type":"campaign_item"},{"id":"67","type":"campaign_item"},{"id":"94","type":"campaign_item"},{"id":"121","type":"campaign_item"},{"id":"148","type":"campaign_item"},{"id":"175","type":"campaign_item"},{"id":"202","type":"campaign_item"},{"id":"229","type":"campaign_item"},{"id":"256","type":"campaign_item"},{"id":"283","type":"campaign_item"}]},"campaigns":{"data":[{"id":"1","type":"campaign"},{"id":"34","type":"campaign"},{"id":"35","type":"campaign"},{"id":"36","type":"campaign"},{"id":"37","type":"campaign"},{"id":"38","type":"campaign"},{"id":"39","type":"campaign"},{"id":"40","type":"campaign"},{"id":"41","type":"campaign"},{"id":"42","type":"campaign"},{"id":"43","type":"campaign"}]}}}}'
  recorded_at: Thu, 06 Jun 2024 18:18:18 GMT
- request:
    method: get
    uri: https://first-mate-be-1f1d4528b074.herokuapp.com/api/v1/items/8
    body:
      encoding: US-ASCII
      string: ''
    headers:
      Content-Type:
      - application/json
      User-Agent:
      - Faraday v2.9.0
      Accept-Encoding:
      - gzip;q=1.0,deflate;q=0.6,identity;q=0.3
      Accept:
      - "*/*"
  response:
    status:
      code: 200
      message: OK
    headers:
      Server:
      - Cowboy
      Date:
      - Thu, 06 Jun 2024 18:18:18 GMT
      Report-To:
      - '{"group":"heroku-nel","max_age":3600,"endpoints":[{"url":"https://nel.heroku.com/reports?ts=1717697899&sid=1b10b0ff-8a76-4548-befa-353fc6c6c045&s=pL%2B1sHqexqIi5fmv17mgfv%2BUEOBRhRiR5Uj%2FTQZFMLs%3D"}]}'
      Reporting-Endpoints:
      - heroku-nel=https://nel.heroku.com/reports?ts=1717697899&sid=1b10b0ff-8a76-4548-befa-353fc6c6c045&s=pL%2B1sHqexqIi5fmv17mgfv%2BUEOBRhRiR5Uj%2FTQZFMLs%3D
      Nel:
      - '{"report_to":"heroku-nel","max_age":3600,"success_fraction":0.005,"failure_fraction":0.05,"response_headers":["Via"]}'
      Connection:
      - keep-alive
      X-Frame-Options:
      - SAMEORIGIN
      X-Xss-Protection:
      - '0'
      X-Content-Type-Options:
      - nosniff
      X-Permitted-Cross-Domain-Policies:
      - none
      Referrer-Policy:
      - strict-origin-when-cross-origin
      Content-Type:
      - application/json; charset=utf-8
      Vary:
      - Accept
      Etag:
      - W/"3228717e489e41cc12c884a1bffe461a"
      Cache-Control:
      - max-age=0, private, must-revalidate
      X-Request-Id:
      - 688cf6ec-8124-44c0-b909-3306df4fa6a5
      X-Runtime:
      - '0.022715'
      Strict-Transport-Security:
      - max-age=63072000; includeSubDomains
      Content-Length:
      - '1033'
      Via:
      - 1.1 vegur
    body:
      encoding: UTF-8
      string: '{"data":{"id":"8","type":"item","attributes":{"name":"Adventuring supplies","animal_products_cost":1,"cloth_cost":0,"farmed_goods_cost":0,"food_cost":0,"foraged_goods_cost":1,"metal_cost":0,"stone_cost":0,"wood_cost":1,"monster_parts_cost":0},"relationships":{"campaign_items":{"data":[{"id":"8","type":"campaign_item"},{"id":"41","type":"campaign_item"},{"id":"68","type":"campaign_item"},{"id":"95","type":"campaign_item"},{"id":"122","type":"campaign_item"},{"id":"149","type":"campaign_item"},{"id":"176","type":"campaign_item"},{"id":"203","type":"campaign_item"},{"id":"230","type":"campaign_item"},{"id":"257","type":"campaign_item"},{"id":"284","type":"campaign_item"}]},"campaigns":{"data":[{"id":"1","type":"campaign"},{"id":"34","type":"campaign"},{"id":"35","type":"campaign"},{"id":"36","type":"campaign"},{"id":"37","type":"campaign"},{"id":"38","type":"campaign"},{"id":"39","type":"campaign"},{"id":"40","type":"campaign"},{"id":"41","type":"campaign"},{"id":"42","type":"campaign"},{"id":"43","type":"campaign"}]}}}}'
  recorded_at: Thu, 06 Jun 2024 18:18:19 GMT
- request:
    method: get
    uri: https://first-mate-be-1f1d4528b074.herokuapp.com/api/v1/items/9
    body:
      encoding: US-ASCII
      string: ''
    headers:
      Content-Type:
      - application/json
      User-Agent:
      - Faraday v2.9.0
      Accept-Encoding:
      - gzip;q=1.0,deflate;q=0.6,identity;q=0.3
      Accept:
      - "*/*"
  response:
    status:
      code: 200
      message: OK
    headers:
      Server:
      - Cowboy
      Date:
      - Thu, 06 Jun 2024 18:18:19 GMT
      Report-To:
      - '{"group":"heroku-nel","max_age":3600,"endpoints":[{"url":"https://nel.heroku.com/reports?ts=1717697899&sid=1b10b0ff-8a76-4548-befa-353fc6c6c045&s=pL%2B1sHqexqIi5fmv17mgfv%2BUEOBRhRiR5Uj%2FTQZFMLs%3D"}]}'
      Reporting-Endpoints:
      - heroku-nel=https://nel.heroku.com/reports?ts=1717697899&sid=1b10b0ff-8a76-4548-befa-353fc6c6c045&s=pL%2B1sHqexqIi5fmv17mgfv%2BUEOBRhRiR5Uj%2FTQZFMLs%3D
      Nel:
      - '{"report_to":"heroku-nel","max_age":3600,"success_fraction":0.005,"failure_fraction":0.05,"response_headers":["Via"]}'
      Connection:
      - keep-alive
      X-Frame-Options:
      - SAMEORIGIN
      X-Xss-Protection:
      - '0'
      X-Content-Type-Options:
      - nosniff
      X-Permitted-Cross-Domain-Policies:
      - none
      Referrer-Policy:
      - strict-origin-when-cross-origin
      Content-Type:
      - application/json; charset=utf-8
      Vary:
      - Accept
      Etag:
      - W/"914b850918702b7875bf7b28c1de9191"
      Cache-Control:
      - max-age=0, private, must-revalidate
      X-Request-Id:
      - 41b603b8-2b7e-468c-bcf0-6d95f3214fbb
      X-Runtime:
      - '0.018437'
      Strict-Transport-Security:
      - max-age=63072000; includeSubDomains
      Content-Length:
      - '1029'
      Via:
      - 1.1 vegur
    body:
      encoding: UTF-8
      string: '{"data":{"id":"9","type":"item","attributes":{"name":"Assassin''s blood","animal_products_cost":0,"cloth_cost":0,"farmed_goods_cost":0,"food_cost":0,"foraged_goods_cost":1,"metal_cost":0,"stone_cost":0,"wood_cost":0,"monster_parts_cost":0},"relationships":{"campaign_items":{"data":[{"id":"9","type":"campaign_item"},{"id":"42","type":"campaign_item"},{"id":"69","type":"campaign_item"},{"id":"96","type":"campaign_item"},{"id":"123","type":"campaign_item"},{"id":"150","type":"campaign_item"},{"id":"177","type":"campaign_item"},{"id":"204","type":"campaign_item"},{"id":"231","type":"campaign_item"},{"id":"258","type":"campaign_item"},{"id":"285","type":"campaign_item"}]},"campaigns":{"data":[{"id":"1","type":"campaign"},{"id":"34","type":"campaign"},{"id":"35","type":"campaign"},{"id":"36","type":"campaign"},{"id":"37","type":"campaign"},{"id":"38","type":"campaign"},{"id":"39","type":"campaign"},{"id":"40","type":"campaign"},{"id":"41","type":"campaign"},{"id":"42","type":"campaign"},{"id":"43","type":"campaign"}]}}}}'
  recorded_at: Thu, 06 Jun 2024 18:18:19 GMT
- request:
    method: get
    uri: https://first-mate-be-1f1d4528b074.herokuapp.com/api/v1/items/10
    body:
      encoding: US-ASCII
      string: ''
    headers:
      Content-Type:
      - application/json
      User-Agent:
      - Faraday v2.9.0
      Accept-Encoding:
      - gzip;q=1.0,deflate;q=0.6,identity;q=0.3
      Accept:
      - "*/*"
  response:
    status:
      code: 200
      message: OK
    headers:
      Server:
      - Cowboy
      Date:
      - Thu, 06 Jun 2024 18:18:19 GMT
      Report-To:
      - '{"group":"heroku-nel","max_age":3600,"endpoints":[{"url":"https://nel.heroku.com/reports?ts=1717697899&sid=1b10b0ff-8a76-4548-befa-353fc6c6c045&s=pL%2B1sHqexqIi5fmv17mgfv%2BUEOBRhRiR5Uj%2FTQZFMLs%3D"}]}'
      Reporting-Endpoints:
      - heroku-nel=https://nel.heroku.com/reports?ts=1717697899&sid=1b10b0ff-8a76-4548-befa-353fc6c6c045&s=pL%2B1sHqexqIi5fmv17mgfv%2BUEOBRhRiR5Uj%2FTQZFMLs%3D
      Nel:
      - '{"report_to":"heroku-nel","max_age":3600,"success_fraction":0.005,"failure_fraction":0.05,"response_headers":["Via"]}'
      Connection:
      - keep-alive
      X-Frame-Options:
      - SAMEORIGIN
      X-Xss-Protection:
      - '0'
      X-Content-Type-Options:
      - nosniff
      X-Permitted-Cross-Domain-Policies:
      - none
      Referrer-Policy:
      - strict-origin-when-cross-origin
      Content-Type:
      - application/json; charset=utf-8
      Vary:
      - Accept
      Etag:
      - W/"72e97847454c57d4e2f884a8d6a1f709"
      Cache-Control:
      - max-age=0, private, must-revalidate
      X-Request-Id:
      - 55f0610a-e65f-40fc-923b-a252b574570f
      X-Runtime:
      - '0.019693'
      Strict-Transport-Security:
      - max-age=63072000; includeSubDomains
      Content-Length:
      - '1021'
      Via:
      - 1.1 vegur
    body:
      encoding: UTF-8
      string: '{"data":{"id":"10","type":"item","attributes":{"name":"Malice","animal_products_cost":0,"cloth_cost":0,"farmed_goods_cost":0,"food_cost":0,"foraged_goods_cost":1,"metal_cost":0,"stone_cost":0,"wood_cost":0,"monster_parts_cost":0},"relationships":{"campaign_items":{"data":[{"id":"10","type":"campaign_item"},{"id":"43","type":"campaign_item"},{"id":"70","type":"campaign_item"},{"id":"97","type":"campaign_item"},{"id":"124","type":"campaign_item"},{"id":"151","type":"campaign_item"},{"id":"178","type":"campaign_item"},{"id":"205","type":"campaign_item"},{"id":"232","type":"campaign_item"},{"id":"259","type":"campaign_item"},{"id":"286","type":"campaign_item"}]},"campaigns":{"data":[{"id":"1","type":"campaign"},{"id":"34","type":"campaign"},{"id":"35","type":"campaign"},{"id":"36","type":"campaign"},{"id":"37","type":"campaign"},{"id":"38","type":"campaign"},{"id":"39","type":"campaign"},{"id":"40","type":"campaign"},{"id":"41","type":"campaign"},{"id":"42","type":"campaign"},{"id":"43","type":"campaign"}]}}}}'
  recorded_at: Thu, 06 Jun 2024 18:18:19 GMT
- request:
    method: get
    uri: https://first-mate-be-1f1d4528b074.herokuapp.com/api/v1/items/11
    body:
      encoding: US-ASCII
      string: ''
    headers:
      Content-Type:
      - application/json
      User-Agent:
      - Faraday v2.9.0
      Accept-Encoding:
      - gzip;q=1.0,deflate;q=0.6,identity;q=0.3
      Accept:
      - "*/*"
  response:
    status:
      code: 200
      message: OK
    headers:
      Server:
      - Cowboy
      Date:
      - Thu, 06 Jun 2024 18:18:27 GMT
      Report-To:
      - '{"group":"heroku-nel","max_age":3600,"endpoints":[{"url":"https://nel.heroku.com/reports?ts=1717697900&sid=1b10b0ff-8a76-4548-befa-353fc6c6c045&s=vFUS63rbjcVng5zUjxdd02kwposZl9ePav%2Fea4Ie2M4%3D"}]}'
      Reporting-Endpoints:
      - heroku-nel=https://nel.heroku.com/reports?ts=1717697900&sid=1b10b0ff-8a76-4548-befa-353fc6c6c045&s=vFUS63rbjcVng5zUjxdd02kwposZl9ePav%2Fea4Ie2M4%3D
      Nel:
      - '{"report_to":"heroku-nel","max_age":3600,"success_fraction":0.005,"failure_fraction":0.05,"response_headers":["Via"]}'
      Connection:
      - keep-alive
      X-Frame-Options:
      - SAMEORIGIN
      X-Xss-Protection:
      - '0'
      X-Content-Type-Options:
      - nosniff
      X-Permitted-Cross-Domain-Policies:
      - none
      Referrer-Policy:
      - strict-origin-when-cross-origin
      Content-Type:
      - application/json; charset=utf-8
      Vary:
      - Accept
      Etag:
      - W/"1909bb430d0da60a9912534e320de76a"
      Cache-Control:
      - max-age=0, private, must-revalidate
      X-Request-Id:
      - e7da803e-b3a7-43a0-b160-1797f3819e40
      X-Runtime:
      - '7.980159'
      Strict-Transport-Security:
      - max-age=63072000; includeSubDomains
      Content-Length:
      - '1029'
      Via:
      - 1.1 vegur
    body:
      encoding: UTF-8
      string: '{"data":{"id":"11","type":"item","attributes":{"name":"Midnight tears","animal_products_cost":0,"cloth_cost":0,"farmed_goods_cost":0,"food_cost":0,"foraged_goods_cost":1,"metal_cost":0,"stone_cost":0,"wood_cost":0,"monster_parts_cost":0},"relationships":{"campaign_items":{"data":[{"id":"11","type":"campaign_item"},{"id":"44","type":"campaign_item"},{"id":"71","type":"campaign_item"},{"id":"98","type":"campaign_item"},{"id":"125","type":"campaign_item"},{"id":"152","type":"campaign_item"},{"id":"179","type":"campaign_item"},{"id":"206","type":"campaign_item"},{"id":"233","type":"campaign_item"},{"id":"260","type":"campaign_item"},{"id":"287","type":"campaign_item"}]},"campaigns":{"data":[{"id":"1","type":"campaign"},{"id":"34","type":"campaign"},{"id":"35","type":"campaign"},{"id":"36","type":"campaign"},{"id":"37","type":"campaign"},{"id":"38","type":"campaign"},{"id":"39","type":"campaign"},{"id":"40","type":"campaign"},{"id":"41","type":"campaign"},{"id":"42","type":"campaign"},{"id":"43","type":"campaign"}]}}}}'
  recorded_at: Thu, 06 Jun 2024 18:18:28 GMT
- request:
    method: get
    uri: https://first-mate-be-1f1d4528b074.herokuapp.com/api/v1/items/12
    body:
      encoding: US-ASCII
      string: ''
    headers:
      Content-Type:
      - application/json
      User-Agent:
      - Faraday v2.9.0
      Accept-Encoding:
      - gzip;q=1.0,deflate;q=0.6,identity;q=0.3
      Accept:
      - "*/*"
  response:
    status:
      code: 200
      message: OK
    headers:
      Server:
      - Cowboy
      Date:
      - Thu, 06 Jun 2024 18:18:28 GMT
      Report-To:
      - '{"group":"heroku-nel","max_age":3600,"endpoints":[{"url":"https://nel.heroku.com/reports?ts=1717697908&sid=1b10b0ff-8a76-4548-befa-353fc6c6c045&s=MMYvTun6S1HD%2BL8Ds9JLKtGv43R%2Ftv7eC%2BzvAU%2BS%2Bgg%3D"}]}'
      Reporting-Endpoints:
      - heroku-nel=https://nel.heroku.com/reports?ts=1717697908&sid=1b10b0ff-8a76-4548-befa-353fc6c6c045&s=MMYvTun6S1HD%2BL8Ds9JLKtGv43R%2Ftv7eC%2BzvAU%2BS%2Bgg%3D
      Nel:
      - '{"report_to":"heroku-nel","max_age":3600,"success_fraction":0.005,"failure_fraction":0.05,"response_headers":["Via"]}'
      Connection:
      - keep-alive
      X-Frame-Options:
      - SAMEORIGIN
      X-Xss-Protection:
      - '0'
      X-Content-Type-Options:
      - nosniff
      X-Permitted-Cross-Domain-Policies:
      - none
      Referrer-Policy:
      - strict-origin-when-cross-origin
      Content-Type:
      - application/json; charset=utf-8
      Vary:
      - Accept
      Etag:
      - W/"1eaa7ff49cd080a62bcb0d4679a269e4"
      Cache-Control:
      - max-age=0, private, must-revalidate
      X-Request-Id:
      - 8639f273-2a12-4563-8cc3-36400f0ab08d
      X-Runtime:
      - '0.028499'
      Strict-Transport-Security:
      - max-age=63072000; includeSubDomains
      Content-Length:
      - '1028'
      Via:
      - 1.1 vegur
    body:
      encoding: UTF-8
      string: '{"data":{"id":"12","type":"item","attributes":{"name":"Serpent venom","animal_products_cost":0,"cloth_cost":0,"farmed_goods_cost":0,"food_cost":0,"foraged_goods_cost":1,"metal_cost":0,"stone_cost":0,"wood_cost":0,"monster_parts_cost":1},"relationships":{"campaign_items":{"data":[{"id":"12","type":"campaign_item"},{"id":"45","type":"campaign_item"},{"id":"72","type":"campaign_item"},{"id":"99","type":"campaign_item"},{"id":"126","type":"campaign_item"},{"id":"153","type":"campaign_item"},{"id":"180","type":"campaign_item"},{"id":"207","type":"campaign_item"},{"id":"234","type":"campaign_item"},{"id":"261","type":"campaign_item"},{"id":"288","type":"campaign_item"}]},"campaigns":{"data":[{"id":"1","type":"campaign"},{"id":"34","type":"campaign"},{"id":"35","type":"campaign"},{"id":"36","type":"campaign"},{"id":"37","type":"campaign"},{"id":"38","type":"campaign"},{"id":"39","type":"campaign"},{"id":"40","type":"campaign"},{"id":"41","type":"campaign"},{"id":"42","type":"campaign"},{"id":"43","type":"campaign"}]}}}}'
  recorded_at: Thu, 06 Jun 2024 18:18:28 GMT
- request:
    method: get
    uri: https://first-mate-be-1f1d4528b074.herokuapp.com/api/v1/items/13
    body:
      encoding: US-ASCII
      string: ''
    headers:
      Content-Type:
      - application/json
      User-Agent:
      - Faraday v2.9.0
      Accept-Encoding:
      - gzip;q=1.0,deflate;q=0.6,identity;q=0.3
      Accept:
      - "*/*"
  response:
    status:
      code: 200
      message: OK
    headers:
      Server:
      - Cowboy
      Date:
      - Thu, 06 Jun 2024 18:18:28 GMT
      Report-To:
      - '{"group":"heroku-nel","max_age":3600,"endpoints":[{"url":"https://nel.heroku.com/reports?ts=1717697909&sid=1b10b0ff-8a76-4548-befa-353fc6c6c045&s=tAFk9uShkFdokg%2Bf8Q3yyB2JyZLdhgmoHBUbzNOY0%2FQ%3D"}]}'
      Reporting-Endpoints:
      - heroku-nel=https://nel.heroku.com/reports?ts=1717697909&sid=1b10b0ff-8a76-4548-befa-353fc6c6c045&s=tAFk9uShkFdokg%2Bf8Q3yyB2JyZLdhgmoHBUbzNOY0%2FQ%3D
      Nel:
      - '{"report_to":"heroku-nel","max_age":3600,"success_fraction":0.005,"failure_fraction":0.05,"response_headers":["Via"]}'
      Connection:
      - keep-alive
      X-Frame-Options:
      - SAMEORIGIN
      X-Xss-Protection:
      - '0'
      X-Content-Type-Options:
      - nosniff
      X-Permitted-Cross-Domain-Policies:
      - none
      Referrer-Policy:
      - strict-origin-when-cross-origin
      Content-Type:
      - application/json; charset=utf-8
      Vary:
      - Accept
      Etag:
      - W/"767b0b6d5fa8810fe5cc5860ca7e6c05"
      Cache-Control:
      - max-age=0, private, must-revalidate
      X-Request-Id:
      - 1113d240-64b9-4019-b1f3-9bcbc7b70753
      X-Runtime:
      - '0.020704'
      Strict-Transport-Security:
      - max-age=63072000; includeSubDomains
      Content-Length:
      - '1027'
      Via:
      - 1.1 vegur
    body:
      encoding: UTF-8
      string: '{"data":{"id":"13","type":"item","attributes":{"name":"Truth serum","animal_products_cost":0,"cloth_cost":0,"farmed_goods_cost":0,"food_cost":0,"foraged_goods_cost":1,"metal_cost":0,"stone_cost":0,"wood_cost":0,"monster_parts_cost":1},"relationships":{"campaign_items":{"data":[{"id":"13","type":"campaign_item"},{"id":"46","type":"campaign_item"},{"id":"73","type":"campaign_item"},{"id":"100","type":"campaign_item"},{"id":"127","type":"campaign_item"},{"id":"154","type":"campaign_item"},{"id":"181","type":"campaign_item"},{"id":"208","type":"campaign_item"},{"id":"235","type":"campaign_item"},{"id":"262","type":"campaign_item"},{"id":"289","type":"campaign_item"}]},"campaigns":{"data":[{"id":"1","type":"campaign"},{"id":"34","type":"campaign"},{"id":"35","type":"campaign"},{"id":"36","type":"campaign"},{"id":"37","type":"campaign"},{"id":"38","type":"campaign"},{"id":"39","type":"campaign"},{"id":"40","type":"campaign"},{"id":"41","type":"campaign"},{"id":"42","type":"campaign"},{"id":"43","type":"campaign"}]}}}}'
  recorded_at: Thu, 06 Jun 2024 18:18:29 GMT
- request:
    method: get
    uri: https://first-mate-be-1f1d4528b074.herokuapp.com/api/v1/items/14
    body:
      encoding: US-ASCII
      string: ''
    headers:
      Content-Type:
      - application/json
      User-Agent:
      - Faraday v2.9.0
      Accept-Encoding:
      - gzip;q=1.0,deflate;q=0.6,identity;q=0.3
      Accept:
      - "*/*"
  response:
    status:
      code: 200
      message: OK
    headers:
      Server:
      - Cowboy
      Date:
      - Thu, 06 Jun 2024 18:18:28 GMT
      Report-To:
      - '{"group":"heroku-nel","max_age":3600,"endpoints":[{"url":"https://nel.heroku.com/reports?ts=1717697909&sid=1b10b0ff-8a76-4548-befa-353fc6c6c045&s=tAFk9uShkFdokg%2Bf8Q3yyB2JyZLdhgmoHBUbzNOY0%2FQ%3D"}]}'
      Reporting-Endpoints:
      - heroku-nel=https://nel.heroku.com/reports?ts=1717697909&sid=1b10b0ff-8a76-4548-befa-353fc6c6c045&s=tAFk9uShkFdokg%2Bf8Q3yyB2JyZLdhgmoHBUbzNOY0%2FQ%3D
      Nel:
      - '{"report_to":"heroku-nel","max_age":3600,"success_fraction":0.005,"failure_fraction":0.05,"response_headers":["Via"]}'
      Connection:
      - keep-alive
      X-Frame-Options:
      - SAMEORIGIN
      X-Xss-Protection:
      - '0'
      X-Content-Type-Options:
      - nosniff
      X-Permitted-Cross-Domain-Policies:
      - none
      Referrer-Policy:
      - strict-origin-when-cross-origin
      Content-Type:
      - application/json; charset=utf-8
      Vary:
      - Accept
      Etag:
      - W/"f259ddb9e71144715ea61a39ec3ea574"
      Cache-Control:
      - max-age=0, private, must-revalidate
      X-Request-Id:
      - 24485a09-c786-49d1-9b43-77fd8b80f9ab
      X-Runtime:
      - '0.030037'
      Strict-Transport-Security:
      - max-age=63072000; includeSubDomains
      Content-Length:
      - '1035'
      Via:
      - 1.1 vegur
    body:
      encoding: UTF-8
      string: '{"data":{"id":"14","type":"item","attributes":{"name":"Oil of slipperiness","animal_products_cost":0,"cloth_cost":0,"farmed_goods_cost":0,"food_cost":0,"foraged_goods_cost":1,"metal_cost":0,"stone_cost":0,"wood_cost":0,"monster_parts_cost":1},"relationships":{"campaign_items":{"data":[{"id":"14","type":"campaign_item"},{"id":"47","type":"campaign_item"},{"id":"74","type":"campaign_item"},{"id":"101","type":"campaign_item"},{"id":"128","type":"campaign_item"},{"id":"155","type":"campaign_item"},{"id":"182","type":"campaign_item"},{"id":"209","type":"campaign_item"},{"id":"236","type":"campaign_item"},{"id":"263","type":"campaign_item"},{"id":"290","type":"campaign_item"}]},"campaigns":{"data":[{"id":"1","type":"campaign"},{"id":"34","type":"campaign"},{"id":"35","type":"campaign"},{"id":"36","type":"campaign"},{"id":"37","type":"campaign"},{"id":"38","type":"campaign"},{"id":"39","type":"campaign"},{"id":"40","type":"campaign"},{"id":"41","type":"campaign"},{"id":"42","type":"campaign"},{"id":"43","type":"campaign"}]}}}}'
  recorded_at: Thu, 06 Jun 2024 18:18:29 GMT
- request:
    method: get
    uri: https://first-mate-be-1f1d4528b074.herokuapp.com/api/v1/items/15
    body:
      encoding: US-ASCII
      string: ''
    headers:
      Content-Type:
      - application/json
      User-Agent:
      - Faraday v2.9.0
      Accept-Encoding:
      - gzip;q=1.0,deflate;q=0.6,identity;q=0.3
      Accept:
      - "*/*"
  response:
    status:
      code: 200
      message: OK
    headers:
      Server:
      - Cowboy
      Date:
      - Thu, 06 Jun 2024 18:18:29 GMT
      Report-To:
      - '{"group":"heroku-nel","max_age":3600,"endpoints":[{"url":"https://nel.heroku.com/reports?ts=1717697909&sid=1b10b0ff-8a76-4548-befa-353fc6c6c045&s=tAFk9uShkFdokg%2Bf8Q3yyB2JyZLdhgmoHBUbzNOY0%2FQ%3D"}]}'
      Reporting-Endpoints:
      - heroku-nel=https://nel.heroku.com/reports?ts=1717697909&sid=1b10b0ff-8a76-4548-befa-353fc6c6c045&s=tAFk9uShkFdokg%2Bf8Q3yyB2JyZLdhgmoHBUbzNOY0%2FQ%3D
      Nel:
      - '{"report_to":"heroku-nel","max_age":3600,"success_fraction":0.005,"failure_fraction":0.05,"response_headers":["Via"]}'
      Connection:
      - keep-alive
      X-Frame-Options:
      - SAMEORIGIN
      X-Xss-Protection:
      - '0'
      X-Content-Type-Options:
      - nosniff
      X-Permitted-Cross-Domain-Policies:
      - none
      Referrer-Policy:
      - strict-origin-when-cross-origin
      Content-Type:
      - application/json; charset=utf-8
      Vary:
      - Accept
      Etag:
      - W/"f6b61caa43d11836389679fd44f2e130"
      Cache-Control:
      - max-age=0, private, must-revalidate
      X-Request-Id:
      - c584b211-e94d-4c01-88fb-780397ab0416
      X-Runtime:
      - '0.022686'
      Strict-Transport-Security:
      - max-age=63072000; includeSubDomains
      Content-Length:
      - '1034'
      Via:
      - 1.1 vegur
    body:
      encoding: UTF-8
      string: '{"data":{"id":"15","type":"item","attributes":{"name":"Potion of climbing","animal_products_cost":0,"cloth_cost":0,"farmed_goods_cost":0,"food_cost":0,"foraged_goods_cost":1,"metal_cost":0,"stone_cost":0,"wood_cost":0,"monster_parts_cost":2},"relationships":{"campaign_items":{"data":[{"id":"15","type":"campaign_item"},{"id":"48","type":"campaign_item"},{"id":"75","type":"campaign_item"},{"id":"102","type":"campaign_item"},{"id":"129","type":"campaign_item"},{"id":"156","type":"campaign_item"},{"id":"183","type":"campaign_item"},{"id":"210","type":"campaign_item"},{"id":"237","type":"campaign_item"},{"id":"264","type":"campaign_item"},{"id":"291","type":"campaign_item"}]},"campaigns":{"data":[{"id":"1","type":"campaign"},{"id":"34","type":"campaign"},{"id":"35","type":"campaign"},{"id":"36","type":"campaign"},{"id":"37","type":"campaign"},{"id":"38","type":"campaign"},{"id":"39","type":"campaign"},{"id":"40","type":"campaign"},{"id":"41","type":"campaign"},{"id":"42","type":"campaign"},{"id":"43","type":"campaign"}]}}}}'
  recorded_at: Thu, 06 Jun 2024 18:18:29 GMT
- request:
    method: get
    uri: https://first-mate-be-1f1d4528b074.herokuapp.com/api/v1/items/16
    body:
      encoding: US-ASCII
      string: ''
    headers:
      Content-Type:
      - application/json
      User-Agent:
      - Faraday v2.9.0
      Accept-Encoding:
      - gzip;q=1.0,deflate;q=0.6,identity;q=0.3
      Accept:
      - "*/*"
  response:
    status:
      code: 200
      message: OK
    headers:
      Server:
      - Cowboy
      Date:
      - Thu, 06 Jun 2024 18:18:30 GMT
      Report-To:
      - '{"group":"heroku-nel","max_age":3600,"endpoints":[{"url":"https://nel.heroku.com/reports?ts=1717697910&sid=1b10b0ff-8a76-4548-befa-353fc6c6c045&s=jGAODvegP25cCAPaaJJJsgAK844vdA71wWOGyFdDcK8%3D"}]}'
      Reporting-Endpoints:
      - heroku-nel=https://nel.heroku.com/reports?ts=1717697910&sid=1b10b0ff-8a76-4548-befa-353fc6c6c045&s=jGAODvegP25cCAPaaJJJsgAK844vdA71wWOGyFdDcK8%3D
      Nel:
      - '{"report_to":"heroku-nel","max_age":3600,"success_fraction":0.005,"failure_fraction":0.05,"response_headers":["Via"]}'
      Connection:
      - keep-alive
      X-Frame-Options:
      - SAMEORIGIN
      X-Xss-Protection:
      - '0'
      X-Content-Type-Options:
      - nosniff
      X-Permitted-Cross-Domain-Policies:
      - none
      Referrer-Policy:
      - strict-origin-when-cross-origin
      Content-Type:
      - application/json; charset=utf-8
      Vary:
      - Accept
      Etag:
      - W/"cad371baa9464a581ed970a396a5e318"
      Cache-Control:
      - max-age=0, private, must-revalidate
      X-Request-Id:
      - e6cf514a-e3f5-496a-a2a1-02d30494fc12
      X-Runtime:
      - '0.008647'
      Strict-Transport-Security:
      - max-age=63072000; includeSubDomains
      Content-Length:
      - '1033'
      Via:
      - 1.1 vegur
    body:
      encoding: UTF-8
      string: '{"data":{"id":"16","type":"item","attributes":{"name":"Potion of healing","animal_products_cost":0,"cloth_cost":0,"farmed_goods_cost":0,"food_cost":0,"foraged_goods_cost":1,"metal_cost":0,"stone_cost":0,"wood_cost":0,"monster_parts_cost":2},"relationships":{"campaign_items":{"data":[{"id":"16","type":"campaign_item"},{"id":"49","type":"campaign_item"},{"id":"76","type":"campaign_item"},{"id":"103","type":"campaign_item"},{"id":"130","type":"campaign_item"},{"id":"157","type":"campaign_item"},{"id":"184","type":"campaign_item"},{"id":"211","type":"campaign_item"},{"id":"238","type":"campaign_item"},{"id":"265","type":"campaign_item"},{"id":"292","type":"campaign_item"}]},"campaigns":{"data":[{"id":"1","type":"campaign"},{"id":"34","type":"campaign"},{"id":"35","type":"campaign"},{"id":"36","type":"campaign"},{"id":"37","type":"campaign"},{"id":"38","type":"campaign"},{"id":"39","type":"campaign"},{"id":"40","type":"campaign"},{"id":"41","type":"campaign"},{"id":"42","type":"campaign"},{"id":"43","type":"campaign"}]}}}}'
  recorded_at: Thu, 06 Jun 2024 18:18:30 GMT
- request:
    method: get
    uri: https://first-mate-be-1f1d4528b074.herokuapp.com/api/v1/items/17
    body:
      encoding: US-ASCII
      string: ''
    headers:
      Content-Type:
      - application/json
      User-Agent:
      - Faraday v2.9.0
      Accept-Encoding:
      - gzip;q=1.0,deflate;q=0.6,identity;q=0.3
      Accept:
      - "*/*"
  response:
    status:
      code: 200
      message: OK
    headers:
      Server:
      - Cowboy
      Date:
      - Thu, 06 Jun 2024 18:18:30 GMT
      Report-To:
      - '{"group":"heroku-nel","max_age":3600,"endpoints":[{"url":"https://nel.heroku.com/reports?ts=1717697910&sid=1b10b0ff-8a76-4548-befa-353fc6c6c045&s=jGAODvegP25cCAPaaJJJsgAK844vdA71wWOGyFdDcK8%3D"}]}'
      Reporting-Endpoints:
      - heroku-nel=https://nel.heroku.com/reports?ts=1717697910&sid=1b10b0ff-8a76-4548-befa-353fc6c6c045&s=jGAODvegP25cCAPaaJJJsgAK844vdA71wWOGyFdDcK8%3D
      Nel:
      - '{"report_to":"heroku-nel","max_age":3600,"success_fraction":0.005,"failure_fraction":0.05,"response_headers":["Via"]}'
      Connection:
      - keep-alive
      X-Frame-Options:
      - SAMEORIGIN
      X-Xss-Protection:
      - '0'
      X-Content-Type-Options:
      - nosniff
      X-Permitted-Cross-Domain-Policies:
      - none
      Referrer-Policy:
      - strict-origin-when-cross-origin
      Content-Type:
      - application/json; charset=utf-8
      Vary:
      - Accept
      Etag:
      - W/"8c00d46e839e13fce321a6c944594af8"
      Cache-Control:
      - max-age=0, private, must-revalidate
      X-Request-Id:
      - 4d5386c5-3261-4531-aa95-e4bd35f573bc
      X-Runtime:
      - '0.012408'
      Strict-Transport-Security:
      - max-age=63072000; includeSubDomains
      Content-Length:
      - '1041'
      Via:
      - 1.1 vegur
    body:
      encoding: UTF-8
      string: '{"data":{"id":"17","type":"item","attributes":{"name":"Potion of water
        breathing","animal_products_cost":0,"cloth_cost":0,"farmed_goods_cost":0,"food_cost":0,"foraged_goods_cost":1,"metal_cost":0,"stone_cost":0,"wood_cost":0,"monster_parts_cost":2},"relationships":{"campaign_items":{"data":[{"id":"17","type":"campaign_item"},{"id":"50","type":"campaign_item"},{"id":"77","type":"campaign_item"},{"id":"104","type":"campaign_item"},{"id":"131","type":"campaign_item"},{"id":"158","type":"campaign_item"},{"id":"185","type":"campaign_item"},{"id":"212","type":"campaign_item"},{"id":"239","type":"campaign_item"},{"id":"266","type":"campaign_item"},{"id":"293","type":"campaign_item"}]},"campaigns":{"data":[{"id":"1","type":"campaign"},{"id":"34","type":"campaign"},{"id":"35","type":"campaign"},{"id":"36","type":"campaign"},{"id":"37","type":"campaign"},{"id":"38","type":"campaign"},{"id":"39","type":"campaign"},{"id":"40","type":"campaign"},{"id":"41","type":"campaign"},{"id":"42","type":"campaign"},{"id":"43","type":"campaign"}]}}}}'
  recorded_at: Thu, 06 Jun 2024 18:18:30 GMT
- request:
    method: get
    uri: https://first-mate-be-1f1d4528b074.herokuapp.com/api/v1/items/18
    body:
      encoding: US-ASCII
      string: ''
    headers:
      Content-Type:
      - application/json
      User-Agent:
      - Faraday v2.9.0
      Accept-Encoding:
      - gzip;q=1.0,deflate;q=0.6,identity;q=0.3
      Accept:
      - "*/*"
  response:
    status:
      code: 200
      message: OK
    headers:
      Server:
      - Cowboy
      Date:
      - Thu, 06 Jun 2024 18:18:30 GMT
      Report-To:
      - '{"group":"heroku-nel","max_age":3600,"endpoints":[{"url":"https://nel.heroku.com/reports?ts=1717697911&sid=1b10b0ff-8a76-4548-befa-353fc6c6c045&s=lM1qPDYhfjGweJs4%2FkYh60G5HZly63NLRQmGCr7SOGQ%3D"}]}'
      Reporting-Endpoints:
      - heroku-nel=https://nel.heroku.com/reports?ts=1717697911&sid=1b10b0ff-8a76-4548-befa-353fc6c6c045&s=lM1qPDYhfjGweJs4%2FkYh60G5HZly63NLRQmGCr7SOGQ%3D
      Nel:
      - '{"report_to":"heroku-nel","max_age":3600,"success_fraction":0.005,"failure_fraction":0.05,"response_headers":["Via"]}'
      Connection:
      - keep-alive
      X-Frame-Options:
      - SAMEORIGIN
      X-Xss-Protection:
      - '0'
      X-Content-Type-Options:
      - nosniff
      X-Permitted-Cross-Domain-Policies:
      - none
      Referrer-Policy:
      - strict-origin-when-cross-origin
      Content-Type:
      - application/json; charset=utf-8
      Vary:
      - Accept
      Etag:
      - W/"3403b50b8093b69aa23b26cb21ad3f73"
      Cache-Control:
      - max-age=0, private, must-revalidate
      X-Request-Id:
      - c363c515-ef04-4cb0-963d-cf1ec6518dc6
      X-Runtime:
      - '0.051264'
      Strict-Transport-Security:
      - max-age=63072000; includeSubDomains
      Content-Length:
      - '1022'
      Via:
      - 1.1 vegur
    body:
      encoding: UTF-8
      string: '{"data":{"id":"18","type":"item","attributes":{"name":"Barge","animal_products_cost":0,"cloth_cost":2,"farmed_goods_cost":0,"food_cost":0,"foraged_goods_cost":0,"metal_cost":0,"stone_cost":0,"wood_cost":10,"monster_parts_cost":0},"relationships":{"campaign_items":{"data":[{"id":"18","type":"campaign_item"},{"id":"51","type":"campaign_item"},{"id":"78","type":"campaign_item"},{"id":"105","type":"campaign_item"},{"id":"132","type":"campaign_item"},{"id":"159","type":"campaign_item"},{"id":"186","type":"campaign_item"},{"id":"213","type":"campaign_item"},{"id":"240","type":"campaign_item"},{"id":"267","type":"campaign_item"},{"id":"294","type":"campaign_item"}]},"campaigns":{"data":[{"id":"1","type":"campaign"},{"id":"34","type":"campaign"},{"id":"35","type":"campaign"},{"id":"36","type":"campaign"},{"id":"37","type":"campaign"},{"id":"38","type":"campaign"},{"id":"39","type":"campaign"},{"id":"40","type":"campaign"},{"id":"41","type":"campaign"},{"id":"42","type":"campaign"},{"id":"43","type":"campaign"}]}}}}'
  recorded_at: Thu, 06 Jun 2024 18:18:31 GMT
- request:
    method: get
    uri: https://first-mate-be-1f1d4528b074.herokuapp.com/api/v1/items/19
    body:
      encoding: US-ASCII
      string: ''
    headers:
      Content-Type:
      - application/json
      User-Agent:
      - Faraday v2.9.0
      Accept-Encoding:
      - gzip;q=1.0,deflate;q=0.6,identity;q=0.3
      Accept:
      - "*/*"
  response:
    status:
      code: 200
      message: OK
    headers:
      Server:
      - Cowboy
      Date:
      - Thu, 06 Jun 2024 18:18:31 GMT
      Report-To:
      - '{"group":"heroku-nel","max_age":3600,"endpoints":[{"url":"https://nel.heroku.com/reports?ts=1717697911&sid=1b10b0ff-8a76-4548-befa-353fc6c6c045&s=lM1qPDYhfjGweJs4%2FkYh60G5HZly63NLRQmGCr7SOGQ%3D"}]}'
      Reporting-Endpoints:
      - heroku-nel=https://nel.heroku.com/reports?ts=1717697911&sid=1b10b0ff-8a76-4548-befa-353fc6c6c045&s=lM1qPDYhfjGweJs4%2FkYh60G5HZly63NLRQmGCr7SOGQ%3D
      Nel:
      - '{"report_to":"heroku-nel","max_age":3600,"success_fraction":0.005,"failure_fraction":0.05,"response_headers":["Via"]}'
      Connection:
      - keep-alive
      X-Frame-Options:
      - SAMEORIGIN
      X-Xss-Protection:
      - '0'
      X-Content-Type-Options:
      - nosniff
      X-Permitted-Cross-Domain-Policies:
      - none
      Referrer-Policy:
      - strict-origin-when-cross-origin
      Content-Type:
      - application/json; charset=utf-8
      Vary:
      - Accept
      Etag:
      - W/"48b7532b9537c16aa0bc10a4184b2f24"
      Cache-Control:
      - max-age=0, private, must-revalidate
      X-Request-Id:
      - ba1d82fd-b74f-4efb-a235-b0dcea48db98
      X-Runtime:
      - '0.006978'
      Strict-Transport-Security:
      - max-age=63072000; includeSubDomains
      Content-Length:
      - '1023'
      Via:
      - 1.1 vegur
    body:
      encoding: UTF-8
      string: '{"data":{"id":"19","type":"item","attributes":{"name":"Coracle","animal_products_cost":0,"cloth_cost":2,"farmed_goods_cost":0,"food_cost":0,"foraged_goods_cost":0,"metal_cost":0,"stone_cost":0,"wood_cost":2,"monster_parts_cost":0},"relationships":{"campaign_items":{"data":[{"id":"19","type":"campaign_item"},{"id":"52","type":"campaign_item"},{"id":"79","type":"campaign_item"},{"id":"106","type":"campaign_item"},{"id":"133","type":"campaign_item"},{"id":"160","type":"campaign_item"},{"id":"187","type":"campaign_item"},{"id":"214","type":"campaign_item"},{"id":"241","type":"campaign_item"},{"id":"268","type":"campaign_item"},{"id":"295","type":"campaign_item"}]},"campaigns":{"data":[{"id":"1","type":"campaign"},{"id":"34","type":"campaign"},{"id":"35","type":"campaign"},{"id":"36","type":"campaign"},{"id":"37","type":"campaign"},{"id":"38","type":"campaign"},{"id":"39","type":"campaign"},{"id":"40","type":"campaign"},{"id":"41","type":"campaign"},{"id":"42","type":"campaign"},{"id":"43","type":"campaign"}]}}}}'
  recorded_at: Thu, 06 Jun 2024 18:18:31 GMT
- request:
    method: get
    uri: https://first-mate-be-1f1d4528b074.herokuapp.com/api/v1/items/20
    body:
      encoding: US-ASCII
      string: ''
    headers:
      Content-Type:
      - application/json
      User-Agent:
      - Faraday v2.9.0
      Accept-Encoding:
      - gzip;q=1.0,deflate;q=0.6,identity;q=0.3
      Accept:
      - "*/*"
  response:
    status:
      code: 200
      message: OK
    headers:
      Server:
      - Cowboy
      Date:
      - Thu, 06 Jun 2024 18:18:31 GMT
      Report-To:
      - '{"group":"heroku-nel","max_age":3600,"endpoints":[{"url":"https://nel.heroku.com/reports?ts=1717697911&sid=1b10b0ff-8a76-4548-befa-353fc6c6c045&s=lM1qPDYhfjGweJs4%2FkYh60G5HZly63NLRQmGCr7SOGQ%3D"}]}'
      Reporting-Endpoints:
      - heroku-nel=https://nel.heroku.com/reports?ts=1717697911&sid=1b10b0ff-8a76-4548-befa-353fc6c6c045&s=lM1qPDYhfjGweJs4%2FkYh60G5HZly63NLRQmGCr7SOGQ%3D
      Nel:
      - '{"report_to":"heroku-nel","max_age":3600,"success_fraction":0.005,"failure_fraction":0.05,"response_headers":["Via"]}'
      Connection:
      - keep-alive
      X-Frame-Options:
      - SAMEORIGIN
      X-Xss-Protection:
      - '0'
      X-Content-Type-Options:
      - nosniff
      X-Permitted-Cross-Domain-Policies:
      - none
      Referrer-Policy:
      - strict-origin-when-cross-origin
      Content-Type:
      - application/json; charset=utf-8
      Vary:
      - Accept
      Etag:
      - W/"306b64d9a9b2108b91b40fabbc152646"
      Cache-Control:
      - max-age=0, private, must-revalidate
      X-Request-Id:
      - 38c9f0f9-1bee-479c-a3ad-41be7358b2b7
      X-Runtime:
      - '0.022303'
      Strict-Transport-Security:
      - max-age=63072000; includeSubDomains
      Content-Length:
      - '1043'
      Via:
      - 1.1 vegur
    body:
      encoding: UTF-8
      string: '{"data":{"id":"20","type":"item","attributes":{"name":"Double hulled
        sailing canoe","animal_products_cost":0,"cloth_cost":2,"farmed_goods_cost":0,"food_cost":0,"foraged_goods_cost":0,"metal_cost":0,"stone_cost":0,"wood_cost":7,"monster_parts_cost":0},"relationships":{"campaign_items":{"data":[{"id":"20","type":"campaign_item"},{"id":"53","type":"campaign_item"},{"id":"80","type":"campaign_item"},{"id":"107","type":"campaign_item"},{"id":"134","type":"campaign_item"},{"id":"161","type":"campaign_item"},{"id":"188","type":"campaign_item"},{"id":"215","type":"campaign_item"},{"id":"242","type":"campaign_item"},{"id":"269","type":"campaign_item"},{"id":"296","type":"campaign_item"}]},"campaigns":{"data":[{"id":"1","type":"campaign"},{"id":"34","type":"campaign"},{"id":"35","type":"campaign"},{"id":"36","type":"campaign"},{"id":"37","type":"campaign"},{"id":"38","type":"campaign"},{"id":"39","type":"campaign"},{"id":"40","type":"campaign"},{"id":"41","type":"campaign"},{"id":"42","type":"campaign"},{"id":"43","type":"campaign"}]}}}}'
  recorded_at: Thu, 06 Jun 2024 18:18:31 GMT
- request:
    method: get
    uri: https://first-mate-be-1f1d4528b074.herokuapp.com/api/v1/items/21
    body:
      encoding: US-ASCII
      string: ''
    headers:
      Content-Type:
      - application/json
      User-Agent:
      - Faraday v2.9.0
      Accept-Encoding:
      - gzip;q=1.0,deflate;q=0.6,identity;q=0.3
      Accept:
      - "*/*"
  response:
    status:
      code: 200
      message: OK
    headers:
      Server:
      - Cowboy
      Date:
      - Thu, 06 Jun 2024 18:18:31 GMT
      Report-To:
      - '{"group":"heroku-nel","max_age":3600,"endpoints":[{"url":"https://nel.heroku.com/reports?ts=1717697912&sid=1b10b0ff-8a76-4548-befa-353fc6c6c045&s=RGyQCJy8ykf4CxfBKXDGg2talluMIRCn4PyYcvnFZaI%3D"}]}'
      Reporting-Endpoints:
      - heroku-nel=https://nel.heroku.com/reports?ts=1717697912&sid=1b10b0ff-8a76-4548-befa-353fc6c6c045&s=RGyQCJy8ykf4CxfBKXDGg2talluMIRCn4PyYcvnFZaI%3D
      Nel:
      - '{"report_to":"heroku-nel","max_age":3600,"success_fraction":0.005,"failure_fraction":0.05,"response_headers":["Via"]}'
      Connection:
      - keep-alive
      X-Frame-Options:
      - SAMEORIGIN
      X-Xss-Protection:
      - '0'
      X-Content-Type-Options:
      - nosniff
      X-Permitted-Cross-Domain-Policies:
      - none
      Referrer-Policy:
      - strict-origin-when-cross-origin
      Content-Type:
      - application/json; charset=utf-8
      Vary:
      - Accept
      Etag:
      - W/"b6fa96728d18cb4dc1b91e3e15186828"
      Cache-Control:
      - max-age=0, private, must-revalidate
      X-Request-Id:
      - 6eda0ed0-7ef8-46d1-b5ac-c1cb347d3279
      X-Runtime:
      - '0.018098'
      Strict-Transport-Security:
      - max-age=63072000; includeSubDomains
      Content-Length:
      - '1024'
      Via:
      - 1.1 vegur
    body:
      encoding: UTF-8
      string: '{"data":{"id":"21","type":"item","attributes":{"name":"Keelboat","animal_products_cost":0,"cloth_cost":2,"farmed_goods_cost":0,"food_cost":0,"foraged_goods_cost":0,"metal_cost":0,"stone_cost":0,"wood_cost":5,"monster_parts_cost":0},"relationships":{"campaign_items":{"data":[{"id":"21","type":"campaign_item"},{"id":"54","type":"campaign_item"},{"id":"81","type":"campaign_item"},{"id":"108","type":"campaign_item"},{"id":"135","type":"campaign_item"},{"id":"162","type":"campaign_item"},{"id":"189","type":"campaign_item"},{"id":"216","type":"campaign_item"},{"id":"243","type":"campaign_item"},{"id":"270","type":"campaign_item"},{"id":"297","type":"campaign_item"}]},"campaigns":{"data":[{"id":"1","type":"campaign"},{"id":"34","type":"campaign"},{"id":"35","type":"campaign"},{"id":"36","type":"campaign"},{"id":"37","type":"campaign"},{"id":"38","type":"campaign"},{"id":"39","type":"campaign"},{"id":"40","type":"campaign"},{"id":"41","type":"campaign"},{"id":"42","type":"campaign"},{"id":"43","type":"campaign"}]}}}}'
  recorded_at: Thu, 06 Jun 2024 18:18:32 GMT
- request:
    method: get
    uri: https://first-mate-be-1f1d4528b074.herokuapp.com/api/v1/items/22
    body:
      encoding: US-ASCII
      string: ''
    headers:
      Content-Type:
      - application/json
      User-Agent:
      - Faraday v2.9.0
      Accept-Encoding:
      - gzip;q=1.0,deflate;q=0.6,identity;q=0.3
      Accept:
      - "*/*"
  response:
    status:
      code: 200
      message: OK
    headers:
      Server:
      - Cowboy
      Date:
      - Thu, 06 Jun 2024 18:18:32 GMT
      Report-To:
      - '{"group":"heroku-nel","max_age":3600,"endpoints":[{"url":"https://nel.heroku.com/reports?ts=1717697912&sid=1b10b0ff-8a76-4548-befa-353fc6c6c045&s=RGyQCJy8ykf4CxfBKXDGg2talluMIRCn4PyYcvnFZaI%3D"}]}'
      Reporting-Endpoints:
      - heroku-nel=https://nel.heroku.com/reports?ts=1717697912&sid=1b10b0ff-8a76-4548-befa-353fc6c6c045&s=RGyQCJy8ykf4CxfBKXDGg2talluMIRCn4PyYcvnFZaI%3D
      Nel:
      - '{"report_to":"heroku-nel","max_age":3600,"success_fraction":0.005,"failure_fraction":0.05,"response_headers":["Via"]}'
      Connection:
      - keep-alive
      X-Frame-Options:
      - SAMEORIGIN
      X-Xss-Protection:
      - '0'
      X-Content-Type-Options:
      - nosniff
      X-Permitted-Cross-Domain-Policies:
      - none
      Referrer-Policy:
      - strict-origin-when-cross-origin
      Content-Type:
      - application/json; charset=utf-8
      Vary:
      - Accept
      Etag:
      - W/"05bdc20c168c606cfc1571df9f366eeb"
      Cache-Control:
      - max-age=0, private, must-revalidate
      X-Request-Id:
      - 5a4899d4-2588-4c85-9ed2-1ceee7a2a6dd
      X-Runtime:
      - '0.020395'
      Strict-Transport-Security:
      - max-age=63072000; includeSubDomains
      Content-Length:
      - '1020'
      Via:
      - 1.1 vegur
    body:
      encoding: UTF-8
      string: '{"data":{"id":"22","type":"item","attributes":{"name":"Raft","animal_products_cost":0,"cloth_cost":0,"farmed_goods_cost":0,"food_cost":0,"foraged_goods_cost":0,"metal_cost":0,"stone_cost":0,"wood_cost":3,"monster_parts_cost":0},"relationships":{"campaign_items":{"data":[{"id":"22","type":"campaign_item"},{"id":"55","type":"campaign_item"},{"id":"82","type":"campaign_item"},{"id":"109","type":"campaign_item"},{"id":"136","type":"campaign_item"},{"id":"163","type":"campaign_item"},{"id":"190","type":"campaign_item"},{"id":"217","type":"campaign_item"},{"id":"244","type":"campaign_item"},{"id":"271","type":"campaign_item"},{"id":"298","type":"campaign_item"}]},"campaigns":{"data":[{"id":"1","type":"campaign"},{"id":"34","type":"campaign"},{"id":"35","type":"campaign"},{"id":"36","type":"campaign"},{"id":"37","type":"campaign"},{"id":"38","type":"campaign"},{"id":"39","type":"campaign"},{"id":"40","type":"campaign"},{"id":"41","type":"campaign"},{"id":"42","type":"campaign"},{"id":"43","type":"campaign"}]}}}}'
  recorded_at: Thu, 06 Jun 2024 18:18:32 GMT
- request:
    method: get
    uri: https://first-mate-be-1f1d4528b074.herokuapp.com/api/v1/items/23
    body:
      encoding: US-ASCII
      string: ''
    headers:
      Content-Type:
      - application/json
      User-Agent:
      - Faraday v2.9.0
      Accept-Encoding:
      - gzip;q=1.0,deflate;q=0.6,identity;q=0.3
      Accept:
      - "*/*"
  response:
    status:
      code: 200
      message: OK
    headers:
      Server:
      - Cowboy
      Date:
      - Thu, 06 Jun 2024 18:18:32 GMT
      Report-To:
      - '{"group":"heroku-nel","max_age":3600,"endpoints":[{"url":"https://nel.heroku.com/reports?ts=1717697912&sid=1b10b0ff-8a76-4548-befa-353fc6c6c045&s=RGyQCJy8ykf4CxfBKXDGg2talluMIRCn4PyYcvnFZaI%3D"}]}'
      Reporting-Endpoints:
      - heroku-nel=https://nel.heroku.com/reports?ts=1717697912&sid=1b10b0ff-8a76-4548-befa-353fc6c6c045&s=RGyQCJy8ykf4CxfBKXDGg2talluMIRCn4PyYcvnFZaI%3D
      Nel:
      - '{"report_to":"heroku-nel","max_age":3600,"success_fraction":0.005,"failure_fraction":0.05,"response_headers":["Via"]}'
      Connection:
      - keep-alive
      X-Frame-Options:
      - SAMEORIGIN
      X-Xss-Protection:
      - '0'
      X-Content-Type-Options:
      - nosniff
      X-Permitted-Cross-Domain-Policies:
      - none
      Referrer-Policy:
      - strict-origin-when-cross-origin
      Content-Type:
      - application/json; charset=utf-8
      Vary:
      - Accept
      Etag:
      - W/"84d429970a44244f8c10181fe41c7512"
      Cache-Control:
      - max-age=0, private, must-revalidate
      X-Request-Id:
      - 693b5ab0-7c89-48d1-aa3d-bf6d6d20e4a8
      X-Runtime:
      - '0.012932'
      Strict-Transport-Security:
      - max-age=63072000; includeSubDomains
      Content-Length:
      - '1043'
      Via:
      - 1.1 vegur
    body:
      encoding: UTF-8
      string: '{"data":{"id":"23","type":"item","attributes":{"name":"Single hulled
        sailing canoe","animal_products_cost":0,"cloth_cost":2,"farmed_goods_cost":0,"food_cost":0,"foraged_goods_cost":0,"metal_cost":0,"stone_cost":0,"wood_cost":5,"monster_parts_cost":0},"relationships":{"campaign_items":{"data":[{"id":"23","type":"campaign_item"},{"id":"56","type":"campaign_item"},{"id":"83","type":"campaign_item"},{"id":"110","type":"campaign_item"},{"id":"137","type":"campaign_item"},{"id":"164","type":"campaign_item"},{"id":"191","type":"campaign_item"},{"id":"218","type":"campaign_item"},{"id":"245","type":"campaign_item"},{"id":"272","type":"campaign_item"},{"id":"299","type":"campaign_item"}]},"campaigns":{"data":[{"id":"1","type":"campaign"},{"id":"34","type":"campaign"},{"id":"35","type":"campaign"},{"id":"36","type":"campaign"},{"id":"37","type":"campaign"},{"id":"38","type":"campaign"},{"id":"39","type":"campaign"},{"id":"40","type":"campaign"},{"id":"41","type":"campaign"},{"id":"42","type":"campaign"},{"id":"43","type":"campaign"}]}}}}'
  recorded_at: Thu, 06 Jun 2024 18:18:32 GMT
- request:
    method: get
    uri: https://first-mate-be-1f1d4528b074.herokuapp.com/api/v1/items/24
    body:
      encoding: US-ASCII
      string: ''
    headers:
      Content-Type:
      - application/json
      User-Agent:
      - Faraday v2.9.0
      Accept-Encoding:
      - gzip;q=1.0,deflate;q=0.6,identity;q=0.3
      Accept:
      - "*/*"
  response:
    status:
      code: 200
      message: OK
    headers:
      Server:
      - Cowboy
      Date:
      - Thu, 06 Jun 2024 18:18:32 GMT
      Report-To:
      - '{"group":"heroku-nel","max_age":3600,"endpoints":[{"url":"https://nel.heroku.com/reports?ts=1717697913&sid=1b10b0ff-8a76-4548-befa-353fc6c6c045&s=N652JPE%2FOcc6Qd2GO4w4h5YKcPkfWlnOzpRBiY2onyA%3D"}]}'
      Reporting-Endpoints:
      - heroku-nel=https://nel.heroku.com/reports?ts=1717697913&sid=1b10b0ff-8a76-4548-befa-353fc6c6c045&s=N652JPE%2FOcc6Qd2GO4w4h5YKcPkfWlnOzpRBiY2onyA%3D
      Nel:
      - '{"report_to":"heroku-nel","max_age":3600,"success_fraction":0.005,"failure_fraction":0.05,"response_headers":["Via"]}'
      Connection:
      - keep-alive
      X-Frame-Options:
      - SAMEORIGIN
      X-Xss-Protection:
      - '0'
      X-Content-Type-Options:
      - nosniff
      X-Permitted-Cross-Domain-Policies:
      - none
      Referrer-Policy:
      - strict-origin-when-cross-origin
      Content-Type:
      - application/json; charset=utf-8
      Vary:
      - Accept
      Etag:
      - W/"2a871fea145dbcf5fbbd3377f4640dfa"
      Cache-Control:
      - max-age=0, private, must-revalidate
      X-Request-Id:
      - b8c98092-6237-4bd5-83b5-c23f64156c6b
      X-Runtime:
      - '0.057458'
      Strict-Transport-Security:
      - max-age=63072000; includeSubDomains
      Content-Length:
      - '1024'
      Via:
      - 1.1 vegur
    body:
      encoding: UTF-8
      string: '{"data":{"id":"24","type":"item","attributes":{"name":"Ballista","animal_products_cost":0,"cloth_cost":0,"farmed_goods_cost":0,"food_cost":0,"foraged_goods_cost":0,"metal_cost":0,"stone_cost":0,"wood_cost":3,"monster_parts_cost":0},"relationships":{"campaign_items":{"data":[{"id":"24","type":"campaign_item"},{"id":"57","type":"campaign_item"},{"id":"84","type":"campaign_item"},{"id":"111","type":"campaign_item"},{"id":"138","type":"campaign_item"},{"id":"165","type":"campaign_item"},{"id":"192","type":"campaign_item"},{"id":"219","type":"campaign_item"},{"id":"246","type":"campaign_item"},{"id":"273","type":"campaign_item"},{"id":"300","type":"campaign_item"}]},"campaigns":{"data":[{"id":"1","type":"campaign"},{"id":"34","type":"campaign"},{"id":"35","type":"campaign"},{"id":"36","type":"campaign"},{"id":"37","type":"campaign"},{"id":"38","type":"campaign"},{"id":"39","type":"campaign"},{"id":"40","type":"campaign"},{"id":"41","type":"campaign"},{"id":"42","type":"campaign"},{"id":"43","type":"campaign"}]}}}}'
  recorded_at: Thu, 06 Jun 2024 18:18:33 GMT
- request:
    method: get
    uri: https://first-mate-be-1f1d4528b074.herokuapp.com/api/v1/items/25
    body:
      encoding: US-ASCII
      string: ''
    headers:
      Content-Type:
      - application/json
      User-Agent:
      - Faraday v2.9.0
      Accept-Encoding:
      - gzip;q=1.0,deflate;q=0.6,identity;q=0.3
      Accept:
      - "*/*"
  response:
    status:
      code: 200
      message: OK
    headers:
      Server:
      - Cowboy
      Date:
      - Thu, 06 Jun 2024 18:18:33 GMT
      Report-To:
      - '{"group":"heroku-nel","max_age":3600,"endpoints":[{"url":"https://nel.heroku.com/reports?ts=1717697913&sid=1b10b0ff-8a76-4548-befa-353fc6c6c045&s=N652JPE%2FOcc6Qd2GO4w4h5YKcPkfWlnOzpRBiY2onyA%3D"}]}'
      Reporting-Endpoints:
      - heroku-nel=https://nel.heroku.com/reports?ts=1717697913&sid=1b10b0ff-8a76-4548-befa-353fc6c6c045&s=N652JPE%2FOcc6Qd2GO4w4h5YKcPkfWlnOzpRBiY2onyA%3D
      Nel:
      - '{"report_to":"heroku-nel","max_age":3600,"success_fraction":0.005,"failure_fraction":0.05,"response_headers":["Via"]}'
      Connection:
      - keep-alive
      X-Frame-Options:
      - SAMEORIGIN
      X-Xss-Protection:
      - '0'
      X-Content-Type-Options:
      - nosniff
      X-Permitted-Cross-Domain-Policies:
      - none
      Referrer-Policy:
      - strict-origin-when-cross-origin
      Content-Type:
      - application/json; charset=utf-8
      Vary:
      - Accept
      Etag:
      - W/"95f09faefb885234b6ba99c5f735f9b1"
      Cache-Control:
      - max-age=0, private, must-revalidate
      X-Request-Id:
      - e959a0a8-f71a-4b0d-90a7-cff16dcdd078
      X-Runtime:
      - '0.044348'
      Strict-Transport-Security:
      - max-age=63072000; includeSubDomains
      Content-Length:
      - '1021'
      Via:
      - 1.1 vegur
    body:
      encoding: UTF-8
      string: '{"data":{"id":"25","type":"item","attributes":{"name":"Cabin","animal_products_cost":0,"cloth_cost":0,"farmed_goods_cost":2,"food_cost":0,"foraged_goods_cost":0,"metal_cost":0,"stone_cost":0,"wood_cost":7,"monster_parts_cost":0},"relationships":{"campaign_items":{"data":[{"id":"25","type":"campaign_item"},{"id":"58","type":"campaign_item"},{"id":"85","type":"campaign_item"},{"id":"112","type":"campaign_item"},{"id":"139","type":"campaign_item"},{"id":"166","type":"campaign_item"},{"id":"193","type":"campaign_item"},{"id":"220","type":"campaign_item"},{"id":"247","type":"campaign_item"},{"id":"274","type":"campaign_item"},{"id":"301","type":"campaign_item"}]},"campaigns":{"data":[{"id":"1","type":"campaign"},{"id":"34","type":"campaign"},{"id":"35","type":"campaign"},{"id":"36","type":"campaign"},{"id":"37","type":"campaign"},{"id":"38","type":"campaign"},{"id":"39","type":"campaign"},{"id":"40","type":"campaign"},{"id":"41","type":"campaign"},{"id":"42","type":"campaign"},{"id":"43","type":"campaign"}]}}}}'
  recorded_at: Thu, 06 Jun 2024 18:18:33 GMT
- request:
    method: get
    uri: https://first-mate-be-1f1d4528b074.herokuapp.com/api/v1/items/26
    body:
      encoding: US-ASCII
      string: ''
    headers:
      Content-Type:
      - application/json
      User-Agent:
      - Faraday v2.9.0
      Accept-Encoding:
      - gzip;q=1.0,deflate;q=0.6,identity;q=0.3
      Accept:
      - "*/*"
  response:
    status:
      code: 200
      message: OK
    headers:
      Server:
      - Cowboy
      Date:
      - Thu, 06 Jun 2024 18:18:33 GMT
      Report-To:
      - '{"group":"heroku-nel","max_age":3600,"endpoints":[{"url":"https://nel.heroku.com/reports?ts=1717697914&sid=1b10b0ff-8a76-4548-befa-353fc6c6c045&s=GVsrMk8H97tUY2r%2BIIwyxqPK5X8eW5kwfTnG5i%2B6%2F6w%3D"}]}'
      Reporting-Endpoints:
      - heroku-nel=https://nel.heroku.com/reports?ts=1717697914&sid=1b10b0ff-8a76-4548-befa-353fc6c6c045&s=GVsrMk8H97tUY2r%2BIIwyxqPK5X8eW5kwfTnG5i%2B6%2F6w%3D
      Nel:
      - '{"report_to":"heroku-nel","max_age":3600,"success_fraction":0.005,"failure_fraction":0.05,"response_headers":["Via"]}'
      Connection:
      - keep-alive
      X-Frame-Options:
      - SAMEORIGIN
      X-Xss-Protection:
      - '0'
      X-Content-Type-Options:
      - nosniff
      X-Permitted-Cross-Domain-Policies:
      - none
      Referrer-Policy:
      - strict-origin-when-cross-origin
      Content-Type:
      - application/json; charset=utf-8
      Vary:
      - Accept
      Etag:
      - W/"d89d2df810f1eb2d1536698ad57e1e33"
      Cache-Control:
      - max-age=0, private, must-revalidate
      X-Request-Id:
      - eaa6060f-d03c-4e50-bc38-1291e86c5ec5
      X-Runtime:
      - '0.019934'
      Strict-Transport-Security:
      - max-age=63072000; includeSubDomains
      Content-Length:
      - '1032'
      Via:
      - 1.1 vegur
    body:
      encoding: UTF-8
      string: '{"data":{"id":"26","type":"item","attributes":{"name":"Magical defenses","animal_products_cost":0,"cloth_cost":0,"farmed_goods_cost":0,"food_cost":0,"foraged_goods_cost":0,"metal_cost":0,"stone_cost":9,"wood_cost":3,"monster_parts_cost":0},"relationships":{"campaign_items":{"data":[{"id":"26","type":"campaign_item"},{"id":"59","type":"campaign_item"},{"id":"86","type":"campaign_item"},{"id":"113","type":"campaign_item"},{"id":"140","type":"campaign_item"},{"id":"167","type":"campaign_item"},{"id":"194","type":"campaign_item"},{"id":"221","type":"campaign_item"},{"id":"248","type":"campaign_item"},{"id":"275","type":"campaign_item"},{"id":"302","type":"campaign_item"}]},"campaigns":{"data":[{"id":"1","type":"campaign"},{"id":"34","type":"campaign"},{"id":"35","type":"campaign"},{"id":"36","type":"campaign"},{"id":"37","type":"campaign"},{"id":"38","type":"campaign"},{"id":"39","type":"campaign"},{"id":"40","type":"campaign"},{"id":"41","type":"campaign"},{"id":"42","type":"campaign"},{"id":"43","type":"campaign"}]}}}}'
  recorded_at: Thu, 06 Jun 2024 18:18:34 GMT
- request:
    method: get
    uri: https://first-mate-be-1f1d4528b074.herokuapp.com/api/v1/items/27
    body:
      encoding: US-ASCII
      string: ''
    headers:
      Content-Type:
      - application/json
      User-Agent:
      - Faraday v2.9.0
      Accept-Encoding:
      - gzip;q=1.0,deflate;q=0.6,identity;q=0.3
      Accept:
      - "*/*"
  response:
    status:
      code: 200
      message: OK
    headers:
      Server:
      - Cowboy
      Date:
      - Thu, 06 Jun 2024 18:18:34 GMT
      Report-To:
      - '{"group":"heroku-nel","max_age":3600,"endpoints":[{"url":"https://nel.heroku.com/reports?ts=1717697914&sid=1b10b0ff-8a76-4548-befa-353fc6c6c045&s=GVsrMk8H97tUY2r%2BIIwyxqPK5X8eW5kwfTnG5i%2B6%2F6w%3D"}]}'
      Reporting-Endpoints:
      - heroku-nel=https://nel.heroku.com/reports?ts=1717697914&sid=1b10b0ff-8a76-4548-befa-353fc6c6c045&s=GVsrMk8H97tUY2r%2BIIwyxqPK5X8eW5kwfTnG5i%2B6%2F6w%3D
      Nel:
      - '{"report_to":"heroku-nel","max_age":3600,"success_fraction":0.005,"failure_fraction":0.05,"response_headers":["Via"]}'
      Connection:
      - keep-alive
      X-Frame-Options:
      - SAMEORIGIN
      X-Xss-Protection:
      - '0'
      X-Content-Type-Options:
      - nosniff
      X-Permitted-Cross-Domain-Policies:
      - none
      Referrer-Policy:
      - strict-origin-when-cross-origin
      Content-Type:
      - application/json; charset=utf-8
      Vary:
      - Accept
      Etag:
      - W/"40dc861e42d02de20f6d5c217bad266f"
      Cache-Control:
      - max-age=0, private, must-revalidate
      X-Request-Id:
      - 66c89a0d-e6a5-4383-91cb-20a806ff1ad4
      X-Runtime:
      - '0.044067'
      Strict-Transport-Security:
      - max-age=63072000; includeSubDomains
      Content-Length:
      - '1023'
      Via:
      - 1.1 vegur
    body:
      encoding: UTF-8
      string: '{"data":{"id":"27","type":"item","attributes":{"name":"Storage","animal_products_cost":0,"cloth_cost":0,"farmed_goods_cost":0,"food_cost":0,"foraged_goods_cost":0,"metal_cost":0,"stone_cost":0,"wood_cost":7,"monster_parts_cost":0},"relationships":{"campaign_items":{"data":[{"id":"27","type":"campaign_item"},{"id":"60","type":"campaign_item"},{"id":"87","type":"campaign_item"},{"id":"114","type":"campaign_item"},{"id":"141","type":"campaign_item"},{"id":"168","type":"campaign_item"},{"id":"195","type":"campaign_item"},{"id":"222","type":"campaign_item"},{"id":"249","type":"campaign_item"},{"id":"276","type":"campaign_item"},{"id":"303","type":"campaign_item"}]},"campaigns":{"data":[{"id":"1","type":"campaign"},{"id":"34","type":"campaign"},{"id":"35","type":"campaign"},{"id":"36","type":"campaign"},{"id":"37","type":"campaign"},{"id":"38","type":"campaign"},{"id":"39","type":"campaign"},{"id":"40","type":"campaign"},{"id":"41","type":"campaign"},{"id":"42","type":"campaign"},{"id":"43","type":"campaign"}]}}}}'
  recorded_at: Thu, 06 Jun 2024 18:18:34 GMT
recorded_with: VCR 6.2.0
