---
http_interactions:
- request:
    method: get
    uri: http://localhost:3000/api/v1/campaigns/3
    body:
      encoding: US-ASCII
      string: ''
    headers:
      Content-Type:
      - application/json
      User-Agent:
      - Faraday v2.9.0
      Accept-Encoding:
      - gzip;q=1.0,deflate;q=0.6,identity;q=0.3
      Accept:
      - "*/*"
  response:
    status:
      code: 200
      message: OK
    headers:
      X-Frame-Options:
      - SAMEORIGIN
      X-Xss-Protection:
      - '0'
      X-Content-Type-Options:
      - nosniff
      X-Permitted-Cross-Domain-Policies:
      - none
      Referrer-Policy:
      - strict-origin-when-cross-origin
      Content-Type:
      - application/json; charset=utf-8
      Vary:
      - Accept
      Etag:
      - W/"efb7d920e845a487262d823b934fafc7"
      Cache-Control:
      - max-age=0, private, must-revalidate
      X-Request-Id:
      - 3cbe513e-40eb-42d0-b633-cfa5ad5a9a12
      X-Runtime:
      - '0.078545'
      Server-Timing:
      - start_processing.action_controller;dur=0.01, sql.active_record;dur=24.25,
        instantiation.active_record;dur=0.45, process_action.action_controller;dur=57.46
      Content-Length:
      - '2046'
    body:
      encoding: UTF-8
      string: '{"data":{"id":"3","type":"campaign","attributes":{"name":"Random Campaign","week":0,"animal_products":0,"cloth":0,"farmed_goods":0,"food":0,"foraged_goods":0,"metal":0,"monster_parts":0,"stone":0,"wood":0,"villagers":120},"relationships":{"user_campaigns":{"data":[{"id":"6","type":"user_campaign"}]},"users":{"data":[{"id":"4","type":"user"}]},"characters":{"data":[]},"campaign_items":{"data":[{"id":"55","type":"campaign_item"},{"id":"56","type":"campaign_item"},{"id":"57","type":"campaign_item"},{"id":"58","type":"campaign_item"},{"id":"59","type":"campaign_item"},{"id":"60","type":"campaign_item"},{"id":"61","type":"campaign_item"},{"id":"62","type":"campaign_item"},{"id":"63","type":"campaign_item"},{"id":"64","type":"campaign_item"},{"id":"65","type":"campaign_item"},{"id":"66","type":"campaign_item"},{"id":"67","type":"campaign_item"},{"id":"68","type":"campaign_item"},{"id":"69","type":"campaign_item"},{"id":"70","type":"campaign_item"},{"id":"71","type":"campaign_item"},{"id":"72","type":"campaign_item"},{"id":"73","type":"campaign_item"},{"id":"74","type":"campaign_item"},{"id":"75","type":"campaign_item"},{"id":"76","type":"campaign_item"},{"id":"77","type":"campaign_item"},{"id":"78","type":"campaign_item"},{"id":"79","type":"campaign_item"},{"id":"80","type":"campaign_item"},{"id":"81","type":"campaign_item"}]},"items":{"data":[{"id":"1","type":"item"},{"id":"2","type":"item"},{"id":"3","type":"item"},{"id":"4","type":"item"},{"id":"5","type":"item"},{"id":"6","type":"item"},{"id":"7","type":"item"},{"id":"8","type":"item"},{"id":"9","type":"item"},{"id":"10","type":"item"},{"id":"11","type":"item"},{"id":"12","type":"item"},{"id":"13","type":"item"},{"id":"14","type":"item"},{"id":"15","type":"item"},{"id":"16","type":"item"},{"id":"17","type":"item"},{"id":"18","type":"item"},{"id":"19","type":"item"},{"id":"20","type":"item"},{"id":"21","type":"item"},{"id":"22","type":"item"},{"id":"23","type":"item"},{"id":"24","type":"item"},{"id":"25","type":"item"},{"id":"26","type":"item"},{"id":"27","type":"item"}]}}}}'
  recorded_at: Fri, 07 Jun 2024 05:53:22 GMT
- request:
    method: get
    uri: http://localhost:3000/api/v1/campaigns/3/items
    body:
      encoding: US-ASCII
      string: ''
    headers:
      Content-Type:
      - application/json
      User-Agent:
      - Faraday v2.9.0
      Accept-Encoding:
      - gzip;q=1.0,deflate;q=0.6,identity;q=0.3
      Accept:
      - "*/*"
  response:
    status:
      code: 200
      message: OK
    headers:
      X-Frame-Options:
      - SAMEORIGIN
      X-Xss-Protection:
      - '0'
      X-Content-Type-Options:
      - nosniff
      X-Permitted-Cross-Domain-Policies:
      - none
      Referrer-Policy:
      - strict-origin-when-cross-origin
      Content-Type:
      - application/json; charset=utf-8
      Vary:
      - Accept
      Etag:
      - W/"4d43fa335f8f61f64d6eb5314331248a"
      Cache-Control:
      - max-age=0, private, must-revalidate
      X-Request-Id:
      - d199bd8d-d6d8-46c3-9182-82db6ceecefc
      X-Runtime:
      - '0.009768'
      Server-Timing:
      - start_processing.action_controller;dur=0.00, sql.active_record;dur=0.44, instantiation.active_record;dur=0.39,
        process_action.action_controller;dur=3.61
      Content-Length:
      - '5581'
    body:
      encoding: UTF-8
      string: '{"data":[{"id":"55","type":"campaign_item","attributes":{"campaign_id":3,"item_id":1,"quantity_owned":0},"relationships":{"campaign":{"data":{"id":"3","type":"campaign"}},"item":{"data":{"id":"1","type":"item"}}}},{"id":"56","type":"campaign_item","attributes":{"campaign_id":3,"item_id":2,"quantity_owned":0},"relationships":{"campaign":{"data":{"id":"3","type":"campaign"}},"item":{"data":{"id":"2","type":"item"}}}},{"id":"57","type":"campaign_item","attributes":{"campaign_id":3,"item_id":3,"quantity_owned":0},"relationships":{"campaign":{"data":{"id":"3","type":"campaign"}},"item":{"data":{"id":"3","type":"item"}}}},{"id":"58","type":"campaign_item","attributes":{"campaign_id":3,"item_id":4,"quantity_owned":0},"relationships":{"campaign":{"data":{"id":"3","type":"campaign"}},"item":{"data":{"id":"4","type":"item"}}}},{"id":"59","type":"campaign_item","attributes":{"campaign_id":3,"item_id":5,"quantity_owned":0},"relationships":{"campaign":{"data":{"id":"3","type":"campaign"}},"item":{"data":{"id":"5","type":"item"}}}},{"id":"60","type":"campaign_item","attributes":{"campaign_id":3,"item_id":6,"quantity_owned":0},"relationships":{"campaign":{"data":{"id":"3","type":"campaign"}},"item":{"data":{"id":"6","type":"item"}}}},{"id":"61","type":"campaign_item","attributes":{"campaign_id":3,"item_id":7,"quantity_owned":0},"relationships":{"campaign":{"data":{"id":"3","type":"campaign"}},"item":{"data":{"id":"7","type":"item"}}}},{"id":"62","type":"campaign_item","attributes":{"campaign_id":3,"item_id":8,"quantity_owned":0},"relationships":{"campaign":{"data":{"id":"3","type":"campaign"}},"item":{"data":{"id":"8","type":"item"}}}},{"id":"63","type":"campaign_item","attributes":{"campaign_id":3,"item_id":9,"quantity_owned":0},"relationships":{"campaign":{"data":{"id":"3","type":"campaign"}},"item":{"data":{"id":"9","type":"item"}}}},{"id":"64","type":"campaign_item","attributes":{"campaign_id":3,"item_id":10,"quantity_owned":0},"relationships":{"campaign":{"data":{"id":"3","type":"campaign"}},"item":{"data":{"id":"10","type":"item"}}}},{"id":"65","type":"campaign_item","attributes":{"campaign_id":3,"item_id":11,"quantity_owned":0},"relationships":{"campaign":{"data":{"id":"3","type":"campaign"}},"item":{"data":{"id":"11","type":"item"}}}},{"id":"66","type":"campaign_item","attributes":{"campaign_id":3,"item_id":12,"quantity_owned":0},"relationships":{"campaign":{"data":{"id":"3","type":"campaign"}},"item":{"data":{"id":"12","type":"item"}}}},{"id":"67","type":"campaign_item","attributes":{"campaign_id":3,"item_id":13,"quantity_owned":0},"relationships":{"campaign":{"data":{"id":"3","type":"campaign"}},"item":{"data":{"id":"13","type":"item"}}}},{"id":"68","type":"campaign_item","attributes":{"campaign_id":3,"item_id":14,"quantity_owned":0},"relationships":{"campaign":{"data":{"id":"3","type":"campaign"}},"item":{"data":{"id":"14","type":"item"}}}},{"id":"69","type":"campaign_item","attributes":{"campaign_id":3,"item_id":15,"quantity_owned":0},"relationships":{"campaign":{"data":{"id":"3","type":"campaign"}},"item":{"data":{"id":"15","type":"item"}}}},{"id":"70","type":"campaign_item","attributes":{"campaign_id":3,"item_id":16,"quantity_owned":0},"relationships":{"campaign":{"data":{"id":"3","type":"campaign"}},"item":{"data":{"id":"16","type":"item"}}}},{"id":"71","type":"campaign_item","attributes":{"campaign_id":3,"item_id":17,"quantity_owned":0},"relationships":{"campaign":{"data":{"id":"3","type":"campaign"}},"item":{"data":{"id":"17","type":"item"}}}},{"id":"72","type":"campaign_item","attributes":{"campaign_id":3,"item_id":18,"quantity_owned":0},"relationships":{"campaign":{"data":{"id":"3","type":"campaign"}},"item":{"data":{"id":"18","type":"item"}}}},{"id":"73","type":"campaign_item","attributes":{"campaign_id":3,"item_id":19,"quantity_owned":0},"relationships":{"campaign":{"data":{"id":"3","type":"campaign"}},"item":{"data":{"id":"19","type":"item"}}}},{"id":"74","type":"campaign_item","attributes":{"campaign_id":3,"item_id":20,"quantity_owned":0},"relationships":{"campaign":{"data":{"id":"3","type":"campaign"}},"item":{"data":{"id":"20","type":"item"}}}},{"id":"75","type":"campaign_item","attributes":{"campaign_id":3,"item_id":21,"quantity_owned":0},"relationships":{"campaign":{"data":{"id":"3","type":"campaign"}},"item":{"data":{"id":"21","type":"item"}}}},{"id":"76","type":"campaign_item","attributes":{"campaign_id":3,"item_id":22,"quantity_owned":0},"relationships":{"campaign":{"data":{"id":"3","type":"campaign"}},"item":{"data":{"id":"22","type":"item"}}}},{"id":"77","type":"campaign_item","attributes":{"campaign_id":3,"item_id":23,"quantity_owned":0},"relationships":{"campaign":{"data":{"id":"3","type":"campaign"}},"item":{"data":{"id":"23","type":"item"}}}},{"id":"78","type":"campaign_item","attributes":{"campaign_id":3,"item_id":24,"quantity_owned":0},"relationships":{"campaign":{"data":{"id":"3","type":"campaign"}},"item":{"data":{"id":"24","type":"item"}}}},{"id":"79","type":"campaign_item","attributes":{"campaign_id":3,"item_id":25,"quantity_owned":0},"relationships":{"campaign":{"data":{"id":"3","type":"campaign"}},"item":{"data":{"id":"25","type":"item"}}}},{"id":"80","type":"campaign_item","attributes":{"campaign_id":3,"item_id":26,"quantity_owned":0},"relationships":{"campaign":{"data":{"id":"3","type":"campaign"}},"item":{"data":{"id":"26","type":"item"}}}},{"id":"81","type":"campaign_item","attributes":{"campaign_id":3,"item_id":27,"quantity_owned":0},"relationships":{"campaign":{"data":{"id":"3","type":"campaign"}},"item":{"data":{"id":"27","type":"item"}}}}]}'
  recorded_at: Fri, 07 Jun 2024 05:53:22 GMT
- request:
    method: get
    uri: http://localhost:3000/api/v1/items/1
    body:
      encoding: US-ASCII
      string: ''
    headers:
      Content-Type:
      - application/json
      User-Agent:
      - Faraday v2.9.0
      Accept-Encoding:
      - gzip;q=1.0,deflate;q=0.6,identity;q=0.3
      Accept:
      - "*/*"
  response:
    status:
      code: 200
      message: OK
    headers:
      X-Frame-Options:
      - SAMEORIGIN
      X-Xss-Protection:
      - '0'
      X-Content-Type-Options:
      - nosniff
      X-Permitted-Cross-Domain-Policies:
      - none
      Referrer-Policy:
      - strict-origin-when-cross-origin
      Content-Type:
      - application/json; charset=utf-8
      Vary:
      - Accept
      Etag:
      - W/"2127c84e763b6d0d7e3986223e93bc5e"
      Cache-Control:
      - max-age=0, private, must-revalidate
      X-Request-Id:
      - 1801a213-1c0e-45cc-88f1-408714d12d33
      X-Runtime:
      - '0.009025'
      Server-Timing:
      - start_processing.action_controller;dur=0.00, sql.active_record;dur=1.15, instantiation.active_record;dur=0.08,
        process_action.action_controller;dur=3.88
      Content-Length:
      - '819'
    body:
      encoding: UTF-8
      string: '{"data":{"id":"1","type":"item","attributes":{"name":"Light armor","animal_products_cost":1,"cloth_cost":0,"farmed_goods_cost":0,"food_cost":0,"foraged_goods_cost":0,"metal_cost":1,"stone_cost":0,"wood_cost":0,"monster_parts_cost":0},"relationships":{"campaign_items":{"data":[{"id":"1","type":"campaign_item"},{"id":"28","type":"campaign_item"},{"id":"55","type":"campaign_item"},{"id":"82","type":"campaign_item"},{"id":"109","type":"campaign_item"},{"id":"136","type":"campaign_item"},{"id":"163","type":"campaign_item"},{"id":"190","type":"campaign_item"}]},"campaigns":{"data":[{"id":"1","type":"campaign"},{"id":"2","type":"campaign"},{"id":"3","type":"campaign"},{"id":"4","type":"campaign"},{"id":"5","type":"campaign"},{"id":"6","type":"campaign"},{"id":"7","type":"campaign"},{"id":"8","type":"campaign"}]}}}}'
  recorded_at: Fri, 07 Jun 2024 05:53:22 GMT
- request:
    method: get
    uri: http://localhost:3000/api/v1/items/2
    body:
      encoding: US-ASCII
      string: ''
    headers:
      Content-Type:
      - application/json
      User-Agent:
      - Faraday v2.9.0
      Accept-Encoding:
      - gzip;q=1.0,deflate;q=0.6,identity;q=0.3
      Accept:
      - "*/*"
  response:
    status:
      code: 200
      message: OK
    headers:
      X-Frame-Options:
      - SAMEORIGIN
      X-Xss-Protection:
      - '0'
      X-Content-Type-Options:
      - nosniff
      X-Permitted-Cross-Domain-Policies:
      - none
      Referrer-Policy:
      - strict-origin-when-cross-origin
      Content-Type:
      - application/json; charset=utf-8
      Vary:
      - Accept
      Etag:
      - W/"ca92af05d467d5f3cdeeac1f55bea09c"
      Cache-Control:
      - max-age=0, private, must-revalidate
      X-Request-Id:
      - 2564d63b-cd9b-4cdb-840f-cc6c64f5b335
      X-Runtime:
      - '0.007297'
      Server-Timing:
      - start_processing.action_controller;dur=0.00, sql.active_record;dur=0.66, instantiation.active_record;dur=0.03,
        process_action.action_controller;dur=2.73
      Content-Length:
      - '820'
    body:
      encoding: UTF-8
      string: '{"data":{"id":"2","type":"item","attributes":{"name":"Medium armor","animal_products_cost":1,"cloth_cost":0,"farmed_goods_cost":0,"food_cost":0,"foraged_goods_cost":0,"metal_cost":2,"stone_cost":0,"wood_cost":0,"monster_parts_cost":0},"relationships":{"campaign_items":{"data":[{"id":"2","type":"campaign_item"},{"id":"29","type":"campaign_item"},{"id":"56","type":"campaign_item"},{"id":"83","type":"campaign_item"},{"id":"110","type":"campaign_item"},{"id":"137","type":"campaign_item"},{"id":"164","type":"campaign_item"},{"id":"191","type":"campaign_item"}]},"campaigns":{"data":[{"id":"1","type":"campaign"},{"id":"2","type":"campaign"},{"id":"3","type":"campaign"},{"id":"4","type":"campaign"},{"id":"5","type":"campaign"},{"id":"6","type":"campaign"},{"id":"7","type":"campaign"},{"id":"8","type":"campaign"}]}}}}'
  recorded_at: Fri, 07 Jun 2024 05:53:22 GMT
- request:
    method: get
    uri: http://localhost:3000/api/v1/items/3
    body:
      encoding: US-ASCII
      string: ''
    headers:
      Content-Type:
      - application/json
      User-Agent:
      - Faraday v2.9.0
      Accept-Encoding:
      - gzip;q=1.0,deflate;q=0.6,identity;q=0.3
      Accept:
      - "*/*"
  response:
    status:
      code: 200
      message: OK
    headers:
      X-Frame-Options:
      - SAMEORIGIN
      X-Xss-Protection:
      - '0'
      X-Content-Type-Options:
      - nosniff
      X-Permitted-Cross-Domain-Policies:
      - none
      Referrer-Policy:
      - strict-origin-when-cross-origin
      Content-Type:
      - application/json; charset=utf-8
      Vary:
      - Accept
      Etag:
      - W/"a10d859df0f1195b8e3107255fc129a8"
      Cache-Control:
      - max-age=0, private, must-revalidate
      X-Request-Id:
      - d7444976-d400-4040-8ff6-7cae67fdec81
      X-Runtime:
      - '0.007602'
      Server-Timing:
      - start_processing.action_controller;dur=0.00, sql.active_record;dur=0.61, instantiation.active_record;dur=0.02,
        process_action.action_controller;dur=2.59
      Content-Length:
      - '819'
    body:
      encoding: UTF-8
      string: '{"data":{"id":"3","type":"item","attributes":{"name":"Heavy armor","animal_products_cost":0,"cloth_cost":0,"farmed_goods_cost":0,"food_cost":0,"foraged_goods_cost":0,"metal_cost":3,"stone_cost":0,"wood_cost":0,"monster_parts_cost":0},"relationships":{"campaign_items":{"data":[{"id":"3","type":"campaign_item"},{"id":"30","type":"campaign_item"},{"id":"57","type":"campaign_item"},{"id":"84","type":"campaign_item"},{"id":"111","type":"campaign_item"},{"id":"138","type":"campaign_item"},{"id":"165","type":"campaign_item"},{"id":"192","type":"campaign_item"}]},"campaigns":{"data":[{"id":"1","type":"campaign"},{"id":"2","type":"campaign"},{"id":"3","type":"campaign"},{"id":"4","type":"campaign"},{"id":"5","type":"campaign"},{"id":"6","type":"campaign"},{"id":"7","type":"campaign"},{"id":"8","type":"campaign"}]}}}}'
  recorded_at: Fri, 07 Jun 2024 05:53:22 GMT
- request:
    method: get
    uri: http://localhost:3000/api/v1/items/4
    body:
      encoding: US-ASCII
      string: ''
    headers:
      Content-Type:
      - application/json
      User-Agent:
      - Faraday v2.9.0
      Accept-Encoding:
      - gzip;q=1.0,deflate;q=0.6,identity;q=0.3
      Accept:
      - "*/*"
  response:
    status:
      code: 200
      message: OK
    headers:
      X-Frame-Options:
      - SAMEORIGIN
      X-Xss-Protection:
      - '0'
      X-Content-Type-Options:
      - nosniff
      X-Permitted-Cross-Domain-Policies:
      - none
      Referrer-Policy:
      - strict-origin-when-cross-origin
      Content-Type:
      - application/json; charset=utf-8
      Vary:
      - Accept
      Etag:
      - W/"675ed42a6d41ca4ec60c06a39e604fb6"
      Cache-Control:
      - max-age=0, private, must-revalidate
      X-Request-Id:
      - 01fc4bd9-35cb-489d-ad58-1e0d5e648ff8
      X-Runtime:
      - '0.008619'
      Server-Timing:
      - start_processing.action_controller;dur=0.00, sql.active_record;dur=0.65, instantiation.active_record;dur=0.03,
        process_action.action_controller;dur=2.86
      Content-Length:
      - '821'
    body:
      encoding: UTF-8
      string: '{"data":{"id":"4","type":"item","attributes":{"name":"Simple weapon","animal_products_cost":0,"cloth_cost":0,"farmed_goods_cost":0,"food_cost":0,"foraged_goods_cost":0,"metal_cost":1,"stone_cost":0,"wood_cost":1,"monster_parts_cost":0},"relationships":{"campaign_items":{"data":[{"id":"4","type":"campaign_item"},{"id":"31","type":"campaign_item"},{"id":"58","type":"campaign_item"},{"id":"85","type":"campaign_item"},{"id":"112","type":"campaign_item"},{"id":"139","type":"campaign_item"},{"id":"166","type":"campaign_item"},{"id":"193","type":"campaign_item"}]},"campaigns":{"data":[{"id":"1","type":"campaign"},{"id":"2","type":"campaign"},{"id":"3","type":"campaign"},{"id":"4","type":"campaign"},{"id":"5","type":"campaign"},{"id":"6","type":"campaign"},{"id":"7","type":"campaign"},{"id":"8","type":"campaign"}]}}}}'
  recorded_at: Fri, 07 Jun 2024 05:53:22 GMT
- request:
    method: get
    uri: http://localhost:3000/api/v1/items/5
    body:
      encoding: US-ASCII
      string: ''
    headers:
      Content-Type:
      - application/json
      User-Agent:
      - Faraday v2.9.0
      Accept-Encoding:
      - gzip;q=1.0,deflate;q=0.6,identity;q=0.3
      Accept:
      - "*/*"
  response:
    status:
      code: 200
      message: OK
    headers:
      X-Frame-Options:
      - SAMEORIGIN
      X-Xss-Protection:
      - '0'
      X-Content-Type-Options:
      - nosniff
      X-Permitted-Cross-Domain-Policies:
      - none
      Referrer-Policy:
      - strict-origin-when-cross-origin
      Content-Type:
      - application/json; charset=utf-8
      Vary:
      - Accept
      Etag:
      - W/"2ab69ac4281a394dafd7a925530f4eee"
      Cache-Control:
      - max-age=0, private, must-revalidate
      X-Request-Id:
      - b27ccd7f-8c81-4734-8197-d5a0cb3069de
      X-Runtime:
      - '0.008369'
      Server-Timing:
      - start_processing.action_controller;dur=0.00, sql.active_record;dur=0.68, instantiation.active_record;dur=0.02,
        process_action.action_controller;dur=2.66
      Content-Length:
      - '822'
    body:
      encoding: UTF-8
      string: '{"data":{"id":"5","type":"item","attributes":{"name":"Martial weapon","animal_products_cost":0,"cloth_cost":0,"farmed_goods_cost":0,"food_cost":0,"foraged_goods_cost":0,"metal_cost":2,"stone_cost":0,"wood_cost":1,"monster_parts_cost":0},"relationships":{"campaign_items":{"data":[{"id":"5","type":"campaign_item"},{"id":"32","type":"campaign_item"},{"id":"59","type":"campaign_item"},{"id":"86","type":"campaign_item"},{"id":"113","type":"campaign_item"},{"id":"140","type":"campaign_item"},{"id":"167","type":"campaign_item"},{"id":"194","type":"campaign_item"}]},"campaigns":{"data":[{"id":"1","type":"campaign"},{"id":"2","type":"campaign"},{"id":"3","type":"campaign"},{"id":"4","type":"campaign"},{"id":"5","type":"campaign"},{"id":"6","type":"campaign"},{"id":"7","type":"campaign"},{"id":"8","type":"campaign"}]}}}}'
  recorded_at: Fri, 07 Jun 2024 05:53:22 GMT
- request:
    method: get
    uri: http://localhost:3000/api/v1/items/6
    body:
      encoding: US-ASCII
      string: ''
    headers:
      Content-Type:
      - application/json
      User-Agent:
      - Faraday v2.9.0
      Accept-Encoding:
      - gzip;q=1.0,deflate;q=0.6,identity;q=0.3
      Accept:
      - "*/*"
  response:
    status:
      code: 200
      message: OK
    headers:
      X-Frame-Options:
      - SAMEORIGIN
      X-Xss-Protection:
      - '0'
      X-Content-Type-Options:
      - nosniff
      X-Permitted-Cross-Domain-Policies:
      - none
      Referrer-Policy:
      - strict-origin-when-cross-origin
      Content-Type:
      - application/json; charset=utf-8
      Vary:
      - Accept
      Etag:
      - W/"36dd8d215a80603ec5a0c856737f1742"
      Cache-Control:
      - max-age=0, private, must-revalidate
      X-Request-Id:
      - aa4fdbd4-210d-4a57-b5ea-ed08e0811395
      X-Runtime:
      - '0.077285'
      Server-Timing:
      - start_processing.action_controller;dur=0.00, sql.active_record;dur=11.73,
        instantiation.active_record;dur=0.04, process_action.action_controller;dur=57.20
      Content-Length:
      - '818'
    body:
      encoding: UTF-8
      string: '{"data":{"id":"6","type":"item","attributes":{"name":"Ammunition","animal_products_cost":0,"cloth_cost":0,"farmed_goods_cost":0,"food_cost":0,"foraged_goods_cost":0,"metal_cost":0,"stone_cost":0,"wood_cost":1,"monster_parts_cost":0},"relationships":{"campaign_items":{"data":[{"id":"6","type":"campaign_item"},{"id":"33","type":"campaign_item"},{"id":"60","type":"campaign_item"},{"id":"87","type":"campaign_item"},{"id":"114","type":"campaign_item"},{"id":"141","type":"campaign_item"},{"id":"168","type":"campaign_item"},{"id":"195","type":"campaign_item"}]},"campaigns":{"data":[{"id":"1","type":"campaign"},{"id":"2","type":"campaign"},{"id":"3","type":"campaign"},{"id":"4","type":"campaign"},{"id":"5","type":"campaign"},{"id":"6","type":"campaign"},{"id":"7","type":"campaign"},{"id":"8","type":"campaign"}]}}}}'
  recorded_at: Fri, 07 Jun 2024 05:53:22 GMT
- request:
    method: get
    uri: http://localhost:3000/api/v1/items/7
    body:
      encoding: US-ASCII
      string: ''
    headers:
      Content-Type:
      - application/json
      User-Agent:
      - Faraday v2.9.0
      Accept-Encoding:
      - gzip;q=1.0,deflate;q=0.6,identity;q=0.3
      Accept:
      - "*/*"
  response:
    status:
      code: 200
      message: OK
    headers:
      X-Frame-Options:
      - SAMEORIGIN
      X-Xss-Protection:
      - '0'
      X-Content-Type-Options:
      - nosniff
      X-Permitted-Cross-Domain-Policies:
      - none
      Referrer-Policy:
      - strict-origin-when-cross-origin
      Content-Type:
      - application/json; charset=utf-8
      Vary:
      - Accept
      Etag:
      - W/"129563760f38f3182a82dd8cb54655c3"
      Cache-Control:
      - max-age=0, private, must-revalidate
      X-Request-Id:
      - 3ec3c71f-8156-42df-b9bf-36aa6c538b7f
      X-Runtime:
      - '0.006002'
      Server-Timing:
      - start_processing.action_controller;dur=0.00, sql.active_record;dur=0.36, instantiation.active_record;dur=0.02,
        process_action.action_controller;dur=1.97
      Content-Length:
      - '818'
    body:
      encoding: UTF-8
      string: '{"data":{"id":"7","type":"item","attributes":{"name":"Ammunition","animal_products_cost":0,"cloth_cost":0,"farmed_goods_cost":0,"food_cost":0,"foraged_goods_cost":0,"metal_cost":1,"stone_cost":0,"wood_cost":0,"monster_parts_cost":0},"relationships":{"campaign_items":{"data":[{"id":"7","type":"campaign_item"},{"id":"34","type":"campaign_item"},{"id":"61","type":"campaign_item"},{"id":"88","type":"campaign_item"},{"id":"115","type":"campaign_item"},{"id":"142","type":"campaign_item"},{"id":"169","type":"campaign_item"},{"id":"196","type":"campaign_item"}]},"campaigns":{"data":[{"id":"1","type":"campaign"},{"id":"2","type":"campaign"},{"id":"3","type":"campaign"},{"id":"4","type":"campaign"},{"id":"5","type":"campaign"},{"id":"6","type":"campaign"},{"id":"7","type":"campaign"},{"id":"8","type":"campaign"}]}}}}'
  recorded_at: Fri, 07 Jun 2024 05:53:22 GMT
- request:
    method: get
    uri: http://localhost:3000/api/v1/items/8
    body:
      encoding: US-ASCII
      string: ''
    headers:
      Content-Type:
      - application/json
      User-Agent:
      - Faraday v2.9.0
      Accept-Encoding:
      - gzip;q=1.0,deflate;q=0.6,identity;q=0.3
      Accept:
      - "*/*"
  response:
    status:
      code: 200
      message: OK
    headers:
      X-Frame-Options:
      - SAMEORIGIN
      X-Xss-Protection:
      - '0'
      X-Content-Type-Options:
      - nosniff
      X-Permitted-Cross-Domain-Policies:
      - none
      Referrer-Policy:
      - strict-origin-when-cross-origin
      Content-Type:
      - application/json; charset=utf-8
      Vary:
      - Accept
      Etag:
      - W/"caa864da57f8a7a89c0d5c6d1688e708"
      Cache-Control:
      - max-age=0, private, must-revalidate
      X-Request-Id:
      - e8852bb2-7424-42b8-ae6e-10196d64d41b
      X-Runtime:
      - '0.005675'
      Server-Timing:
      - start_processing.action_controller;dur=0.00, sql.active_record;dur=0.42, instantiation.active_record;dur=0.02,
        process_action.action_controller;dur=2.17
      Content-Length:
      - '828'
    body:
      encoding: UTF-8
      string: '{"data":{"id":"8","type":"item","attributes":{"name":"Adventuring supplies","animal_products_cost":1,"cloth_cost":0,"farmed_goods_cost":0,"food_cost":0,"foraged_goods_cost":1,"metal_cost":0,"stone_cost":0,"wood_cost":1,"monster_parts_cost":0},"relationships":{"campaign_items":{"data":[{"id":"8","type":"campaign_item"},{"id":"35","type":"campaign_item"},{"id":"62","type":"campaign_item"},{"id":"89","type":"campaign_item"},{"id":"116","type":"campaign_item"},{"id":"143","type":"campaign_item"},{"id":"170","type":"campaign_item"},{"id":"197","type":"campaign_item"}]},"campaigns":{"data":[{"id":"1","type":"campaign"},{"id":"2","type":"campaign"},{"id":"3","type":"campaign"},{"id":"4","type":"campaign"},{"id":"5","type":"campaign"},{"id":"6","type":"campaign"},{"id":"7","type":"campaign"},{"id":"8","type":"campaign"}]}}}}'
  recorded_at: Fri, 07 Jun 2024 05:53:23 GMT
- request:
    method: get
    uri: http://localhost:3000/api/v1/items/9
    body:
      encoding: US-ASCII
      string: ''
    headers:
      Content-Type:
      - application/json
      User-Agent:
      - Faraday v2.9.0
      Accept-Encoding:
      - gzip;q=1.0,deflate;q=0.6,identity;q=0.3
      Accept:
      - "*/*"
  response:
    status:
      code: 200
      message: OK
    headers:
      X-Frame-Options:
      - SAMEORIGIN
      X-Xss-Protection:
      - '0'
      X-Content-Type-Options:
      - nosniff
      X-Permitted-Cross-Domain-Policies:
      - none
      Referrer-Policy:
      - strict-origin-when-cross-origin
      Content-Type:
      - application/json; charset=utf-8
      Vary:
      - Accept
      Etag:
      - W/"975ce92038651ec5d0fcb111c0d13193"
      Cache-Control:
      - max-age=0, private, must-revalidate
      X-Request-Id:
      - b8683496-fa9e-450c-b40e-919681a7d23e
      X-Runtime:
      - '0.005492'
      Server-Timing:
      - start_processing.action_controller;dur=0.00, sql.active_record;dur=0.36, instantiation.active_record;dur=0.01,
        process_action.action_controller;dur=2.04
      Content-Length:
      - '824'
    body:
      encoding: UTF-8
      string: '{"data":{"id":"9","type":"item","attributes":{"name":"Assassin''s blood","animal_products_cost":0,"cloth_cost":0,"farmed_goods_cost":0,"food_cost":0,"foraged_goods_cost":1,"metal_cost":0,"stone_cost":0,"wood_cost":0,"monster_parts_cost":0},"relationships":{"campaign_items":{"data":[{"id":"9","type":"campaign_item"},{"id":"36","type":"campaign_item"},{"id":"63","type":"campaign_item"},{"id":"90","type":"campaign_item"},{"id":"117","type":"campaign_item"},{"id":"144","type":"campaign_item"},{"id":"171","type":"campaign_item"},{"id":"198","type":"campaign_item"}]},"campaigns":{"data":[{"id":"1","type":"campaign"},{"id":"2","type":"campaign"},{"id":"3","type":"campaign"},{"id":"4","type":"campaign"},{"id":"5","type":"campaign"},{"id":"6","type":"campaign"},{"id":"7","type":"campaign"},{"id":"8","type":"campaign"}]}}}}'
  recorded_at: Fri, 07 Jun 2024 05:53:23 GMT
- request:
    method: get
    uri: http://localhost:3000/api/v1/items/10
    body:
      encoding: US-ASCII
      string: ''
    headers:
      Content-Type:
      - application/json
      User-Agent:
      - Faraday v2.9.0
      Accept-Encoding:
      - gzip;q=1.0,deflate;q=0.6,identity;q=0.3
      Accept:
      - "*/*"
  response:
    status:
      code: 200
      message: OK
    headers:
      X-Frame-Options:
      - SAMEORIGIN
      X-Xss-Protection:
      - '0'
      X-Content-Type-Options:
      - nosniff
      X-Permitted-Cross-Domain-Policies:
      - none
      Referrer-Policy:
      - strict-origin-when-cross-origin
      Content-Type:
      - application/json; charset=utf-8
      Vary:
      - Accept
      Etag:
      - W/"848aeb0a8612b590788ec9cb0b6d84d2"
      Cache-Control:
      - max-age=0, private, must-revalidate
      X-Request-Id:
      - a6a15fce-a39b-4b94-b6b5-b08e34734f90
      X-Runtime:
      - '0.005915'
      Server-Timing:
      - start_processing.action_controller;dur=0.00, sql.active_record;dur=0.76, instantiation.active_record;dur=0.02,
        process_action.action_controller;dur=2.06
      Content-Length:
      - '816'
    body:
      encoding: UTF-8
      string: '{"data":{"id":"10","type":"item","attributes":{"name":"Malice","animal_products_cost":0,"cloth_cost":0,"farmed_goods_cost":0,"food_cost":0,"foraged_goods_cost":1,"metal_cost":0,"stone_cost":0,"wood_cost":0,"monster_parts_cost":0},"relationships":{"campaign_items":{"data":[{"id":"10","type":"campaign_item"},{"id":"37","type":"campaign_item"},{"id":"64","type":"campaign_item"},{"id":"91","type":"campaign_item"},{"id":"118","type":"campaign_item"},{"id":"145","type":"campaign_item"},{"id":"172","type":"campaign_item"},{"id":"199","type":"campaign_item"}]},"campaigns":{"data":[{"id":"1","type":"campaign"},{"id":"2","type":"campaign"},{"id":"3","type":"campaign"},{"id":"4","type":"campaign"},{"id":"5","type":"campaign"},{"id":"6","type":"campaign"},{"id":"7","type":"campaign"},{"id":"8","type":"campaign"}]}}}}'
  recorded_at: Fri, 07 Jun 2024 05:53:23 GMT
- request:
    method: get
    uri: http://localhost:3000/api/v1/items/11
    body:
      encoding: US-ASCII
      string: ''
    headers:
      Content-Type:
      - application/json
      User-Agent:
      - Faraday v2.9.0
      Accept-Encoding:
      - gzip;q=1.0,deflate;q=0.6,identity;q=0.3
      Accept:
      - "*/*"
  response:
    status:
      code: 200
      message: OK
    headers:
      X-Frame-Options:
      - SAMEORIGIN
      X-Xss-Protection:
      - '0'
      X-Content-Type-Options:
      - nosniff
      X-Permitted-Cross-Domain-Policies:
      - none
      Referrer-Policy:
      - strict-origin-when-cross-origin
      Content-Type:
      - application/json; charset=utf-8
      Vary:
      - Accept
      Etag:
      - W/"af5df0bbcf8f1c3f7577aa50ded37dc6"
      Cache-Control:
      - max-age=0, private, must-revalidate
      X-Request-Id:
      - 7dbdc49e-ecc0-4982-8e0b-c749a9763bb6
      X-Runtime:
      - '0.005683'
      Server-Timing:
      - start_processing.action_controller;dur=0.00, sql.active_record;dur=0.43, instantiation.active_record;dur=0.02,
        process_action.action_controller;dur=1.76
      Content-Length:
      - '824'
    body:
      encoding: UTF-8
      string: '{"data":{"id":"11","type":"item","attributes":{"name":"Midnight tears","animal_products_cost":0,"cloth_cost":0,"farmed_goods_cost":0,"food_cost":0,"foraged_goods_cost":1,"metal_cost":0,"stone_cost":0,"wood_cost":0,"monster_parts_cost":0},"relationships":{"campaign_items":{"data":[{"id":"11","type":"campaign_item"},{"id":"38","type":"campaign_item"},{"id":"65","type":"campaign_item"},{"id":"92","type":"campaign_item"},{"id":"119","type":"campaign_item"},{"id":"146","type":"campaign_item"},{"id":"173","type":"campaign_item"},{"id":"200","type":"campaign_item"}]},"campaigns":{"data":[{"id":"1","type":"campaign"},{"id":"2","type":"campaign"},{"id":"3","type":"campaign"},{"id":"4","type":"campaign"},{"id":"5","type":"campaign"},{"id":"6","type":"campaign"},{"id":"7","type":"campaign"},{"id":"8","type":"campaign"}]}}}}'
  recorded_at: Fri, 07 Jun 2024 05:53:23 GMT
- request:
    method: get
    uri: http://localhost:3000/api/v1/items/12
    body:
      encoding: US-ASCII
      string: ''
    headers:
      Content-Type:
      - application/json
      User-Agent:
      - Faraday v2.9.0
      Accept-Encoding:
      - gzip;q=1.0,deflate;q=0.6,identity;q=0.3
      Accept:
      - "*/*"
  response:
    status:
      code: 200
      message: OK
    headers:
      X-Frame-Options:
      - SAMEORIGIN
      X-Xss-Protection:
      - '0'
      X-Content-Type-Options:
      - nosniff
      X-Permitted-Cross-Domain-Policies:
      - none
      Referrer-Policy:
      - strict-origin-when-cross-origin
      Content-Type:
      - application/json; charset=utf-8
      Vary:
      - Accept
      Etag:
      - W/"66944f546a3a17f82391ade4fb0d3b09"
      Cache-Control:
      - max-age=0, private, must-revalidate
      X-Request-Id:
      - aff4dbee-5ce5-4dd9-92b8-49d1f443683e
      X-Runtime:
      - '0.005769'
      Server-Timing:
      - start_processing.action_controller;dur=0.00, sql.active_record;dur=0.55, instantiation.active_record;dur=0.03,
        process_action.action_controller;dur=2.01
      Content-Length:
      - '823'
    body:
      encoding: UTF-8
      string: '{"data":{"id":"12","type":"item","attributes":{"name":"Serpent venom","animal_products_cost":0,"cloth_cost":0,"farmed_goods_cost":0,"food_cost":0,"foraged_goods_cost":1,"metal_cost":0,"stone_cost":0,"wood_cost":0,"monster_parts_cost":1},"relationships":{"campaign_items":{"data":[{"id":"12","type":"campaign_item"},{"id":"39","type":"campaign_item"},{"id":"66","type":"campaign_item"},{"id":"93","type":"campaign_item"},{"id":"120","type":"campaign_item"},{"id":"147","type":"campaign_item"},{"id":"174","type":"campaign_item"},{"id":"201","type":"campaign_item"}]},"campaigns":{"data":[{"id":"1","type":"campaign"},{"id":"2","type":"campaign"},{"id":"3","type":"campaign"},{"id":"4","type":"campaign"},{"id":"5","type":"campaign"},{"id":"6","type":"campaign"},{"id":"7","type":"campaign"},{"id":"8","type":"campaign"}]}}}}'
  recorded_at: Fri, 07 Jun 2024 05:53:23 GMT
- request:
    method: get
    uri: http://localhost:3000/api/v1/items/13
    body:
      encoding: US-ASCII
      string: ''
    headers:
      Content-Type:
      - application/json
      User-Agent:
      - Faraday v2.9.0
      Accept-Encoding:
      - gzip;q=1.0,deflate;q=0.6,identity;q=0.3
      Accept:
      - "*/*"
  response:
    status:
      code: 200
      message: OK
    headers:
      X-Frame-Options:
      - SAMEORIGIN
      X-Xss-Protection:
      - '0'
      X-Content-Type-Options:
      - nosniff
      X-Permitted-Cross-Domain-Policies:
      - none
      Referrer-Policy:
      - strict-origin-when-cross-origin
      Content-Type:
      - application/json; charset=utf-8
      Vary:
      - Accept
      Etag:
      - W/"583e9a16b22e360f1a870c46f31a3e11"
      Cache-Control:
      - max-age=0, private, must-revalidate
      X-Request-Id:
      - ffe71a41-9bb0-4b20-ab3c-a79468a89d19
      X-Runtime:
      - '0.005829'
      Server-Timing:
      - start_processing.action_controller;dur=0.00, sql.active_record;dur=0.77, instantiation.active_record;dur=0.01,
        process_action.action_controller;dur=2.22
      Content-Length:
      - '821'
    body:
      encoding: UTF-8
      string: '{"data":{"id":"13","type":"item","attributes":{"name":"Truth serum","animal_products_cost":0,"cloth_cost":0,"farmed_goods_cost":0,"food_cost":0,"foraged_goods_cost":1,"metal_cost":0,"stone_cost":0,"wood_cost":0,"monster_parts_cost":1},"relationships":{"campaign_items":{"data":[{"id":"13","type":"campaign_item"},{"id":"40","type":"campaign_item"},{"id":"67","type":"campaign_item"},{"id":"94","type":"campaign_item"},{"id":"121","type":"campaign_item"},{"id":"148","type":"campaign_item"},{"id":"175","type":"campaign_item"},{"id":"202","type":"campaign_item"}]},"campaigns":{"data":[{"id":"1","type":"campaign"},{"id":"2","type":"campaign"},{"id":"3","type":"campaign"},{"id":"4","type":"campaign"},{"id":"5","type":"campaign"},{"id":"6","type":"campaign"},{"id":"7","type":"campaign"},{"id":"8","type":"campaign"}]}}}}'
  recorded_at: Fri, 07 Jun 2024 05:53:23 GMT
- request:
    method: get
    uri: http://localhost:3000/api/v1/items/14
    body:
      encoding: US-ASCII
      string: ''
    headers:
      Content-Type:
      - application/json
      User-Agent:
      - Faraday v2.9.0
      Accept-Encoding:
      - gzip;q=1.0,deflate;q=0.6,identity;q=0.3
      Accept:
      - "*/*"
  response:
    status:
      code: 200
      message: OK
    headers:
      X-Frame-Options:
      - SAMEORIGIN
      X-Xss-Protection:
      - '0'
      X-Content-Type-Options:
      - nosniff
      X-Permitted-Cross-Domain-Policies:
      - none
      Referrer-Policy:
      - strict-origin-when-cross-origin
      Content-Type:
      - application/json; charset=utf-8
      Vary:
      - Accept
      Etag:
      - W/"22d4e8fcef464ab1a7fb982c94056ed3"
      Cache-Control:
      - max-age=0, private, must-revalidate
      X-Request-Id:
      - 60090c6f-2782-4350-92d2-4ff4cb830da7
      X-Runtime:
      - '0.005547'
      Server-Timing:
      - start_processing.action_controller;dur=0.00, sql.active_record;dur=0.34, instantiation.active_record;dur=0.02,
        process_action.action_controller;dur=1.65
      Content-Length:
      - '829'
    body:
      encoding: UTF-8
      string: '{"data":{"id":"14","type":"item","attributes":{"name":"Oil of slipperiness","animal_products_cost":0,"cloth_cost":0,"farmed_goods_cost":0,"food_cost":0,"foraged_goods_cost":1,"metal_cost":0,"stone_cost":0,"wood_cost":0,"monster_parts_cost":1},"relationships":{"campaign_items":{"data":[{"id":"14","type":"campaign_item"},{"id":"41","type":"campaign_item"},{"id":"68","type":"campaign_item"},{"id":"95","type":"campaign_item"},{"id":"122","type":"campaign_item"},{"id":"149","type":"campaign_item"},{"id":"176","type":"campaign_item"},{"id":"203","type":"campaign_item"}]},"campaigns":{"data":[{"id":"1","type":"campaign"},{"id":"2","type":"campaign"},{"id":"3","type":"campaign"},{"id":"4","type":"campaign"},{"id":"5","type":"campaign"},{"id":"6","type":"campaign"},{"id":"7","type":"campaign"},{"id":"8","type":"campaign"}]}}}}'
  recorded_at: Fri, 07 Jun 2024 05:53:23 GMT
- request:
    method: get
    uri: http://localhost:3000/api/v1/items/15
    body:
      encoding: US-ASCII
      string: ''
    headers:
      Content-Type:
      - application/json
      User-Agent:
      - Faraday v2.9.0
      Accept-Encoding:
      - gzip;q=1.0,deflate;q=0.6,identity;q=0.3
      Accept:
      - "*/*"
  response:
    status:
      code: 200
      message: OK
    headers:
      X-Frame-Options:
      - SAMEORIGIN
      X-Xss-Protection:
      - '0'
      X-Content-Type-Options:
      - nosniff
      X-Permitted-Cross-Domain-Policies:
      - none
      Referrer-Policy:
      - strict-origin-when-cross-origin
      Content-Type:
      - application/json; charset=utf-8
      Vary:
      - Accept
      Etag:
      - W/"549405df8eb6a1b7dbff12bce3c04866"
      Cache-Control:
      - max-age=0, private, must-revalidate
      X-Request-Id:
      - 833cc56d-59b8-419d-b245-c5ded1a1c994
      X-Runtime:
      - '0.006481'
      Server-Timing:
      - start_processing.action_controller;dur=0.00, sql.active_record;dur=0.50, instantiation.active_record;dur=0.02,
        process_action.action_controller;dur=1.83
      Content-Length:
      - '828'
    body:
      encoding: UTF-8
      string: '{"data":{"id":"15","type":"item","attributes":{"name":"Potion of climbing","animal_products_cost":0,"cloth_cost":0,"farmed_goods_cost":0,"food_cost":0,"foraged_goods_cost":1,"metal_cost":0,"stone_cost":0,"wood_cost":0,"monster_parts_cost":2},"relationships":{"campaign_items":{"data":[{"id":"15","type":"campaign_item"},{"id":"42","type":"campaign_item"},{"id":"69","type":"campaign_item"},{"id":"96","type":"campaign_item"},{"id":"123","type":"campaign_item"},{"id":"150","type":"campaign_item"},{"id":"177","type":"campaign_item"},{"id":"204","type":"campaign_item"}]},"campaigns":{"data":[{"id":"1","type":"campaign"},{"id":"2","type":"campaign"},{"id":"3","type":"campaign"},{"id":"4","type":"campaign"},{"id":"5","type":"campaign"},{"id":"6","type":"campaign"},{"id":"7","type":"campaign"},{"id":"8","type":"campaign"}]}}}}'
  recorded_at: Fri, 07 Jun 2024 05:53:23 GMT
- request:
    method: get
    uri: http://localhost:3000/api/v1/items/16
    body:
      encoding: US-ASCII
      string: ''
    headers:
      Content-Type:
      - application/json
      User-Agent:
      - Faraday v2.9.0
      Accept-Encoding:
      - gzip;q=1.0,deflate;q=0.6,identity;q=0.3
      Accept:
      - "*/*"
  response:
    status:
      code: 200
      message: OK
    headers:
      X-Frame-Options:
      - SAMEORIGIN
      X-Xss-Protection:
      - '0'
      X-Content-Type-Options:
      - nosniff
      X-Permitted-Cross-Domain-Policies:
      - none
      Referrer-Policy:
      - strict-origin-when-cross-origin
      Content-Type:
      - application/json; charset=utf-8
      Vary:
      - Accept
      Etag:
      - W/"c477169f0430479814af9ded257259ae"
      Cache-Control:
      - max-age=0, private, must-revalidate
      X-Request-Id:
      - f45e9f96-777b-4901-8269-d7bc2a3ddb80
      X-Runtime:
      - '0.006737'
      Server-Timing:
      - start_processing.action_controller;dur=0.00, sql.active_record;dur=0.44, instantiation.active_record;dur=0.02,
        process_action.action_controller;dur=2.04
      Content-Length:
      - '827'
    body:
      encoding: UTF-8
      string: '{"data":{"id":"16","type":"item","attributes":{"name":"Potion of healing","animal_products_cost":0,"cloth_cost":0,"farmed_goods_cost":0,"food_cost":0,"foraged_goods_cost":1,"metal_cost":0,"stone_cost":0,"wood_cost":0,"monster_parts_cost":2},"relationships":{"campaign_items":{"data":[{"id":"16","type":"campaign_item"},{"id":"43","type":"campaign_item"},{"id":"70","type":"campaign_item"},{"id":"97","type":"campaign_item"},{"id":"124","type":"campaign_item"},{"id":"151","type":"campaign_item"},{"id":"178","type":"campaign_item"},{"id":"205","type":"campaign_item"}]},"campaigns":{"data":[{"id":"1","type":"campaign"},{"id":"2","type":"campaign"},{"id":"3","type":"campaign"},{"id":"4","type":"campaign"},{"id":"5","type":"campaign"},{"id":"6","type":"campaign"},{"id":"7","type":"campaign"},{"id":"8","type":"campaign"}]}}}}'
  recorded_at: Fri, 07 Jun 2024 05:53:23 GMT
- request:
    method: get
    uri: http://localhost:3000/api/v1/items/17
    body:
      encoding: US-ASCII
      string: ''
    headers:
      Content-Type:
      - application/json
      User-Agent:
      - Faraday v2.9.0
      Accept-Encoding:
      - gzip;q=1.0,deflate;q=0.6,identity;q=0.3
      Accept:
      - "*/*"
  response:
    status:
      code: 200
      message: OK
    headers:
      X-Frame-Options:
      - SAMEORIGIN
      X-Xss-Protection:
      - '0'
      X-Content-Type-Options:
      - nosniff
      X-Permitted-Cross-Domain-Policies:
      - none
      Referrer-Policy:
      - strict-origin-when-cross-origin
      Content-Type:
      - application/json; charset=utf-8
      Vary:
      - Accept
      Etag:
      - W/"065cbef288bb6c971b74d4e01d9b6d30"
      Cache-Control:
      - max-age=0, private, must-revalidate
      X-Request-Id:
      - f14e861c-57df-42d0-bdec-9f5278e44dd8
      X-Runtime:
      - '0.005849'
      Server-Timing:
      - start_processing.action_controller;dur=0.00, sql.active_record;dur=0.35, instantiation.active_record;dur=0.02,
        process_action.action_controller;dur=2.00
      Content-Length:
      - '835'
    body:
      encoding: UTF-8
      string: '{"data":{"id":"17","type":"item","attributes":{"name":"Potion of water
        breathing","animal_products_cost":0,"cloth_cost":0,"farmed_goods_cost":0,"food_cost":0,"foraged_goods_cost":1,"metal_cost":0,"stone_cost":0,"wood_cost":0,"monster_parts_cost":2},"relationships":{"campaign_items":{"data":[{"id":"17","type":"campaign_item"},{"id":"44","type":"campaign_item"},{"id":"71","type":"campaign_item"},{"id":"98","type":"campaign_item"},{"id":"125","type":"campaign_item"},{"id":"152","type":"campaign_item"},{"id":"179","type":"campaign_item"},{"id":"206","type":"campaign_item"}]},"campaigns":{"data":[{"id":"1","type":"campaign"},{"id":"2","type":"campaign"},{"id":"3","type":"campaign"},{"id":"4","type":"campaign"},{"id":"5","type":"campaign"},{"id":"6","type":"campaign"},{"id":"7","type":"campaign"},{"id":"8","type":"campaign"}]}}}}'
  recorded_at: Fri, 07 Jun 2024 05:53:23 GMT
- request:
    method: get
    uri: http://localhost:3000/api/v1/items/18
    body:
      encoding: US-ASCII
      string: ''
    headers:
      Content-Type:
      - application/json
      User-Agent:
      - Faraday v2.9.0
      Accept-Encoding:
      - gzip;q=1.0,deflate;q=0.6,identity;q=0.3
      Accept:
      - "*/*"
  response:
    status:
      code: 200
      message: OK
    headers:
      X-Frame-Options:
      - SAMEORIGIN
      X-Xss-Protection:
      - '0'
      X-Content-Type-Options:
      - nosniff
      X-Permitted-Cross-Domain-Policies:
      - none
      Referrer-Policy:
      - strict-origin-when-cross-origin
      Content-Type:
      - application/json; charset=utf-8
      Vary:
      - Accept
      Etag:
      - W/"0a85d1f74a6c76e7e6131a4bea78a2d9"
      Cache-Control:
      - max-age=0, private, must-revalidate
      X-Request-Id:
      - a423118d-95db-48d9-9715-5a907119d640
      X-Runtime:
      - '0.005947'
      Server-Timing:
      - start_processing.action_controller;dur=0.00, sql.active_record;dur=0.44, instantiation.active_record;dur=0.02,
        process_action.action_controller;dur=1.83
      Content-Length:
      - '816'
    body:
      encoding: UTF-8
      string: '{"data":{"id":"18","type":"item","attributes":{"name":"Barge","animal_products_cost":0,"cloth_cost":2,"farmed_goods_cost":0,"food_cost":0,"foraged_goods_cost":0,"metal_cost":0,"stone_cost":0,"wood_cost":10,"monster_parts_cost":0},"relationships":{"campaign_items":{"data":[{"id":"18","type":"campaign_item"},{"id":"45","type":"campaign_item"},{"id":"72","type":"campaign_item"},{"id":"99","type":"campaign_item"},{"id":"126","type":"campaign_item"},{"id":"153","type":"campaign_item"},{"id":"180","type":"campaign_item"},{"id":"207","type":"campaign_item"}]},"campaigns":{"data":[{"id":"1","type":"campaign"},{"id":"2","type":"campaign"},{"id":"3","type":"campaign"},{"id":"4","type":"campaign"},{"id":"5","type":"campaign"},{"id":"6","type":"campaign"},{"id":"7","type":"campaign"},{"id":"8","type":"campaign"}]}}}}'
  recorded_at: Fri, 07 Jun 2024 05:53:23 GMT
- request:
    method: get
    uri: http://localhost:3000/api/v1/items/19
    body:
      encoding: US-ASCII
      string: ''
    headers:
      Content-Type:
      - application/json
      User-Agent:
      - Faraday v2.9.0
      Accept-Encoding:
      - gzip;q=1.0,deflate;q=0.6,identity;q=0.3
      Accept:
      - "*/*"
  response:
    status:
      code: 200
      message: OK
    headers:
      X-Frame-Options:
      - SAMEORIGIN
      X-Xss-Protection:
      - '0'
      X-Content-Type-Options:
      - nosniff
      X-Permitted-Cross-Domain-Policies:
      - none
      Referrer-Policy:
      - strict-origin-when-cross-origin
      Content-Type:
      - application/json; charset=utf-8
      Vary:
      - Accept
      Etag:
      - W/"f1021b539b406095a45a5731dea04050"
      Cache-Control:
      - max-age=0, private, must-revalidate
      X-Request-Id:
      - b0f93a53-f5b4-4164-9916-44fcb85afe5a
      X-Runtime:
      - '0.006609'
      Server-Timing:
      - start_processing.action_controller;dur=0.00, sql.active_record;dur=0.38, instantiation.active_record;dur=0.03,
        process_action.action_controller;dur=2.19
      Content-Length:
      - '818'
    body:
      encoding: UTF-8
      string: '{"data":{"id":"19","type":"item","attributes":{"name":"Coracle","animal_products_cost":0,"cloth_cost":2,"farmed_goods_cost":0,"food_cost":0,"foraged_goods_cost":0,"metal_cost":0,"stone_cost":0,"wood_cost":2,"monster_parts_cost":0},"relationships":{"campaign_items":{"data":[{"id":"19","type":"campaign_item"},{"id":"46","type":"campaign_item"},{"id":"73","type":"campaign_item"},{"id":"100","type":"campaign_item"},{"id":"127","type":"campaign_item"},{"id":"154","type":"campaign_item"},{"id":"181","type":"campaign_item"},{"id":"208","type":"campaign_item"}]},"campaigns":{"data":[{"id":"1","type":"campaign"},{"id":"2","type":"campaign"},{"id":"3","type":"campaign"},{"id":"4","type":"campaign"},{"id":"5","type":"campaign"},{"id":"6","type":"campaign"},{"id":"7","type":"campaign"},{"id":"8","type":"campaign"}]}}}}'
  recorded_at: Fri, 07 Jun 2024 05:53:23 GMT
- request:
    method: get
    uri: http://localhost:3000/api/v1/items/20
    body:
      encoding: US-ASCII
      string: ''
    headers:
      Content-Type:
      - application/json
      User-Agent:
      - Faraday v2.9.0
      Accept-Encoding:
      - gzip;q=1.0,deflate;q=0.6,identity;q=0.3
      Accept:
      - "*/*"
  response:
    status:
      code: 200
      message: OK
    headers:
      X-Frame-Options:
      - SAMEORIGIN
      X-Xss-Protection:
      - '0'
      X-Content-Type-Options:
      - nosniff
      X-Permitted-Cross-Domain-Policies:
      - none
      Referrer-Policy:
      - strict-origin-when-cross-origin
      Content-Type:
      - application/json; charset=utf-8
      Vary:
      - Accept
      Etag:
      - W/"006a48c1df9dbc9d53169e7634ba6ffb"
      Cache-Control:
      - max-age=0, private, must-revalidate
      X-Request-Id:
      - b888b1b3-c2f1-4112-b75d-db1e79ceec36
      X-Runtime:
      - '0.005754'
      Server-Timing:
      - start_processing.action_controller;dur=0.00, sql.active_record;dur=0.31, instantiation.active_record;dur=0.02,
        process_action.action_controller;dur=1.88
      Content-Length:
      - '838'
    body:
      encoding: UTF-8
      string: '{"data":{"id":"20","type":"item","attributes":{"name":"Double hulled
        sailing canoe","animal_products_cost":0,"cloth_cost":2,"farmed_goods_cost":0,"food_cost":0,"foraged_goods_cost":0,"metal_cost":0,"stone_cost":0,"wood_cost":7,"monster_parts_cost":0},"relationships":{"campaign_items":{"data":[{"id":"20","type":"campaign_item"},{"id":"47","type":"campaign_item"},{"id":"74","type":"campaign_item"},{"id":"101","type":"campaign_item"},{"id":"128","type":"campaign_item"},{"id":"155","type":"campaign_item"},{"id":"182","type":"campaign_item"},{"id":"209","type":"campaign_item"}]},"campaigns":{"data":[{"id":"1","type":"campaign"},{"id":"2","type":"campaign"},{"id":"3","type":"campaign"},{"id":"4","type":"campaign"},{"id":"5","type":"campaign"},{"id":"6","type":"campaign"},{"id":"7","type":"campaign"},{"id":"8","type":"campaign"}]}}}}'
  recorded_at: Fri, 07 Jun 2024 05:53:23 GMT
- request:
    method: get
    uri: http://localhost:3000/api/v1/items/21
    body:
      encoding: US-ASCII
      string: ''
    headers:
      Content-Type:
      - application/json
      User-Agent:
      - Faraday v2.9.0
      Accept-Encoding:
      - gzip;q=1.0,deflate;q=0.6,identity;q=0.3
      Accept:
      - "*/*"
  response:
    status:
      code: 200
      message: OK
    headers:
      X-Frame-Options:
      - SAMEORIGIN
      X-Xss-Protection:
      - '0'
      X-Content-Type-Options:
      - nosniff
      X-Permitted-Cross-Domain-Policies:
      - none
      Referrer-Policy:
      - strict-origin-when-cross-origin
      Content-Type:
      - application/json; charset=utf-8
      Vary:
      - Accept
      Etag:
      - W/"8c850015a43b719cdc7e075f46c89fac"
      Cache-Control:
      - max-age=0, private, must-revalidate
      X-Request-Id:
      - aa43aad0-46c0-4791-93cd-a9ea775398cd
      X-Runtime:
      - '0.005423'
      Server-Timing:
      - start_processing.action_controller;dur=0.00, sql.active_record;dur=0.32, instantiation.active_record;dur=0.02,
        process_action.action_controller;dur=1.73
      Content-Length:
      - '819'
    body:
      encoding: UTF-8
      string: '{"data":{"id":"21","type":"item","attributes":{"name":"Keelboat","animal_products_cost":0,"cloth_cost":2,"farmed_goods_cost":0,"food_cost":0,"foraged_goods_cost":0,"metal_cost":0,"stone_cost":0,"wood_cost":5,"monster_parts_cost":0},"relationships":{"campaign_items":{"data":[{"id":"21","type":"campaign_item"},{"id":"48","type":"campaign_item"},{"id":"75","type":"campaign_item"},{"id":"102","type":"campaign_item"},{"id":"129","type":"campaign_item"},{"id":"156","type":"campaign_item"},{"id":"183","type":"campaign_item"},{"id":"210","type":"campaign_item"}]},"campaigns":{"data":[{"id":"1","type":"campaign"},{"id":"2","type":"campaign"},{"id":"3","type":"campaign"},{"id":"4","type":"campaign"},{"id":"5","type":"campaign"},{"id":"6","type":"campaign"},{"id":"7","type":"campaign"},{"id":"8","type":"campaign"}]}}}}'
  recorded_at: Fri, 07 Jun 2024 05:53:23 GMT
- request:
    method: get
    uri: http://localhost:3000/api/v1/items/22
    body:
      encoding: US-ASCII
      string: ''
    headers:
      Content-Type:
      - application/json
      User-Agent:
      - Faraday v2.9.0
      Accept-Encoding:
      - gzip;q=1.0,deflate;q=0.6,identity;q=0.3
      Accept:
      - "*/*"
  response:
    status:
      code: 200
      message: OK
    headers:
      X-Frame-Options:
      - SAMEORIGIN
      X-Xss-Protection:
      - '0'
      X-Content-Type-Options:
      - nosniff
      X-Permitted-Cross-Domain-Policies:
      - none
      Referrer-Policy:
      - strict-origin-when-cross-origin
      Content-Type:
      - application/json; charset=utf-8
      Vary:
      - Accept
      Etag:
      - W/"67470aa42026b06a44fecf49ab80b0b4"
      Cache-Control:
      - max-age=0, private, must-revalidate
      X-Request-Id:
      - 0a5b492d-bd94-41df-9d3b-5e48df47ddfc
      X-Runtime:
      - '0.005662'
      Server-Timing:
      - start_processing.action_controller;dur=0.00, sql.active_record;dur=0.51, instantiation.active_record;dur=0.02,
        process_action.action_controller;dur=2.03
      Content-Length:
      - '815'
    body:
      encoding: UTF-8
      string: '{"data":{"id":"22","type":"item","attributes":{"name":"Raft","animal_products_cost":0,"cloth_cost":0,"farmed_goods_cost":0,"food_cost":0,"foraged_goods_cost":0,"metal_cost":0,"stone_cost":0,"wood_cost":3,"monster_parts_cost":0},"relationships":{"campaign_items":{"data":[{"id":"22","type":"campaign_item"},{"id":"49","type":"campaign_item"},{"id":"76","type":"campaign_item"},{"id":"103","type":"campaign_item"},{"id":"130","type":"campaign_item"},{"id":"157","type":"campaign_item"},{"id":"184","type":"campaign_item"},{"id":"211","type":"campaign_item"}]},"campaigns":{"data":[{"id":"1","type":"campaign"},{"id":"2","type":"campaign"},{"id":"3","type":"campaign"},{"id":"4","type":"campaign"},{"id":"5","type":"campaign"},{"id":"6","type":"campaign"},{"id":"7","type":"campaign"},{"id":"8","type":"campaign"}]}}}}'
  recorded_at: Fri, 07 Jun 2024 05:53:23 GMT
- request:
    method: get
    uri: http://localhost:3000/api/v1/items/23
    body:
      encoding: US-ASCII
      string: ''
    headers:
      Content-Type:
      - application/json
      User-Agent:
      - Faraday v2.9.0
      Accept-Encoding:
      - gzip;q=1.0,deflate;q=0.6,identity;q=0.3
      Accept:
      - "*/*"
  response:
    status:
      code: 200
      message: OK
    headers:
      X-Frame-Options:
      - SAMEORIGIN
      X-Xss-Protection:
      - '0'
      X-Content-Type-Options:
      - nosniff
      X-Permitted-Cross-Domain-Policies:
      - none
      Referrer-Policy:
      - strict-origin-when-cross-origin
      Content-Type:
      - application/json; charset=utf-8
      Vary:
      - Accept
      Etag:
      - W/"2d261a0ab57c7ddce4b0400069f50bae"
      Cache-Control:
      - max-age=0, private, must-revalidate
      X-Request-Id:
      - 27874d46-3e94-482e-a2f4-52fb93841c63
      X-Runtime:
      - '0.005375'
      Server-Timing:
      - start_processing.action_controller;dur=0.00, sql.active_record;dur=0.24, instantiation.active_record;dur=0.02,
        process_action.action_controller;dur=1.68
      Content-Length:
      - '838'
    body:
      encoding: UTF-8
      string: '{"data":{"id":"23","type":"item","attributes":{"name":"Single hulled
        sailing canoe","animal_products_cost":0,"cloth_cost":2,"farmed_goods_cost":0,"food_cost":0,"foraged_goods_cost":0,"metal_cost":0,"stone_cost":0,"wood_cost":5,"monster_parts_cost":0},"relationships":{"campaign_items":{"data":[{"id":"23","type":"campaign_item"},{"id":"50","type":"campaign_item"},{"id":"77","type":"campaign_item"},{"id":"104","type":"campaign_item"},{"id":"131","type":"campaign_item"},{"id":"158","type":"campaign_item"},{"id":"185","type":"campaign_item"},{"id":"212","type":"campaign_item"}]},"campaigns":{"data":[{"id":"1","type":"campaign"},{"id":"2","type":"campaign"},{"id":"3","type":"campaign"},{"id":"4","type":"campaign"},{"id":"5","type":"campaign"},{"id":"6","type":"campaign"},{"id":"7","type":"campaign"},{"id":"8","type":"campaign"}]}}}}'
  recorded_at: Fri, 07 Jun 2024 05:53:23 GMT
- request:
    method: get
    uri: http://localhost:3000/api/v1/items/24
    body:
      encoding: US-ASCII
      string: ''
    headers:
      Content-Type:
      - application/json
      User-Agent:
      - Faraday v2.9.0
      Accept-Encoding:
      - gzip;q=1.0,deflate;q=0.6,identity;q=0.3
      Accept:
      - "*/*"
  response:
    status:
      code: 200
      message: OK
    headers:
      X-Frame-Options:
      - SAMEORIGIN
      X-Xss-Protection:
      - '0'
      X-Content-Type-Options:
      - nosniff
      X-Permitted-Cross-Domain-Policies:
      - none
      Referrer-Policy:
      - strict-origin-when-cross-origin
      Content-Type:
      - application/json; charset=utf-8
      Vary:
      - Accept
      Etag:
      - W/"920f63f3f020298ad99b88cb0809f0e5"
      Cache-Control:
      - max-age=0, private, must-revalidate
      X-Request-Id:
      - bb3e1c10-3c7a-4600-88b3-73a89b40b6de
      X-Runtime:
      - '0.005439'
      Server-Timing:
      - start_processing.action_controller;dur=0.00, sql.active_record;dur=0.25, instantiation.active_record;dur=0.02,
        process_action.action_controller;dur=1.87
      Content-Length:
      - '819'
    body:
      encoding: UTF-8
      string: '{"data":{"id":"24","type":"item","attributes":{"name":"Ballista","animal_products_cost":0,"cloth_cost":0,"farmed_goods_cost":0,"food_cost":0,"foraged_goods_cost":0,"metal_cost":0,"stone_cost":0,"wood_cost":3,"monster_parts_cost":0},"relationships":{"campaign_items":{"data":[{"id":"24","type":"campaign_item"},{"id":"51","type":"campaign_item"},{"id":"78","type":"campaign_item"},{"id":"105","type":"campaign_item"},{"id":"132","type":"campaign_item"},{"id":"159","type":"campaign_item"},{"id":"186","type":"campaign_item"},{"id":"213","type":"campaign_item"}]},"campaigns":{"data":[{"id":"1","type":"campaign"},{"id":"2","type":"campaign"},{"id":"3","type":"campaign"},{"id":"4","type":"campaign"},{"id":"5","type":"campaign"},{"id":"6","type":"campaign"},{"id":"7","type":"campaign"},{"id":"8","type":"campaign"}]}}}}'
  recorded_at: Fri, 07 Jun 2024 05:53:23 GMT
- request:
    method: get
    uri: http://localhost:3000/api/v1/items/25
    body:
      encoding: US-ASCII
      string: ''
    headers:
      Content-Type:
      - application/json
      User-Agent:
      - Faraday v2.9.0
      Accept-Encoding:
      - gzip;q=1.0,deflate;q=0.6,identity;q=0.3
      Accept:
      - "*/*"
  response:
    status:
      code: 200
      message: OK
    headers:
      X-Frame-Options:
      - SAMEORIGIN
      X-Xss-Protection:
      - '0'
      X-Content-Type-Options:
      - nosniff
      X-Permitted-Cross-Domain-Policies:
      - none
      Referrer-Policy:
      - strict-origin-when-cross-origin
      Content-Type:
      - application/json; charset=utf-8
      Vary:
      - Accept
      Etag:
      - W/"88f06c315e85a6f19b16e1ba2949d4ce"
      Cache-Control:
      - max-age=0, private, must-revalidate
      X-Request-Id:
      - ba8c4f05-e3ef-430d-83c6-4e3d15ee3a6f
      X-Runtime:
      - '0.006238'
      Server-Timing:
      - start_processing.action_controller;dur=0.00, sql.active_record;dur=0.26, instantiation.active_record;dur=0.02,
        process_action.action_controller;dur=1.82
      Content-Length:
      - '816'
    body:
      encoding: UTF-8
      string: '{"data":{"id":"25","type":"item","attributes":{"name":"Cabin","animal_products_cost":0,"cloth_cost":0,"farmed_goods_cost":2,"food_cost":0,"foraged_goods_cost":0,"metal_cost":0,"stone_cost":0,"wood_cost":7,"monster_parts_cost":0},"relationships":{"campaign_items":{"data":[{"id":"25","type":"campaign_item"},{"id":"52","type":"campaign_item"},{"id":"79","type":"campaign_item"},{"id":"106","type":"campaign_item"},{"id":"133","type":"campaign_item"},{"id":"160","type":"campaign_item"},{"id":"187","type":"campaign_item"},{"id":"214","type":"campaign_item"}]},"campaigns":{"data":[{"id":"1","type":"campaign"},{"id":"2","type":"campaign"},{"id":"3","type":"campaign"},{"id":"4","type":"campaign"},{"id":"5","type":"campaign"},{"id":"6","type":"campaign"},{"id":"7","type":"campaign"},{"id":"8","type":"campaign"}]}}}}'
  recorded_at: Fri, 07 Jun 2024 05:53:23 GMT
- request:
    method: get
    uri: http://localhost:3000/api/v1/items/26
    body:
      encoding: US-ASCII
      string: ''
    headers:
      Content-Type:
      - application/json
      User-Agent:
      - Faraday v2.9.0
      Accept-Encoding:
      - gzip;q=1.0,deflate;q=0.6,identity;q=0.3
      Accept:
      - "*/*"
  response:
    status:
      code: 200
      message: OK
    headers:
      X-Frame-Options:
      - SAMEORIGIN
      X-Xss-Protection:
      - '0'
      X-Content-Type-Options:
      - nosniff
      X-Permitted-Cross-Domain-Policies:
      - none
      Referrer-Policy:
      - strict-origin-when-cross-origin
      Content-Type:
      - application/json; charset=utf-8
      Vary:
      - Accept
      Etag:
      - W/"ff35acc26c06c62da710628e0e807372"
      Cache-Control:
      - max-age=0, private, must-revalidate
      X-Request-Id:
      - ecf220f2-9b64-4c12-a017-f4d83a81b7fc
      X-Runtime:
      - '0.005550'
      Server-Timing:
      - start_processing.action_controller;dur=0.00, sql.active_record;dur=0.29, instantiation.active_record;dur=0.02,
        process_action.action_controller;dur=1.87
      Content-Length:
      - '827'
    body:
      encoding: UTF-8
      string: '{"data":{"id":"26","type":"item","attributes":{"name":"Magical defenses","animal_products_cost":0,"cloth_cost":0,"farmed_goods_cost":0,"food_cost":0,"foraged_goods_cost":0,"metal_cost":0,"stone_cost":9,"wood_cost":3,"monster_parts_cost":0},"relationships":{"campaign_items":{"data":[{"id":"26","type":"campaign_item"},{"id":"53","type":"campaign_item"},{"id":"80","type":"campaign_item"},{"id":"107","type":"campaign_item"},{"id":"134","type":"campaign_item"},{"id":"161","type":"campaign_item"},{"id":"188","type":"campaign_item"},{"id":"215","type":"campaign_item"}]},"campaigns":{"data":[{"id":"1","type":"campaign"},{"id":"2","type":"campaign"},{"id":"3","type":"campaign"},{"id":"4","type":"campaign"},{"id":"5","type":"campaign"},{"id":"6","type":"campaign"},{"id":"7","type":"campaign"},{"id":"8","type":"campaign"}]}}}}'
  recorded_at: Fri, 07 Jun 2024 05:53:23 GMT
- request:
    method: get
    uri: http://localhost:3000/api/v1/items/27
    body:
      encoding: US-ASCII
      string: ''
    headers:
      Content-Type:
      - application/json
      User-Agent:
      - Faraday v2.9.0
      Accept-Encoding:
      - gzip;q=1.0,deflate;q=0.6,identity;q=0.3
      Accept:
      - "*/*"
  response:
    status:
      code: 200
      message: OK
    headers:
      X-Frame-Options:
      - SAMEORIGIN
      X-Xss-Protection:
      - '0'
      X-Content-Type-Options:
      - nosniff
      X-Permitted-Cross-Domain-Policies:
      - none
      Referrer-Policy:
      - strict-origin-when-cross-origin
      Content-Type:
      - application/json; charset=utf-8
      Vary:
      - Accept
      Etag:
      - W/"9cdbe85cb64a9d2d745e0d40400311b1"
      Cache-Control:
      - max-age=0, private, must-revalidate
      X-Request-Id:
      - 836e5cb5-a910-4010-807d-2b608e1e55a7
      X-Runtime:
      - '0.005771'
      Server-Timing:
      - start_processing.action_controller;dur=0.00, sql.active_record;dur=0.34, instantiation.active_record;dur=0.02,
        process_action.action_controller;dur=1.67
      Content-Length:
      - '818'
    body:
      encoding: UTF-8
      string: '{"data":{"id":"27","type":"item","attributes":{"name":"Storage","animal_products_cost":0,"cloth_cost":0,"farmed_goods_cost":0,"food_cost":0,"foraged_goods_cost":0,"metal_cost":0,"stone_cost":0,"wood_cost":7,"monster_parts_cost":0},"relationships":{"campaign_items":{"data":[{"id":"27","type":"campaign_item"},{"id":"54","type":"campaign_item"},{"id":"81","type":"campaign_item"},{"id":"108","type":"campaign_item"},{"id":"135","type":"campaign_item"},{"id":"162","type":"campaign_item"},{"id":"189","type":"campaign_item"},{"id":"216","type":"campaign_item"}]},"campaigns":{"data":[{"id":"1","type":"campaign"},{"id":"2","type":"campaign"},{"id":"3","type":"campaign"},{"id":"4","type":"campaign"},{"id":"5","type":"campaign"},{"id":"6","type":"campaign"},{"id":"7","type":"campaign"},{"id":"8","type":"campaign"}]}}}}'
  recorded_at: Fri, 07 Jun 2024 05:53:23 GMT
- request:
    method: get
    uri: http://localhost:3000/api/v1/campaigns/2
    body:
      encoding: US-ASCII
      string: ''
    headers:
      Content-Type:
      - application/json
      User-Agent:
      - Faraday v2.9.0
      Accept-Encoding:
      - gzip;q=1.0,deflate;q=0.6,identity;q=0.3
      Accept:
      - "*/*"
  response:
    status:
      code: 200
      message: OK
    headers:
      X-Frame-Options:
      - SAMEORIGIN
      X-Xss-Protection:
      - '0'
      X-Content-Type-Options:
      - nosniff
      X-Permitted-Cross-Domain-Policies:
      - none
      Referrer-Policy:
      - strict-origin-when-cross-origin
      Content-Type:
      - application/json; charset=utf-8
      Vary:
      - Accept
      Etag:
      - W/"070f45b8f50898bd8cd07f28ee708236"
      Cache-Control:
      - max-age=0, private, must-revalidate
      X-Request-Id:
      - 99822c91-fd11-48f5-b193-102566c15609
      X-Runtime:
      - '0.009047'
      Server-Timing:
      - start_processing.action_controller;dur=0.00, sql.active_record;dur=1.12, instantiation.active_record;dur=0.03,
        process_action.action_controller;dur=4.52
      Content-Length:
      - '1996'
    body:
      encoding: UTF-8
      string: '{"data":{"id":"2","type":"campaign","attributes":{"name":"Random Campaign","week":0,"animal_products":0,"cloth":0,"farmed_goods":0,"food":0,"foraged_goods":0,"metal":0,"monster_parts":0,"stone":0,"wood":0,"villagers":120},"relationships":{"user_campaigns":{"data":[{"id":"5","type":"user_campaign"}]},"users":{"data":[{"id":"4","type":"user"}]},"characters":{"data":[]},"campaign_items":{"data":[{"id":"28","type":"campaign_item"},{"id":"29","type":"campaign_item"},{"id":"30","type":"campaign_item"},{"id":"31","type":"campaign_item"},{"id":"32","type":"campaign_item"},{"id":"33","type":"campaign_item"},{"id":"34","type":"campaign_item"},{"id":"35","type":"campaign_item"},{"id":"36","type":"campaign_item"},{"id":"37","type":"campaign_item"},{"id":"38","type":"campaign_item"},{"id":"39","type":"campaign_item"},{"id":"40","type":"campaign_item"},{"id":"41","type":"campaign_item"},{"id":"42","type":"campaign_item"},{"id":"43","type":"campaign_item"},{"id":"44","type":"campaign_item"},{"id":"45","type":"campaign_item"},{"id":"46","type":"campaign_item"},{"id":"47","type":"campaign_item"},{"id":"48","type":"campaign_item"},{"id":"49","type":"campaign_item"},{"id":"50","type":"campaign_item"},{"id":"51","type":"campaign_item"},{"id":"52","type":"campaign_item"},{"id":"53","type":"campaign_item"},{"id":"54","type":"campaign_item"}]},"items":{"data":[{"id":"1","type":"item"},{"id":"2","type":"item"},{"id":"3","type":"item"},{"id":"4","type":"item"},{"id":"5","type":"item"},{"id":"6","type":"item"},{"id":"7","type":"item"},{"id":"8","type":"item"},{"id":"9","type":"item"},{"id":"10","type":"item"},{"id":"11","type":"item"},{"id":"12","type":"item"},{"id":"13","type":"item"},{"id":"14","type":"item"},{"id":"15","type":"item"},{"id":"16","type":"item"},{"id":"17","type":"item"},{"id":"18","type":"item"},{"id":"19","type":"item"},{"id":"20","type":"item"},{"id":"21","type":"item"},{"id":"22","type":"item"},{"id":"23","type":"item"},{"id":"24","type":"item"},{"id":"25","type":"item"},{"id":"26","type":"item"},{"id":"27","type":"item"}]}}}}'
  recorded_at: Fri, 07 Jun 2024 05:53:23 GMT
- request:
    method: get
    uri: http://localhost:3000/api/v1/campaigns/2/items
    body:
      encoding: US-ASCII
      string: ''
    headers:
      Content-Type:
      - application/json
      User-Agent:
      - Faraday v2.9.0
      Accept-Encoding:
      - gzip;q=1.0,deflate;q=0.6,identity;q=0.3
      Accept:
      - "*/*"
  response:
    status:
      code: 200
      message: OK
    headers:
      X-Frame-Options:
      - SAMEORIGIN
      X-Xss-Protection:
      - '0'
      X-Content-Type-Options:
      - nosniff
      X-Permitted-Cross-Domain-Policies:
      - none
      Referrer-Policy:
      - strict-origin-when-cross-origin
      Content-Type:
      - application/json; charset=utf-8
      Vary:
      - Accept
      Etag:
      - W/"a7d223208a05f690e1bda0da7082fcef"
      Cache-Control:
      - max-age=0, private, must-revalidate
      X-Request-Id:
      - 3476995d-aa1b-42b0-8aaa-4f5e31beb1ba
      X-Runtime:
      - '0.006403'
      Server-Timing:
      - start_processing.action_controller;dur=0.00, sql.active_record;dur=0.44, instantiation.active_record;dur=0.21,
        process_action.action_controller;dur=2.34
      Content-Length:
      - '5581'
    body:
      encoding: UTF-8
      string: '{"data":[{"id":"28","type":"campaign_item","attributes":{"campaign_id":2,"item_id":1,"quantity_owned":0},"relationships":{"campaign":{"data":{"id":"2","type":"campaign"}},"item":{"data":{"id":"1","type":"item"}}}},{"id":"29","type":"campaign_item","attributes":{"campaign_id":2,"item_id":2,"quantity_owned":0},"relationships":{"campaign":{"data":{"id":"2","type":"campaign"}},"item":{"data":{"id":"2","type":"item"}}}},{"id":"30","type":"campaign_item","attributes":{"campaign_id":2,"item_id":3,"quantity_owned":0},"relationships":{"campaign":{"data":{"id":"2","type":"campaign"}},"item":{"data":{"id":"3","type":"item"}}}},{"id":"31","type":"campaign_item","attributes":{"campaign_id":2,"item_id":4,"quantity_owned":0},"relationships":{"campaign":{"data":{"id":"2","type":"campaign"}},"item":{"data":{"id":"4","type":"item"}}}},{"id":"32","type":"campaign_item","attributes":{"campaign_id":2,"item_id":5,"quantity_owned":0},"relationships":{"campaign":{"data":{"id":"2","type":"campaign"}},"item":{"data":{"id":"5","type":"item"}}}},{"id":"33","type":"campaign_item","attributes":{"campaign_id":2,"item_id":6,"quantity_owned":0},"relationships":{"campaign":{"data":{"id":"2","type":"campaign"}},"item":{"data":{"id":"6","type":"item"}}}},{"id":"34","type":"campaign_item","attributes":{"campaign_id":2,"item_id":7,"quantity_owned":0},"relationships":{"campaign":{"data":{"id":"2","type":"campaign"}},"item":{"data":{"id":"7","type":"item"}}}},{"id":"35","type":"campaign_item","attributes":{"campaign_id":2,"item_id":8,"quantity_owned":0},"relationships":{"campaign":{"data":{"id":"2","type":"campaign"}},"item":{"data":{"id":"8","type":"item"}}}},{"id":"36","type":"campaign_item","attributes":{"campaign_id":2,"item_id":9,"quantity_owned":0},"relationships":{"campaign":{"data":{"id":"2","type":"campaign"}},"item":{"data":{"id":"9","type":"item"}}}},{"id":"37","type":"campaign_item","attributes":{"campaign_id":2,"item_id":10,"quantity_owned":0},"relationships":{"campaign":{"data":{"id":"2","type":"campaign"}},"item":{"data":{"id":"10","type":"item"}}}},{"id":"38","type":"campaign_item","attributes":{"campaign_id":2,"item_id":11,"quantity_owned":0},"relationships":{"campaign":{"data":{"id":"2","type":"campaign"}},"item":{"data":{"id":"11","type":"item"}}}},{"id":"39","type":"campaign_item","attributes":{"campaign_id":2,"item_id":12,"quantity_owned":0},"relationships":{"campaign":{"data":{"id":"2","type":"campaign"}},"item":{"data":{"id":"12","type":"item"}}}},{"id":"40","type":"campaign_item","attributes":{"campaign_id":2,"item_id":13,"quantity_owned":0},"relationships":{"campaign":{"data":{"id":"2","type":"campaign"}},"item":{"data":{"id":"13","type":"item"}}}},{"id":"41","type":"campaign_item","attributes":{"campaign_id":2,"item_id":14,"quantity_owned":0},"relationships":{"campaign":{"data":{"id":"2","type":"campaign"}},"item":{"data":{"id":"14","type":"item"}}}},{"id":"42","type":"campaign_item","attributes":{"campaign_id":2,"item_id":15,"quantity_owned":0},"relationships":{"campaign":{"data":{"id":"2","type":"campaign"}},"item":{"data":{"id":"15","type":"item"}}}},{"id":"43","type":"campaign_item","attributes":{"campaign_id":2,"item_id":16,"quantity_owned":0},"relationships":{"campaign":{"data":{"id":"2","type":"campaign"}},"item":{"data":{"id":"16","type":"item"}}}},{"id":"44","type":"campaign_item","attributes":{"campaign_id":2,"item_id":17,"quantity_owned":0},"relationships":{"campaign":{"data":{"id":"2","type":"campaign"}},"item":{"data":{"id":"17","type":"item"}}}},{"id":"45","type":"campaign_item","attributes":{"campaign_id":2,"item_id":18,"quantity_owned":0},"relationships":{"campaign":{"data":{"id":"2","type":"campaign"}},"item":{"data":{"id":"18","type":"item"}}}},{"id":"46","type":"campaign_item","attributes":{"campaign_id":2,"item_id":19,"quantity_owned":0},"relationships":{"campaign":{"data":{"id":"2","type":"campaign"}},"item":{"data":{"id":"19","type":"item"}}}},{"id":"47","type":"campaign_item","attributes":{"campaign_id":2,"item_id":20,"quantity_owned":0},"relationships":{"campaign":{"data":{"id":"2","type":"campaign"}},"item":{"data":{"id":"20","type":"item"}}}},{"id":"48","type":"campaign_item","attributes":{"campaign_id":2,"item_id":21,"quantity_owned":0},"relationships":{"campaign":{"data":{"id":"2","type":"campaign"}},"item":{"data":{"id":"21","type":"item"}}}},{"id":"49","type":"campaign_item","attributes":{"campaign_id":2,"item_id":22,"quantity_owned":0},"relationships":{"campaign":{"data":{"id":"2","type":"campaign"}},"item":{"data":{"id":"22","type":"item"}}}},{"id":"50","type":"campaign_item","attributes":{"campaign_id":2,"item_id":23,"quantity_owned":0},"relationships":{"campaign":{"data":{"id":"2","type":"campaign"}},"item":{"data":{"id":"23","type":"item"}}}},{"id":"51","type":"campaign_item","attributes":{"campaign_id":2,"item_id":24,"quantity_owned":0},"relationships":{"campaign":{"data":{"id":"2","type":"campaign"}},"item":{"data":{"id":"24","type":"item"}}}},{"id":"52","type":"campaign_item","attributes":{"campaign_id":2,"item_id":25,"quantity_owned":0},"relationships":{"campaign":{"data":{"id":"2","type":"campaign"}},"item":{"data":{"id":"25","type":"item"}}}},{"id":"53","type":"campaign_item","attributes":{"campaign_id":2,"item_id":26,"quantity_owned":0},"relationships":{"campaign":{"data":{"id":"2","type":"campaign"}},"item":{"data":{"id":"26","type":"item"}}}},{"id":"54","type":"campaign_item","attributes":{"campaign_id":2,"item_id":27,"quantity_owned":0},"relationships":{"campaign":{"data":{"id":"2","type":"campaign"}},"item":{"data":{"id":"27","type":"item"}}}}]}'
  recorded_at: Fri, 07 Jun 2024 05:53:23 GMT
- request:
    method: get
    uri: http://localhost:3000/api/v1/items/1
    body:
      encoding: US-ASCII
      string: ''
    headers:
      Content-Type:
      - application/json
      User-Agent:
      - Faraday v2.9.0
      Accept-Encoding:
      - gzip;q=1.0,deflate;q=0.6,identity;q=0.3
      Accept:
      - "*/*"
  response:
    status:
      code: 200
      message: OK
    headers:
      X-Frame-Options:
      - SAMEORIGIN
      X-Xss-Protection:
      - '0'
      X-Content-Type-Options:
      - nosniff
      X-Permitted-Cross-Domain-Policies:
      - none
      Referrer-Policy:
      - strict-origin-when-cross-origin
      Content-Type:
      - application/json; charset=utf-8
      Vary:
      - Accept
      Etag:
      - W/"2127c84e763b6d0d7e3986223e93bc5e"
      Cache-Control:
      - max-age=0, private, must-revalidate
      X-Request-Id:
      - 0ff5dd0a-03e5-4e6c-b06c-e079b926df41
      X-Runtime:
      - '0.006299'
      Server-Timing:
      - start_processing.action_controller;dur=0.00, sql.active_record;dur=0.44, instantiation.active_record;dur=0.02,
        process_action.action_controller;dur=2.14
      Content-Length:
      - '819'
    body:
      encoding: UTF-8
      string: '{"data":{"id":"1","type":"item","attributes":{"name":"Light armor","animal_products_cost":1,"cloth_cost":0,"farmed_goods_cost":0,"food_cost":0,"foraged_goods_cost":0,"metal_cost":1,"stone_cost":0,"wood_cost":0,"monster_parts_cost":0},"relationships":{"campaign_items":{"data":[{"id":"1","type":"campaign_item"},{"id":"28","type":"campaign_item"},{"id":"55","type":"campaign_item"},{"id":"82","type":"campaign_item"},{"id":"109","type":"campaign_item"},{"id":"136","type":"campaign_item"},{"id":"163","type":"campaign_item"},{"id":"190","type":"campaign_item"}]},"campaigns":{"data":[{"id":"1","type":"campaign"},{"id":"2","type":"campaign"},{"id":"3","type":"campaign"},{"id":"4","type":"campaign"},{"id":"5","type":"campaign"},{"id":"6","type":"campaign"},{"id":"7","type":"campaign"},{"id":"8","type":"campaign"}]}}}}'
  recorded_at: Fri, 07 Jun 2024 05:53:23 GMT
- request:
    method: get
    uri: http://localhost:3000/api/v1/items/2
    body:
      encoding: US-ASCII
      string: ''
    headers:
      Content-Type:
      - application/json
      User-Agent:
      - Faraday v2.9.0
      Accept-Encoding:
      - gzip;q=1.0,deflate;q=0.6,identity;q=0.3
      Accept:
      - "*/*"
  response:
    status:
      code: 200
      message: OK
    headers:
      X-Frame-Options:
      - SAMEORIGIN
      X-Xss-Protection:
      - '0'
      X-Content-Type-Options:
      - nosniff
      X-Permitted-Cross-Domain-Policies:
      - none
      Referrer-Policy:
      - strict-origin-when-cross-origin
      Content-Type:
      - application/json; charset=utf-8
      Vary:
      - Accept
      Etag:
      - W/"ca92af05d467d5f3cdeeac1f55bea09c"
      Cache-Control:
      - max-age=0, private, must-revalidate
      X-Request-Id:
      - c2a1c585-c3af-4bae-84b8-a94a5e00a1fb
      X-Runtime:
      - '0.005801'
      Server-Timing:
      - start_processing.action_controller;dur=0.00, sql.active_record;dur=0.32, instantiation.active_record;dur=0.02,
        process_action.action_controller;dur=1.75
      Content-Length:
      - '820'
    body:
      encoding: UTF-8
      string: '{"data":{"id":"2","type":"item","attributes":{"name":"Medium armor","animal_products_cost":1,"cloth_cost":0,"farmed_goods_cost":0,"food_cost":0,"foraged_goods_cost":0,"metal_cost":2,"stone_cost":0,"wood_cost":0,"monster_parts_cost":0},"relationships":{"campaign_items":{"data":[{"id":"2","type":"campaign_item"},{"id":"29","type":"campaign_item"},{"id":"56","type":"campaign_item"},{"id":"83","type":"campaign_item"},{"id":"110","type":"campaign_item"},{"id":"137","type":"campaign_item"},{"id":"164","type":"campaign_item"},{"id":"191","type":"campaign_item"}]},"campaigns":{"data":[{"id":"1","type":"campaign"},{"id":"2","type":"campaign"},{"id":"3","type":"campaign"},{"id":"4","type":"campaign"},{"id":"5","type":"campaign"},{"id":"6","type":"campaign"},{"id":"7","type":"campaign"},{"id":"8","type":"campaign"}]}}}}'
  recorded_at: Fri, 07 Jun 2024 05:53:23 GMT
- request:
    method: get
    uri: http://localhost:3000/api/v1/items/3
    body:
      encoding: US-ASCII
      string: ''
    headers:
      Content-Type:
      - application/json
      User-Agent:
      - Faraday v2.9.0
      Accept-Encoding:
      - gzip;q=1.0,deflate;q=0.6,identity;q=0.3
      Accept:
      - "*/*"
  response:
    status:
      code: 200
      message: OK
    headers:
      X-Frame-Options:
      - SAMEORIGIN
      X-Xss-Protection:
      - '0'
      X-Content-Type-Options:
      - nosniff
      X-Permitted-Cross-Domain-Policies:
      - none
      Referrer-Policy:
      - strict-origin-when-cross-origin
      Content-Type:
      - application/json; charset=utf-8
      Vary:
      - Accept
      Etag:
      - W/"a10d859df0f1195b8e3107255fc129a8"
      Cache-Control:
      - max-age=0, private, must-revalidate
      X-Request-Id:
      - e8b8a25d-7030-4a71-b9c2-aebdfb0e21a0
      X-Runtime:
      - '0.005511'
      Server-Timing:
      - start_processing.action_controller;dur=0.00, sql.active_record;dur=0.32, instantiation.active_record;dur=0.02,
        process_action.action_controller;dur=1.79
      Content-Length:
      - '819'
    body:
      encoding: UTF-8
      string: '{"data":{"id":"3","type":"item","attributes":{"name":"Heavy armor","animal_products_cost":0,"cloth_cost":0,"farmed_goods_cost":0,"food_cost":0,"foraged_goods_cost":0,"metal_cost":3,"stone_cost":0,"wood_cost":0,"monster_parts_cost":0},"relationships":{"campaign_items":{"data":[{"id":"3","type":"campaign_item"},{"id":"30","type":"campaign_item"},{"id":"57","type":"campaign_item"},{"id":"84","type":"campaign_item"},{"id":"111","type":"campaign_item"},{"id":"138","type":"campaign_item"},{"id":"165","type":"campaign_item"},{"id":"192","type":"campaign_item"}]},"campaigns":{"data":[{"id":"1","type":"campaign"},{"id":"2","type":"campaign"},{"id":"3","type":"campaign"},{"id":"4","type":"campaign"},{"id":"5","type":"campaign"},{"id":"6","type":"campaign"},{"id":"7","type":"campaign"},{"id":"8","type":"campaign"}]}}}}'
  recorded_at: Fri, 07 Jun 2024 05:53:23 GMT
- request:
    method: get
    uri: http://localhost:3000/api/v1/items/4
    body:
      encoding: US-ASCII
      string: ''
    headers:
      Content-Type:
      - application/json
      User-Agent:
      - Faraday v2.9.0
      Accept-Encoding:
      - gzip;q=1.0,deflate;q=0.6,identity;q=0.3
      Accept:
      - "*/*"
  response:
    status:
      code: 200
      message: OK
    headers:
      X-Frame-Options:
      - SAMEORIGIN
      X-Xss-Protection:
      - '0'
      X-Content-Type-Options:
      - nosniff
      X-Permitted-Cross-Domain-Policies:
      - none
      Referrer-Policy:
      - strict-origin-when-cross-origin
      Content-Type:
      - application/json; charset=utf-8
      Vary:
      - Accept
      Etag:
      - W/"675ed42a6d41ca4ec60c06a39e604fb6"
      Cache-Control:
      - max-age=0, private, must-revalidate
      X-Request-Id:
      - 8ad126b6-ebd6-4d4a-a508-b012166bb172
      X-Runtime:
      - '0.006457'
      Server-Timing:
      - start_processing.action_controller;dur=0.00, sql.active_record;dur=0.38, instantiation.active_record;dur=0.02,
        process_action.action_controller;dur=2.28
      Content-Length:
      - '821'
    body:
      encoding: UTF-8
      string: '{"data":{"id":"4","type":"item","attributes":{"name":"Simple weapon","animal_products_cost":0,"cloth_cost":0,"farmed_goods_cost":0,"food_cost":0,"foraged_goods_cost":0,"metal_cost":1,"stone_cost":0,"wood_cost":1,"monster_parts_cost":0},"relationships":{"campaign_items":{"data":[{"id":"4","type":"campaign_item"},{"id":"31","type":"campaign_item"},{"id":"58","type":"campaign_item"},{"id":"85","type":"campaign_item"},{"id":"112","type":"campaign_item"},{"id":"139","type":"campaign_item"},{"id":"166","type":"campaign_item"},{"id":"193","type":"campaign_item"}]},"campaigns":{"data":[{"id":"1","type":"campaign"},{"id":"2","type":"campaign"},{"id":"3","type":"campaign"},{"id":"4","type":"campaign"},{"id":"5","type":"campaign"},{"id":"6","type":"campaign"},{"id":"7","type":"campaign"},{"id":"8","type":"campaign"}]}}}}'
  recorded_at: Fri, 07 Jun 2024 05:53:23 GMT
- request:
    method: get
    uri: http://localhost:3000/api/v1/items/5
    body:
      encoding: US-ASCII
      string: ''
    headers:
      Content-Type:
      - application/json
      User-Agent:
      - Faraday v2.9.0
      Accept-Encoding:
      - gzip;q=1.0,deflate;q=0.6,identity;q=0.3
      Accept:
      - "*/*"
  response:
    status:
      code: 200
      message: OK
    headers:
      X-Frame-Options:
      - SAMEORIGIN
      X-Xss-Protection:
      - '0'
      X-Content-Type-Options:
      - nosniff
      X-Permitted-Cross-Domain-Policies:
      - none
      Referrer-Policy:
      - strict-origin-when-cross-origin
      Content-Type:
      - application/json; charset=utf-8
      Vary:
      - Accept
      Etag:
      - W/"2ab69ac4281a394dafd7a925530f4eee"
      Cache-Control:
      - max-age=0, private, must-revalidate
      X-Request-Id:
      - b8173514-0dc6-4b51-a0f7-19d224fa7e0f
      X-Runtime:
      - '0.007428'
      Server-Timing:
      - start_processing.action_controller;dur=0.00, sql.active_record;dur=0.32, instantiation.active_record;dur=0.02,
        process_action.action_controller;dur=2.08
      Content-Length:
      - '822'
    body:
      encoding: UTF-8
      string: '{"data":{"id":"5","type":"item","attributes":{"name":"Martial weapon","animal_products_cost":0,"cloth_cost":0,"farmed_goods_cost":0,"food_cost":0,"foraged_goods_cost":0,"metal_cost":2,"stone_cost":0,"wood_cost":1,"monster_parts_cost":0},"relationships":{"campaign_items":{"data":[{"id":"5","type":"campaign_item"},{"id":"32","type":"campaign_item"},{"id":"59","type":"campaign_item"},{"id":"86","type":"campaign_item"},{"id":"113","type":"campaign_item"},{"id":"140","type":"campaign_item"},{"id":"167","type":"campaign_item"},{"id":"194","type":"campaign_item"}]},"campaigns":{"data":[{"id":"1","type":"campaign"},{"id":"2","type":"campaign"},{"id":"3","type":"campaign"},{"id":"4","type":"campaign"},{"id":"5","type":"campaign"},{"id":"6","type":"campaign"},{"id":"7","type":"campaign"},{"id":"8","type":"campaign"}]}}}}'
  recorded_at: Fri, 07 Jun 2024 05:53:23 GMT
- request:
    method: get
    uri: http://localhost:3000/api/v1/items/6
    body:
      encoding: US-ASCII
      string: ''
    headers:
      Content-Type:
      - application/json
      User-Agent:
      - Faraday v2.9.0
      Accept-Encoding:
      - gzip;q=1.0,deflate;q=0.6,identity;q=0.3
      Accept:
      - "*/*"
  response:
    status:
      code: 200
      message: OK
    headers:
      X-Frame-Options:
      - SAMEORIGIN
      X-Xss-Protection:
      - '0'
      X-Content-Type-Options:
      - nosniff
      X-Permitted-Cross-Domain-Policies:
      - none
      Referrer-Policy:
      - strict-origin-when-cross-origin
      Content-Type:
      - application/json; charset=utf-8
      Vary:
      - Accept
      Etag:
      - W/"36dd8d215a80603ec5a0c856737f1742"
      Cache-Control:
      - max-age=0, private, must-revalidate
      X-Request-Id:
      - b4f4b223-a518-4222-9cfb-e38ccd3d0c49
      X-Runtime:
      - '0.006353'
      Server-Timing:
      - start_processing.action_controller;dur=0.00, sql.active_record;dur=0.35, instantiation.active_record;dur=0.02,
        process_action.action_controller;dur=2.20
      Content-Length:
      - '818'
    body:
      encoding: UTF-8
      string: '{"data":{"id":"6","type":"item","attributes":{"name":"Ammunition","animal_products_cost":0,"cloth_cost":0,"farmed_goods_cost":0,"food_cost":0,"foraged_goods_cost":0,"metal_cost":0,"stone_cost":0,"wood_cost":1,"monster_parts_cost":0},"relationships":{"campaign_items":{"data":[{"id":"6","type":"campaign_item"},{"id":"33","type":"campaign_item"},{"id":"60","type":"campaign_item"},{"id":"87","type":"campaign_item"},{"id":"114","type":"campaign_item"},{"id":"141","type":"campaign_item"},{"id":"168","type":"campaign_item"},{"id":"195","type":"campaign_item"}]},"campaigns":{"data":[{"id":"1","type":"campaign"},{"id":"2","type":"campaign"},{"id":"3","type":"campaign"},{"id":"4","type":"campaign"},{"id":"5","type":"campaign"},{"id":"6","type":"campaign"},{"id":"7","type":"campaign"},{"id":"8","type":"campaign"}]}}}}'
  recorded_at: Fri, 07 Jun 2024 05:53:23 GMT
- request:
    method: get
    uri: http://localhost:3000/api/v1/items/7
    body:
      encoding: US-ASCII
      string: ''
    headers:
      Content-Type:
      - application/json
      User-Agent:
      - Faraday v2.9.0
      Accept-Encoding:
      - gzip;q=1.0,deflate;q=0.6,identity;q=0.3
      Accept:
      - "*/*"
  response:
    status:
      code: 200
      message: OK
    headers:
      X-Frame-Options:
      - SAMEORIGIN
      X-Xss-Protection:
      - '0'
      X-Content-Type-Options:
      - nosniff
      X-Permitted-Cross-Domain-Policies:
      - none
      Referrer-Policy:
      - strict-origin-when-cross-origin
      Content-Type:
      - application/json; charset=utf-8
      Vary:
      - Accept
      Etag:
      - W/"129563760f38f3182a82dd8cb54655c3"
      Cache-Control:
      - max-age=0, private, must-revalidate
      X-Request-Id:
      - cee151f9-934c-49a7-ad27-14f978acef30
      X-Runtime:
      - '0.006092'
      Server-Timing:
      - start_processing.action_controller;dur=0.00, sql.active_record;dur=0.39, instantiation.active_record;dur=0.02,
        process_action.action_controller;dur=1.87
      Content-Length:
      - '818'
    body:
      encoding: UTF-8
      string: '{"data":{"id":"7","type":"item","attributes":{"name":"Ammunition","animal_products_cost":0,"cloth_cost":0,"farmed_goods_cost":0,"food_cost":0,"foraged_goods_cost":0,"metal_cost":1,"stone_cost":0,"wood_cost":0,"monster_parts_cost":0},"relationships":{"campaign_items":{"data":[{"id":"7","type":"campaign_item"},{"id":"34","type":"campaign_item"},{"id":"61","type":"campaign_item"},{"id":"88","type":"campaign_item"},{"id":"115","type":"campaign_item"},{"id":"142","type":"campaign_item"},{"id":"169","type":"campaign_item"},{"id":"196","type":"campaign_item"}]},"campaigns":{"data":[{"id":"1","type":"campaign"},{"id":"2","type":"campaign"},{"id":"3","type":"campaign"},{"id":"4","type":"campaign"},{"id":"5","type":"campaign"},{"id":"6","type":"campaign"},{"id":"7","type":"campaign"},{"id":"8","type":"campaign"}]}}}}'
  recorded_at: Fri, 07 Jun 2024 05:53:23 GMT
- request:
    method: get
    uri: http://localhost:3000/api/v1/items/8
    body:
      encoding: US-ASCII
      string: ''
    headers:
      Content-Type:
      - application/json
      User-Agent:
      - Faraday v2.9.0
      Accept-Encoding:
      - gzip;q=1.0,deflate;q=0.6,identity;q=0.3
      Accept:
      - "*/*"
  response:
    status:
      code: 200
      message: OK
    headers:
      X-Frame-Options:
      - SAMEORIGIN
      X-Xss-Protection:
      - '0'
      X-Content-Type-Options:
      - nosniff
      X-Permitted-Cross-Domain-Policies:
      - none
      Referrer-Policy:
      - strict-origin-when-cross-origin
      Content-Type:
      - application/json; charset=utf-8
      Vary:
      - Accept
      Etag:
      - W/"caa864da57f8a7a89c0d5c6d1688e708"
      Cache-Control:
      - max-age=0, private, must-revalidate
      X-Request-Id:
      - 821c3689-939b-4180-8539-51308eff81ff
      X-Runtime:
      - '0.005932'
      Server-Timing:
      - start_processing.action_controller;dur=0.00, sql.active_record;dur=0.30, instantiation.active_record;dur=0.03,
        process_action.action_controller;dur=1.75
      Content-Length:
      - '828'
    body:
      encoding: UTF-8
      string: '{"data":{"id":"8","type":"item","attributes":{"name":"Adventuring supplies","animal_products_cost":1,"cloth_cost":0,"farmed_goods_cost":0,"food_cost":0,"foraged_goods_cost":1,"metal_cost":0,"stone_cost":0,"wood_cost":1,"monster_parts_cost":0},"relationships":{"campaign_items":{"data":[{"id":"8","type":"campaign_item"},{"id":"35","type":"campaign_item"},{"id":"62","type":"campaign_item"},{"id":"89","type":"campaign_item"},{"id":"116","type":"campaign_item"},{"id":"143","type":"campaign_item"},{"id":"170","type":"campaign_item"},{"id":"197","type":"campaign_item"}]},"campaigns":{"data":[{"id":"1","type":"campaign"},{"id":"2","type":"campaign"},{"id":"3","type":"campaign"},{"id":"4","type":"campaign"},{"id":"5","type":"campaign"},{"id":"6","type":"campaign"},{"id":"7","type":"campaign"},{"id":"8","type":"campaign"}]}}}}'
  recorded_at: Fri, 07 Jun 2024 05:53:23 GMT
- request:
    method: get
    uri: http://localhost:3000/api/v1/items/9
    body:
      encoding: US-ASCII
      string: ''
    headers:
      Content-Type:
      - application/json
      User-Agent:
      - Faraday v2.9.0
      Accept-Encoding:
      - gzip;q=1.0,deflate;q=0.6,identity;q=0.3
      Accept:
      - "*/*"
  response:
    status:
      code: 200
      message: OK
    headers:
      X-Frame-Options:
      - SAMEORIGIN
      X-Xss-Protection:
      - '0'
      X-Content-Type-Options:
      - nosniff
      X-Permitted-Cross-Domain-Policies:
      - none
      Referrer-Policy:
      - strict-origin-when-cross-origin
      Content-Type:
      - application/json; charset=utf-8
      Vary:
      - Accept
      Etag:
      - W/"975ce92038651ec5d0fcb111c0d13193"
      Cache-Control:
      - max-age=0, private, must-revalidate
      X-Request-Id:
      - 68d6cfa9-8b80-489e-861e-8eaea2cbff3c
      X-Runtime:
      - '0.006794'
      Server-Timing:
      - start_processing.action_controller;dur=0.00, sql.active_record;dur=0.56, instantiation.active_record;dur=0.02,
        process_action.action_controller;dur=2.28
      Content-Length:
      - '824'
    body:
      encoding: UTF-8
      string: '{"data":{"id":"9","type":"item","attributes":{"name":"Assassin''s blood","animal_products_cost":0,"cloth_cost":0,"farmed_goods_cost":0,"food_cost":0,"foraged_goods_cost":1,"metal_cost":0,"stone_cost":0,"wood_cost":0,"monster_parts_cost":0},"relationships":{"campaign_items":{"data":[{"id":"9","type":"campaign_item"},{"id":"36","type":"campaign_item"},{"id":"63","type":"campaign_item"},{"id":"90","type":"campaign_item"},{"id":"117","type":"campaign_item"},{"id":"144","type":"campaign_item"},{"id":"171","type":"campaign_item"},{"id":"198","type":"campaign_item"}]},"campaigns":{"data":[{"id":"1","type":"campaign"},{"id":"2","type":"campaign"},{"id":"3","type":"campaign"},{"id":"4","type":"campaign"},{"id":"5","type":"campaign"},{"id":"6","type":"campaign"},{"id":"7","type":"campaign"},{"id":"8","type":"campaign"}]}}}}'
  recorded_at: Fri, 07 Jun 2024 05:53:23 GMT
- request:
    method: get
    uri: http://localhost:3000/api/v1/items/10
    body:
      encoding: US-ASCII
      string: ''
    headers:
      Content-Type:
      - application/json
      User-Agent:
      - Faraday v2.9.0
      Accept-Encoding:
      - gzip;q=1.0,deflate;q=0.6,identity;q=0.3
      Accept:
      - "*/*"
  response:
    status:
      code: 200
      message: OK
    headers:
      X-Frame-Options:
      - SAMEORIGIN
      X-Xss-Protection:
      - '0'
      X-Content-Type-Options:
      - nosniff
      X-Permitted-Cross-Domain-Policies:
      - none
      Referrer-Policy:
      - strict-origin-when-cross-origin
      Content-Type:
      - application/json; charset=utf-8
      Vary:
      - Accept
      Etag:
      - W/"848aeb0a8612b590788ec9cb0b6d84d2"
      Cache-Control:
      - max-age=0, private, must-revalidate
      X-Request-Id:
      - f14e8e7d-cb7c-47d5-8e7f-b96bf7b79cc7
      X-Runtime:
      - '0.006462'
      Server-Timing:
      - start_processing.action_controller;dur=0.00, sql.active_record;dur=0.43, instantiation.active_record;dur=0.02,
        process_action.action_controller;dur=2.14
      Content-Length:
      - '816'
    body:
      encoding: UTF-8
      string: '{"data":{"id":"10","type":"item","attributes":{"name":"Malice","animal_products_cost":0,"cloth_cost":0,"farmed_goods_cost":0,"food_cost":0,"foraged_goods_cost":1,"metal_cost":0,"stone_cost":0,"wood_cost":0,"monster_parts_cost":0},"relationships":{"campaign_items":{"data":[{"id":"10","type":"campaign_item"},{"id":"37","type":"campaign_item"},{"id":"64","type":"campaign_item"},{"id":"91","type":"campaign_item"},{"id":"118","type":"campaign_item"},{"id":"145","type":"campaign_item"},{"id":"172","type":"campaign_item"},{"id":"199","type":"campaign_item"}]},"campaigns":{"data":[{"id":"1","type":"campaign"},{"id":"2","type":"campaign"},{"id":"3","type":"campaign"},{"id":"4","type":"campaign"},{"id":"5","type":"campaign"},{"id":"6","type":"campaign"},{"id":"7","type":"campaign"},{"id":"8","type":"campaign"}]}}}}'
  recorded_at: Fri, 07 Jun 2024 05:53:23 GMT
- request:
    method: get
    uri: http://localhost:3000/api/v1/items/11
    body:
      encoding: US-ASCII
      string: ''
    headers:
      Content-Type:
      - application/json
      User-Agent:
      - Faraday v2.9.0
      Accept-Encoding:
      - gzip;q=1.0,deflate;q=0.6,identity;q=0.3
      Accept:
      - "*/*"
  response:
    status:
      code: 200
      message: OK
    headers:
      X-Frame-Options:
      - SAMEORIGIN
      X-Xss-Protection:
      - '0'
      X-Content-Type-Options:
      - nosniff
      X-Permitted-Cross-Domain-Policies:
      - none
      Referrer-Policy:
      - strict-origin-when-cross-origin
      Content-Type:
      - application/json; charset=utf-8
      Vary:
      - Accept
      Etag:
      - W/"af5df0bbcf8f1c3f7577aa50ded37dc6"
      Cache-Control:
      - max-age=0, private, must-revalidate
      X-Request-Id:
      - bee3342b-e11c-4fdb-91c6-2f4c07a36172
      X-Runtime:
      - '0.006343'
      Server-Timing:
      - start_processing.action_controller;dur=0.00, sql.active_record;dur=0.34, instantiation.active_record;dur=0.02,
        process_action.action_controller;dur=2.03
      Content-Length:
      - '824'
    body:
      encoding: UTF-8
      string: '{"data":{"id":"11","type":"item","attributes":{"name":"Midnight tears","animal_products_cost":0,"cloth_cost":0,"farmed_goods_cost":0,"food_cost":0,"foraged_goods_cost":1,"metal_cost":0,"stone_cost":0,"wood_cost":0,"monster_parts_cost":0},"relationships":{"campaign_items":{"data":[{"id":"11","type":"campaign_item"},{"id":"38","type":"campaign_item"},{"id":"65","type":"campaign_item"},{"id":"92","type":"campaign_item"},{"id":"119","type":"campaign_item"},{"id":"146","type":"campaign_item"},{"id":"173","type":"campaign_item"},{"id":"200","type":"campaign_item"}]},"campaigns":{"data":[{"id":"1","type":"campaign"},{"id":"2","type":"campaign"},{"id":"3","type":"campaign"},{"id":"4","type":"campaign"},{"id":"5","type":"campaign"},{"id":"6","type":"campaign"},{"id":"7","type":"campaign"},{"id":"8","type":"campaign"}]}}}}'
  recorded_at: Fri, 07 Jun 2024 05:53:23 GMT
- request:
    method: get
    uri: http://localhost:3000/api/v1/items/12
    body:
      encoding: US-ASCII
      string: ''
    headers:
      Content-Type:
      - application/json
      User-Agent:
      - Faraday v2.9.0
      Accept-Encoding:
      - gzip;q=1.0,deflate;q=0.6,identity;q=0.3
      Accept:
      - "*/*"
  response:
    status:
      code: 200
      message: OK
    headers:
      X-Frame-Options:
      - SAMEORIGIN
      X-Xss-Protection:
      - '0'
      X-Content-Type-Options:
      - nosniff
      X-Permitted-Cross-Domain-Policies:
      - none
      Referrer-Policy:
      - strict-origin-when-cross-origin
      Content-Type:
      - application/json; charset=utf-8
      Vary:
      - Accept
      Etag:
      - W/"66944f546a3a17f82391ade4fb0d3b09"
      Cache-Control:
      - max-age=0, private, must-revalidate
      X-Request-Id:
      - d357dd4d-9456-44d8-bcfd-d2327cedfc59
      X-Runtime:
      - '0.006523'
      Server-Timing:
      - start_processing.action_controller;dur=0.00, sql.active_record;dur=0.48, instantiation.active_record;dur=0.02,
        process_action.action_controller;dur=2.06
      Content-Length:
      - '823'
    body:
      encoding: UTF-8
      string: '{"data":{"id":"12","type":"item","attributes":{"name":"Serpent venom","animal_products_cost":0,"cloth_cost":0,"farmed_goods_cost":0,"food_cost":0,"foraged_goods_cost":1,"metal_cost":0,"stone_cost":0,"wood_cost":0,"monster_parts_cost":1},"relationships":{"campaign_items":{"data":[{"id":"12","type":"campaign_item"},{"id":"39","type":"campaign_item"},{"id":"66","type":"campaign_item"},{"id":"93","type":"campaign_item"},{"id":"120","type":"campaign_item"},{"id":"147","type":"campaign_item"},{"id":"174","type":"campaign_item"},{"id":"201","type":"campaign_item"}]},"campaigns":{"data":[{"id":"1","type":"campaign"},{"id":"2","type":"campaign"},{"id":"3","type":"campaign"},{"id":"4","type":"campaign"},{"id":"5","type":"campaign"},{"id":"6","type":"campaign"},{"id":"7","type":"campaign"},{"id":"8","type":"campaign"}]}}}}'
  recorded_at: Fri, 07 Jun 2024 05:53:23 GMT
- request:
    method: get
    uri: http://localhost:3000/api/v1/items/13
    body:
      encoding: US-ASCII
      string: ''
    headers:
      Content-Type:
      - application/json
      User-Agent:
      - Faraday v2.9.0
      Accept-Encoding:
      - gzip;q=1.0,deflate;q=0.6,identity;q=0.3
      Accept:
      - "*/*"
  response:
    status:
      code: 200
      message: OK
    headers:
      X-Frame-Options:
      - SAMEORIGIN
      X-Xss-Protection:
      - '0'
      X-Content-Type-Options:
      - nosniff
      X-Permitted-Cross-Domain-Policies:
      - none
      Referrer-Policy:
      - strict-origin-when-cross-origin
      Content-Type:
      - application/json; charset=utf-8
      Vary:
      - Accept
      Etag:
      - W/"583e9a16b22e360f1a870c46f31a3e11"
      Cache-Control:
      - max-age=0, private, must-revalidate
      X-Request-Id:
      - c51c1930-00be-4b2d-9c60-c3518708af71
      X-Runtime:
      - '0.006436'
      Server-Timing:
      - start_processing.action_controller;dur=0.00, sql.active_record;dur=0.38, instantiation.active_record;dur=0.02,
        process_action.action_controller;dur=2.06
      Content-Length:
      - '821'
    body:
      encoding: UTF-8
      string: '{"data":{"id":"13","type":"item","attributes":{"name":"Truth serum","animal_products_cost":0,"cloth_cost":0,"farmed_goods_cost":0,"food_cost":0,"foraged_goods_cost":1,"metal_cost":0,"stone_cost":0,"wood_cost":0,"monster_parts_cost":1},"relationships":{"campaign_items":{"data":[{"id":"13","type":"campaign_item"},{"id":"40","type":"campaign_item"},{"id":"67","type":"campaign_item"},{"id":"94","type":"campaign_item"},{"id":"121","type":"campaign_item"},{"id":"148","type":"campaign_item"},{"id":"175","type":"campaign_item"},{"id":"202","type":"campaign_item"}]},"campaigns":{"data":[{"id":"1","type":"campaign"},{"id":"2","type":"campaign"},{"id":"3","type":"campaign"},{"id":"4","type":"campaign"},{"id":"5","type":"campaign"},{"id":"6","type":"campaign"},{"id":"7","type":"campaign"},{"id":"8","type":"campaign"}]}}}}'
  recorded_at: Fri, 07 Jun 2024 05:53:23 GMT
- request:
    method: get
    uri: http://localhost:3000/api/v1/items/14
    body:
      encoding: US-ASCII
      string: ''
    headers:
      Content-Type:
      - application/json
      User-Agent:
      - Faraday v2.9.0
      Accept-Encoding:
      - gzip;q=1.0,deflate;q=0.6,identity;q=0.3
      Accept:
      - "*/*"
  response:
    status:
      code: 200
      message: OK
    headers:
      X-Frame-Options:
      - SAMEORIGIN
      X-Xss-Protection:
      - '0'
      X-Content-Type-Options:
      - nosniff
      X-Permitted-Cross-Domain-Policies:
      - none
      Referrer-Policy:
      - strict-origin-when-cross-origin
      Content-Type:
      - application/json; charset=utf-8
      Vary:
      - Accept
      Etag:
      - W/"22d4e8fcef464ab1a7fb982c94056ed3"
      Cache-Control:
      - max-age=0, private, must-revalidate
      X-Request-Id:
      - 10c91fab-12ed-438d-ab5f-368e5ab06649
      X-Runtime:
      - '0.007711'
      Server-Timing:
      - start_processing.action_controller;dur=0.00, sql.active_record;dur=0.33, instantiation.active_record;dur=0.02,
        process_action.action_controller;dur=2.95
      Content-Length:
      - '829'
    body:
      encoding: UTF-8
      string: '{"data":{"id":"14","type":"item","attributes":{"name":"Oil of slipperiness","animal_products_cost":0,"cloth_cost":0,"farmed_goods_cost":0,"food_cost":0,"foraged_goods_cost":1,"metal_cost":0,"stone_cost":0,"wood_cost":0,"monster_parts_cost":1},"relationships":{"campaign_items":{"data":[{"id":"14","type":"campaign_item"},{"id":"41","type":"campaign_item"},{"id":"68","type":"campaign_item"},{"id":"95","type":"campaign_item"},{"id":"122","type":"campaign_item"},{"id":"149","type":"campaign_item"},{"id":"176","type":"campaign_item"},{"id":"203","type":"campaign_item"}]},"campaigns":{"data":[{"id":"1","type":"campaign"},{"id":"2","type":"campaign"},{"id":"3","type":"campaign"},{"id":"4","type":"campaign"},{"id":"5","type":"campaign"},{"id":"6","type":"campaign"},{"id":"7","type":"campaign"},{"id":"8","type":"campaign"}]}}}}'
  recorded_at: Fri, 07 Jun 2024 05:53:23 GMT
- request:
    method: get
    uri: http://localhost:3000/api/v1/items/15
    body:
      encoding: US-ASCII
      string: ''
    headers:
      Content-Type:
      - application/json
      User-Agent:
      - Faraday v2.9.0
      Accept-Encoding:
      - gzip;q=1.0,deflate;q=0.6,identity;q=0.3
      Accept:
      - "*/*"
  response:
    status:
      code: 200
      message: OK
    headers:
      X-Frame-Options:
      - SAMEORIGIN
      X-Xss-Protection:
      - '0'
      X-Content-Type-Options:
      - nosniff
      X-Permitted-Cross-Domain-Policies:
      - none
      Referrer-Policy:
      - strict-origin-when-cross-origin
      Content-Type:
      - application/json; charset=utf-8
      Vary:
      - Accept
      Etag:
      - W/"549405df8eb6a1b7dbff12bce3c04866"
      Cache-Control:
      - max-age=0, private, must-revalidate
      X-Request-Id:
      - 4378a5a5-8328-4115-b5a2-a62081badc6e
      X-Runtime:
      - '0.006746'
      Server-Timing:
      - start_processing.action_controller;dur=0.00, sql.active_record;dur=0.45, instantiation.active_record;dur=0.02,
        process_action.action_controller;dur=2.14
      Content-Length:
      - '828'
    body:
      encoding: UTF-8
      string: '{"data":{"id":"15","type":"item","attributes":{"name":"Potion of climbing","animal_products_cost":0,"cloth_cost":0,"farmed_goods_cost":0,"food_cost":0,"foraged_goods_cost":1,"metal_cost":0,"stone_cost":0,"wood_cost":0,"monster_parts_cost":2},"relationships":{"campaign_items":{"data":[{"id":"15","type":"campaign_item"},{"id":"42","type":"campaign_item"},{"id":"69","type":"campaign_item"},{"id":"96","type":"campaign_item"},{"id":"123","type":"campaign_item"},{"id":"150","type":"campaign_item"},{"id":"177","type":"campaign_item"},{"id":"204","type":"campaign_item"}]},"campaigns":{"data":[{"id":"1","type":"campaign"},{"id":"2","type":"campaign"},{"id":"3","type":"campaign"},{"id":"4","type":"campaign"},{"id":"5","type":"campaign"},{"id":"6","type":"campaign"},{"id":"7","type":"campaign"},{"id":"8","type":"campaign"}]}}}}'
  recorded_at: Fri, 07 Jun 2024 05:53:23 GMT
- request:
    method: get
    uri: http://localhost:3000/api/v1/items/16
    body:
      encoding: US-ASCII
      string: ''
    headers:
      Content-Type:
      - application/json
      User-Agent:
      - Faraday v2.9.0
      Accept-Encoding:
      - gzip;q=1.0,deflate;q=0.6,identity;q=0.3
      Accept:
      - "*/*"
  response:
    status:
      code: 200
      message: OK
    headers:
      X-Frame-Options:
      - SAMEORIGIN
      X-Xss-Protection:
      - '0'
      X-Content-Type-Options:
      - nosniff
      X-Permitted-Cross-Domain-Policies:
      - none
      Referrer-Policy:
      - strict-origin-when-cross-origin
      Content-Type:
      - application/json; charset=utf-8
      Vary:
      - Accept
      Etag:
      - W/"c477169f0430479814af9ded257259ae"
      Cache-Control:
      - max-age=0, private, must-revalidate
      X-Request-Id:
      - 9105bb86-39d7-4316-8383-cc1f83d17d27
      X-Runtime:
      - '0.006064'
      Server-Timing:
      - start_processing.action_controller;dur=0.00, sql.active_record;dur=0.37, instantiation.active_record;dur=0.02,
        process_action.action_controller;dur=2.09
      Content-Length:
      - '827'
    body:
      encoding: UTF-8
      string: '{"data":{"id":"16","type":"item","attributes":{"name":"Potion of healing","animal_products_cost":0,"cloth_cost":0,"farmed_goods_cost":0,"food_cost":0,"foraged_goods_cost":1,"metal_cost":0,"stone_cost":0,"wood_cost":0,"monster_parts_cost":2},"relationships":{"campaign_items":{"data":[{"id":"16","type":"campaign_item"},{"id":"43","type":"campaign_item"},{"id":"70","type":"campaign_item"},{"id":"97","type":"campaign_item"},{"id":"124","type":"campaign_item"},{"id":"151","type":"campaign_item"},{"id":"178","type":"campaign_item"},{"id":"205","type":"campaign_item"}]},"campaigns":{"data":[{"id":"1","type":"campaign"},{"id":"2","type":"campaign"},{"id":"3","type":"campaign"},{"id":"4","type":"campaign"},{"id":"5","type":"campaign"},{"id":"6","type":"campaign"},{"id":"7","type":"campaign"},{"id":"8","type":"campaign"}]}}}}'
  recorded_at: Fri, 07 Jun 2024 05:53:23 GMT
- request:
    method: get
    uri: http://localhost:3000/api/v1/items/17
    body:
      encoding: US-ASCII
      string: ''
    headers:
      Content-Type:
      - application/json
      User-Agent:
      - Faraday v2.9.0
      Accept-Encoding:
      - gzip;q=1.0,deflate;q=0.6,identity;q=0.3
      Accept:
      - "*/*"
  response:
    status:
      code: 200
      message: OK
    headers:
      X-Frame-Options:
      - SAMEORIGIN
      X-Xss-Protection:
      - '0'
      X-Content-Type-Options:
      - nosniff
      X-Permitted-Cross-Domain-Policies:
      - none
      Referrer-Policy:
      - strict-origin-when-cross-origin
      Content-Type:
      - application/json; charset=utf-8
      Vary:
      - Accept
      Etag:
      - W/"065cbef288bb6c971b74d4e01d9b6d30"
      Cache-Control:
      - max-age=0, private, must-revalidate
      X-Request-Id:
      - ade22599-ee9a-4a63-9637-5a129cc57662
      X-Runtime:
      - '0.006256'
      Server-Timing:
      - start_processing.action_controller;dur=0.00, sql.active_record;dur=0.36, instantiation.active_record;dur=0.02,
        process_action.action_controller;dur=2.08
      Content-Length:
      - '835'
    body:
      encoding: UTF-8
      string: '{"data":{"id":"17","type":"item","attributes":{"name":"Potion of water
        breathing","animal_products_cost":0,"cloth_cost":0,"farmed_goods_cost":0,"food_cost":0,"foraged_goods_cost":1,"metal_cost":0,"stone_cost":0,"wood_cost":0,"monster_parts_cost":2},"relationships":{"campaign_items":{"data":[{"id":"17","type":"campaign_item"},{"id":"44","type":"campaign_item"},{"id":"71","type":"campaign_item"},{"id":"98","type":"campaign_item"},{"id":"125","type":"campaign_item"},{"id":"152","type":"campaign_item"},{"id":"179","type":"campaign_item"},{"id":"206","type":"campaign_item"}]},"campaigns":{"data":[{"id":"1","type":"campaign"},{"id":"2","type":"campaign"},{"id":"3","type":"campaign"},{"id":"4","type":"campaign"},{"id":"5","type":"campaign"},{"id":"6","type":"campaign"},{"id":"7","type":"campaign"},{"id":"8","type":"campaign"}]}}}}'
  recorded_at: Fri, 07 Jun 2024 05:53:23 GMT
- request:
    method: get
    uri: http://localhost:3000/api/v1/items/18
    body:
      encoding: US-ASCII
      string: ''
    headers:
      Content-Type:
      - application/json
      User-Agent:
      - Faraday v2.9.0
      Accept-Encoding:
      - gzip;q=1.0,deflate;q=0.6,identity;q=0.3
      Accept:
      - "*/*"
  response:
    status:
      code: 200
      message: OK
    headers:
      X-Frame-Options:
      - SAMEORIGIN
      X-Xss-Protection:
      - '0'
      X-Content-Type-Options:
      - nosniff
      X-Permitted-Cross-Domain-Policies:
      - none
      Referrer-Policy:
      - strict-origin-when-cross-origin
      Content-Type:
      - application/json; charset=utf-8
      Vary:
      - Accept
      Etag:
      - W/"0a85d1f74a6c76e7e6131a4bea78a2d9"
      Cache-Control:
      - max-age=0, private, must-revalidate
      X-Request-Id:
      - e38b3fc4-6ace-4902-8b5b-9eca5ea9aa73
      X-Runtime:
      - '0.006390'
      Server-Timing:
      - start_processing.action_controller;dur=0.00, sql.active_record;dur=0.36, instantiation.active_record;dur=0.02,
        process_action.action_controller;dur=1.90
      Content-Length:
      - '816'
    body:
      encoding: UTF-8
      string: '{"data":{"id":"18","type":"item","attributes":{"name":"Barge","animal_products_cost":0,"cloth_cost":2,"farmed_goods_cost":0,"food_cost":0,"foraged_goods_cost":0,"metal_cost":0,"stone_cost":0,"wood_cost":10,"monster_parts_cost":0},"relationships":{"campaign_items":{"data":[{"id":"18","type":"campaign_item"},{"id":"45","type":"campaign_item"},{"id":"72","type":"campaign_item"},{"id":"99","type":"campaign_item"},{"id":"126","type":"campaign_item"},{"id":"153","type":"campaign_item"},{"id":"180","type":"campaign_item"},{"id":"207","type":"campaign_item"}]},"campaigns":{"data":[{"id":"1","type":"campaign"},{"id":"2","type":"campaign"},{"id":"3","type":"campaign"},{"id":"4","type":"campaign"},{"id":"5","type":"campaign"},{"id":"6","type":"campaign"},{"id":"7","type":"campaign"},{"id":"8","type":"campaign"}]}}}}'
  recorded_at: Fri, 07 Jun 2024 05:53:23 GMT
- request:
    method: get
    uri: http://localhost:3000/api/v1/items/19
    body:
      encoding: US-ASCII
      string: ''
    headers:
      Content-Type:
      - application/json
      User-Agent:
      - Faraday v2.9.0
      Accept-Encoding:
      - gzip;q=1.0,deflate;q=0.6,identity;q=0.3
      Accept:
      - "*/*"
  response:
    status:
      code: 200
      message: OK
    headers:
      X-Frame-Options:
      - SAMEORIGIN
      X-Xss-Protection:
      - '0'
      X-Content-Type-Options:
      - nosniff
      X-Permitted-Cross-Domain-Policies:
      - none
      Referrer-Policy:
      - strict-origin-when-cross-origin
      Content-Type:
      - application/json; charset=utf-8
      Vary:
      - Accept
      Etag:
      - W/"f1021b539b406095a45a5731dea04050"
      Cache-Control:
      - max-age=0, private, must-revalidate
      X-Request-Id:
      - bf7ef9e6-bfef-4a27-b890-d5282fabba86
      X-Runtime:
      - '0.006289'
      Server-Timing:
      - start_processing.action_controller;dur=0.00, sql.active_record;dur=0.42, instantiation.active_record;dur=0.02,
        process_action.action_controller;dur=1.91
      Content-Length:
      - '818'
    body:
      encoding: UTF-8
      string: '{"data":{"id":"19","type":"item","attributes":{"name":"Coracle","animal_products_cost":0,"cloth_cost":2,"farmed_goods_cost":0,"food_cost":0,"foraged_goods_cost":0,"metal_cost":0,"stone_cost":0,"wood_cost":2,"monster_parts_cost":0},"relationships":{"campaign_items":{"data":[{"id":"19","type":"campaign_item"},{"id":"46","type":"campaign_item"},{"id":"73","type":"campaign_item"},{"id":"100","type":"campaign_item"},{"id":"127","type":"campaign_item"},{"id":"154","type":"campaign_item"},{"id":"181","type":"campaign_item"},{"id":"208","type":"campaign_item"}]},"campaigns":{"data":[{"id":"1","type":"campaign"},{"id":"2","type":"campaign"},{"id":"3","type":"campaign"},{"id":"4","type":"campaign"},{"id":"5","type":"campaign"},{"id":"6","type":"campaign"},{"id":"7","type":"campaign"},{"id":"8","type":"campaign"}]}}}}'
  recorded_at: Fri, 07 Jun 2024 05:53:23 GMT
- request:
    method: get
    uri: http://localhost:3000/api/v1/items/20
    body:
      encoding: US-ASCII
      string: ''
    headers:
      Content-Type:
      - application/json
      User-Agent:
      - Faraday v2.9.0
      Accept-Encoding:
      - gzip;q=1.0,deflate;q=0.6,identity;q=0.3
      Accept:
      - "*/*"
  response:
    status:
      code: 200
      message: OK
    headers:
      X-Frame-Options:
      - SAMEORIGIN
      X-Xss-Protection:
      - '0'
      X-Content-Type-Options:
      - nosniff
      X-Permitted-Cross-Domain-Policies:
      - none
      Referrer-Policy:
      - strict-origin-when-cross-origin
      Content-Type:
      - application/json; charset=utf-8
      Vary:
      - Accept
      Etag:
      - W/"006a48c1df9dbc9d53169e7634ba6ffb"
      Cache-Control:
      - max-age=0, private, must-revalidate
      X-Request-Id:
      - c041b483-4956-4126-98c2-e93c7d395b72
      X-Runtime:
      - '0.006489'
      Server-Timing:
      - start_processing.action_controller;dur=0.00, sql.active_record;dur=0.49, instantiation.active_record;dur=0.02,
        process_action.action_controller;dur=2.00
      Content-Length:
      - '838'
    body:
      encoding: UTF-8
      string: '{"data":{"id":"20","type":"item","attributes":{"name":"Double hulled
        sailing canoe","animal_products_cost":0,"cloth_cost":2,"farmed_goods_cost":0,"food_cost":0,"foraged_goods_cost":0,"metal_cost":0,"stone_cost":0,"wood_cost":7,"monster_parts_cost":0},"relationships":{"campaign_items":{"data":[{"id":"20","type":"campaign_item"},{"id":"47","type":"campaign_item"},{"id":"74","type":"campaign_item"},{"id":"101","type":"campaign_item"},{"id":"128","type":"campaign_item"},{"id":"155","type":"campaign_item"},{"id":"182","type":"campaign_item"},{"id":"209","type":"campaign_item"}]},"campaigns":{"data":[{"id":"1","type":"campaign"},{"id":"2","type":"campaign"},{"id":"3","type":"campaign"},{"id":"4","type":"campaign"},{"id":"5","type":"campaign"},{"id":"6","type":"campaign"},{"id":"7","type":"campaign"},{"id":"8","type":"campaign"}]}}}}'
  recorded_at: Fri, 07 Jun 2024 05:53:23 GMT
- request:
    method: get
    uri: http://localhost:3000/api/v1/items/21
    body:
      encoding: US-ASCII
      string: ''
    headers:
      Content-Type:
      - application/json
      User-Agent:
      - Faraday v2.9.0
      Accept-Encoding:
      - gzip;q=1.0,deflate;q=0.6,identity;q=0.3
      Accept:
      - "*/*"
  response:
    status:
      code: 200
      message: OK
    headers:
      X-Frame-Options:
      - SAMEORIGIN
      X-Xss-Protection:
      - '0'
      X-Content-Type-Options:
      - nosniff
      X-Permitted-Cross-Domain-Policies:
      - none
      Referrer-Policy:
      - strict-origin-when-cross-origin
      Content-Type:
      - application/json; charset=utf-8
      Vary:
      - Accept
      Etag:
      - W/"8c850015a43b719cdc7e075f46c89fac"
      Cache-Control:
      - max-age=0, private, must-revalidate
      X-Request-Id:
      - 13805852-cfbd-49d4-ab76-5b11405413a9
      X-Runtime:
      - '0.006545'
      Server-Timing:
      - start_processing.action_controller;dur=0.00, sql.active_record;dur=0.34, instantiation.active_record;dur=0.02,
        process_action.action_controller;dur=1.93
      Content-Length:
      - '819'
    body:
      encoding: UTF-8
      string: '{"data":{"id":"21","type":"item","attributes":{"name":"Keelboat","animal_products_cost":0,"cloth_cost":2,"farmed_goods_cost":0,"food_cost":0,"foraged_goods_cost":0,"metal_cost":0,"stone_cost":0,"wood_cost":5,"monster_parts_cost":0},"relationships":{"campaign_items":{"data":[{"id":"21","type":"campaign_item"},{"id":"48","type":"campaign_item"},{"id":"75","type":"campaign_item"},{"id":"102","type":"campaign_item"},{"id":"129","type":"campaign_item"},{"id":"156","type":"campaign_item"},{"id":"183","type":"campaign_item"},{"id":"210","type":"campaign_item"}]},"campaigns":{"data":[{"id":"1","type":"campaign"},{"id":"2","type":"campaign"},{"id":"3","type":"campaign"},{"id":"4","type":"campaign"},{"id":"5","type":"campaign"},{"id":"6","type":"campaign"},{"id":"7","type":"campaign"},{"id":"8","type":"campaign"}]}}}}'
  recorded_at: Fri, 07 Jun 2024 05:53:23 GMT
- request:
    method: get
    uri: http://localhost:3000/api/v1/items/22
    body:
      encoding: US-ASCII
      string: ''
    headers:
      Content-Type:
      - application/json
      User-Agent:
      - Faraday v2.9.0
      Accept-Encoding:
      - gzip;q=1.0,deflate;q=0.6,identity;q=0.3
      Accept:
      - "*/*"
  response:
    status:
      code: 200
      message: OK
    headers:
      X-Frame-Options:
      - SAMEORIGIN
      X-Xss-Protection:
      - '0'
      X-Content-Type-Options:
      - nosniff
      X-Permitted-Cross-Domain-Policies:
      - none
      Referrer-Policy:
      - strict-origin-when-cross-origin
      Content-Type:
      - application/json; charset=utf-8
      Vary:
      - Accept
      Etag:
      - W/"67470aa42026b06a44fecf49ab80b0b4"
      Cache-Control:
      - max-age=0, private, must-revalidate
      X-Request-Id:
      - 450355c7-8eb5-406d-a5e4-976e8b42766e
      X-Runtime:
      - '0.006077'
      Server-Timing:
      - start_processing.action_controller;dur=0.00, sql.active_record;dur=0.33, instantiation.active_record;dur=0.02,
        process_action.action_controller;dur=1.97
      Content-Length:
      - '815'
    body:
      encoding: UTF-8
      string: '{"data":{"id":"22","type":"item","attributes":{"name":"Raft","animal_products_cost":0,"cloth_cost":0,"farmed_goods_cost":0,"food_cost":0,"foraged_goods_cost":0,"metal_cost":0,"stone_cost":0,"wood_cost":3,"monster_parts_cost":0},"relationships":{"campaign_items":{"data":[{"id":"22","type":"campaign_item"},{"id":"49","type":"campaign_item"},{"id":"76","type":"campaign_item"},{"id":"103","type":"campaign_item"},{"id":"130","type":"campaign_item"},{"id":"157","type":"campaign_item"},{"id":"184","type":"campaign_item"},{"id":"211","type":"campaign_item"}]},"campaigns":{"data":[{"id":"1","type":"campaign"},{"id":"2","type":"campaign"},{"id":"3","type":"campaign"},{"id":"4","type":"campaign"},{"id":"5","type":"campaign"},{"id":"6","type":"campaign"},{"id":"7","type":"campaign"},{"id":"8","type":"campaign"}]}}}}'
  recorded_at: Fri, 07 Jun 2024 05:53:23 GMT
- request:
    method: get
    uri: http://localhost:3000/api/v1/items/23
    body:
      encoding: US-ASCII
      string: ''
    headers:
      Content-Type:
      - application/json
      User-Agent:
      - Faraday v2.9.0
      Accept-Encoding:
      - gzip;q=1.0,deflate;q=0.6,identity;q=0.3
      Accept:
      - "*/*"
  response:
    status:
      code: 200
      message: OK
    headers:
      X-Frame-Options:
      - SAMEORIGIN
      X-Xss-Protection:
      - '0'
      X-Content-Type-Options:
      - nosniff
      X-Permitted-Cross-Domain-Policies:
      - none
      Referrer-Policy:
      - strict-origin-when-cross-origin
      Content-Type:
      - application/json; charset=utf-8
      Vary:
      - Accept
      Etag:
      - W/"2d261a0ab57c7ddce4b0400069f50bae"
      Cache-Control:
      - max-age=0, private, must-revalidate
      X-Request-Id:
      - d21a255f-abcc-43c7-a42a-f0573db01d8a
      X-Runtime:
      - '0.007228'
      Server-Timing:
      - start_processing.action_controller;dur=0.00, sql.active_record;dur=0.44, instantiation.active_record;dur=0.02,
        process_action.action_controller;dur=1.98
      Content-Length:
      - '838'
    body:
      encoding: UTF-8
      string: '{"data":{"id":"23","type":"item","attributes":{"name":"Single hulled
        sailing canoe","animal_products_cost":0,"cloth_cost":2,"farmed_goods_cost":0,"food_cost":0,"foraged_goods_cost":0,"metal_cost":0,"stone_cost":0,"wood_cost":5,"monster_parts_cost":0},"relationships":{"campaign_items":{"data":[{"id":"23","type":"campaign_item"},{"id":"50","type":"campaign_item"},{"id":"77","type":"campaign_item"},{"id":"104","type":"campaign_item"},{"id":"131","type":"campaign_item"},{"id":"158","type":"campaign_item"},{"id":"185","type":"campaign_item"},{"id":"212","type":"campaign_item"}]},"campaigns":{"data":[{"id":"1","type":"campaign"},{"id":"2","type":"campaign"},{"id":"3","type":"campaign"},{"id":"4","type":"campaign"},{"id":"5","type":"campaign"},{"id":"6","type":"campaign"},{"id":"7","type":"campaign"},{"id":"8","type":"campaign"}]}}}}'
  recorded_at: Fri, 07 Jun 2024 05:53:23 GMT
- request:
    method: get
    uri: http://localhost:3000/api/v1/items/24
    body:
      encoding: US-ASCII
      string: ''
    headers:
      Content-Type:
      - application/json
      User-Agent:
      - Faraday v2.9.0
      Accept-Encoding:
      - gzip;q=1.0,deflate;q=0.6,identity;q=0.3
      Accept:
      - "*/*"
  response:
    status:
      code: 200
      message: OK
    headers:
      X-Frame-Options:
      - SAMEORIGIN
      X-Xss-Protection:
      - '0'
      X-Content-Type-Options:
      - nosniff
      X-Permitted-Cross-Domain-Policies:
      - none
      Referrer-Policy:
      - strict-origin-when-cross-origin
      Content-Type:
      - application/json; charset=utf-8
      Vary:
      - Accept
      Etag:
      - W/"920f63f3f020298ad99b88cb0809f0e5"
      Cache-Control:
      - max-age=0, private, must-revalidate
      X-Request-Id:
      - e21633af-aad5-4db8-8420-12237a8c713f
      X-Runtime:
      - '0.008272'
      Server-Timing:
      - start_processing.action_controller;dur=0.00, sql.active_record;dur=0.45, instantiation.active_record;dur=0.02,
        process_action.action_controller;dur=2.37
      Content-Length:
      - '819'
    body:
      encoding: UTF-8
      string: '{"data":{"id":"24","type":"item","attributes":{"name":"Ballista","animal_products_cost":0,"cloth_cost":0,"farmed_goods_cost":0,"food_cost":0,"foraged_goods_cost":0,"metal_cost":0,"stone_cost":0,"wood_cost":3,"monster_parts_cost":0},"relationships":{"campaign_items":{"data":[{"id":"24","type":"campaign_item"},{"id":"51","type":"campaign_item"},{"id":"78","type":"campaign_item"},{"id":"105","type":"campaign_item"},{"id":"132","type":"campaign_item"},{"id":"159","type":"campaign_item"},{"id":"186","type":"campaign_item"},{"id":"213","type":"campaign_item"}]},"campaigns":{"data":[{"id":"1","type":"campaign"},{"id":"2","type":"campaign"},{"id":"3","type":"campaign"},{"id":"4","type":"campaign"},{"id":"5","type":"campaign"},{"id":"6","type":"campaign"},{"id":"7","type":"campaign"},{"id":"8","type":"campaign"}]}}}}'
  recorded_at: Fri, 07 Jun 2024 05:53:23 GMT
- request:
    method: get
    uri: http://localhost:3000/api/v1/items/25
    body:
      encoding: US-ASCII
      string: ''
    headers:
      Content-Type:
      - application/json
      User-Agent:
      - Faraday v2.9.0
      Accept-Encoding:
      - gzip;q=1.0,deflate;q=0.6,identity;q=0.3
      Accept:
      - "*/*"
  response:
    status:
      code: 200
      message: OK
    headers:
      X-Frame-Options:
      - SAMEORIGIN
      X-Xss-Protection:
      - '0'
      X-Content-Type-Options:
      - nosniff
      X-Permitted-Cross-Domain-Policies:
      - none
      Referrer-Policy:
      - strict-origin-when-cross-origin
      Content-Type:
      - application/json; charset=utf-8
      Vary:
      - Accept
      Etag:
      - W/"88f06c315e85a6f19b16e1ba2949d4ce"
      Cache-Control:
      - max-age=0, private, must-revalidate
      X-Request-Id:
      - 700c8b93-ec54-45ec-a79e-7d2164529d8a
      X-Runtime:
      - '0.007353'
      Server-Timing:
      - start_processing.action_controller;dur=0.00, sql.active_record;dur=0.60, instantiation.active_record;dur=0.02,
        process_action.action_controller;dur=2.62
      Content-Length:
      - '816'
    body:
      encoding: UTF-8
      string: '{"data":{"id":"25","type":"item","attributes":{"name":"Cabin","animal_products_cost":0,"cloth_cost":0,"farmed_goods_cost":2,"food_cost":0,"foraged_goods_cost":0,"metal_cost":0,"stone_cost":0,"wood_cost":7,"monster_parts_cost":0},"relationships":{"campaign_items":{"data":[{"id":"25","type":"campaign_item"},{"id":"52","type":"campaign_item"},{"id":"79","type":"campaign_item"},{"id":"106","type":"campaign_item"},{"id":"133","type":"campaign_item"},{"id":"160","type":"campaign_item"},{"id":"187","type":"campaign_item"},{"id":"214","type":"campaign_item"}]},"campaigns":{"data":[{"id":"1","type":"campaign"},{"id":"2","type":"campaign"},{"id":"3","type":"campaign"},{"id":"4","type":"campaign"},{"id":"5","type":"campaign"},{"id":"6","type":"campaign"},{"id":"7","type":"campaign"},{"id":"8","type":"campaign"}]}}}}'
  recorded_at: Fri, 07 Jun 2024 05:53:23 GMT
- request:
    method: get
    uri: http://localhost:3000/api/v1/items/26
    body:
      encoding: US-ASCII
      string: ''
    headers:
      Content-Type:
      - application/json
      User-Agent:
      - Faraday v2.9.0
      Accept-Encoding:
      - gzip;q=1.0,deflate;q=0.6,identity;q=0.3
      Accept:
      - "*/*"
  response:
    status:
      code: 200
      message: OK
    headers:
      X-Frame-Options:
      - SAMEORIGIN
      X-Xss-Protection:
      - '0'
      X-Content-Type-Options:
      - nosniff
      X-Permitted-Cross-Domain-Policies:
      - none
      Referrer-Policy:
      - strict-origin-when-cross-origin
      Content-Type:
      - application/json; charset=utf-8
      Vary:
      - Accept
      Etag:
      - W/"ff35acc26c06c62da710628e0e807372"
      Cache-Control:
      - max-age=0, private, must-revalidate
      X-Request-Id:
      - ab6b8d5d-a0fd-4058-8ffb-f2b4590474eb
      X-Runtime:
      - '0.007208'
      Server-Timing:
      - start_processing.action_controller;dur=0.00, sql.active_record;dur=0.39, instantiation.active_record;dur=0.02,
        process_action.action_controller;dur=2.18
      Content-Length:
      - '827'
    body:
      encoding: UTF-8
      string: '{"data":{"id":"26","type":"item","attributes":{"name":"Magical defenses","animal_products_cost":0,"cloth_cost":0,"farmed_goods_cost":0,"food_cost":0,"foraged_goods_cost":0,"metal_cost":0,"stone_cost":9,"wood_cost":3,"monster_parts_cost":0},"relationships":{"campaign_items":{"data":[{"id":"26","type":"campaign_item"},{"id":"53","type":"campaign_item"},{"id":"80","type":"campaign_item"},{"id":"107","type":"campaign_item"},{"id":"134","type":"campaign_item"},{"id":"161","type":"campaign_item"},{"id":"188","type":"campaign_item"},{"id":"215","type":"campaign_item"}]},"campaigns":{"data":[{"id":"1","type":"campaign"},{"id":"2","type":"campaign"},{"id":"3","type":"campaign"},{"id":"4","type":"campaign"},{"id":"5","type":"campaign"},{"id":"6","type":"campaign"},{"id":"7","type":"campaign"},{"id":"8","type":"campaign"}]}}}}'
  recorded_at: Fri, 07 Jun 2024 05:53:23 GMT
- request:
    method: get
    uri: http://localhost:3000/api/v1/items/27
    body:
      encoding: US-ASCII
      string: ''
    headers:
      Content-Type:
      - application/json
      User-Agent:
      - Faraday v2.9.0
      Accept-Encoding:
      - gzip;q=1.0,deflate;q=0.6,identity;q=0.3
      Accept:
      - "*/*"
  response:
    status:
      code: 200
      message: OK
    headers:
      X-Frame-Options:
      - SAMEORIGIN
      X-Xss-Protection:
      - '0'
      X-Content-Type-Options:
      - nosniff
      X-Permitted-Cross-Domain-Policies:
      - none
      Referrer-Policy:
      - strict-origin-when-cross-origin
      Content-Type:
      - application/json; charset=utf-8
      Vary:
      - Accept
      Etag:
      - W/"9cdbe85cb64a9d2d745e0d40400311b1"
      Cache-Control:
      - max-age=0, private, must-revalidate
      X-Request-Id:
      - 196132ea-1320-4aa2-927a-204c6075f2f1
      X-Runtime:
      - '0.006810'
      Server-Timing:
      - start_processing.action_controller;dur=0.00, sql.active_record;dur=0.31, instantiation.active_record;dur=0.02,
        process_action.action_controller;dur=1.95
      Content-Length:
      - '818'
    body:
      encoding: UTF-8
      string: '{"data":{"id":"27","type":"item","attributes":{"name":"Storage","animal_products_cost":0,"cloth_cost":0,"farmed_goods_cost":0,"food_cost":0,"foraged_goods_cost":0,"metal_cost":0,"stone_cost":0,"wood_cost":7,"monster_parts_cost":0},"relationships":{"campaign_items":{"data":[{"id":"27","type":"campaign_item"},{"id":"54","type":"campaign_item"},{"id":"81","type":"campaign_item"},{"id":"108","type":"campaign_item"},{"id":"135","type":"campaign_item"},{"id":"162","type":"campaign_item"},{"id":"189","type":"campaign_item"},{"id":"216","type":"campaign_item"}]},"campaigns":{"data":[{"id":"1","type":"campaign"},{"id":"2","type":"campaign"},{"id":"3","type":"campaign"},{"id":"4","type":"campaign"},{"id":"5","type":"campaign"},{"id":"6","type":"campaign"},{"id":"7","type":"campaign"},{"id":"8","type":"campaign"}]}}}}'
  recorded_at: Fri, 07 Jun 2024 05:53:23 GMT
recorded_with: VCR 6.2.0
